<html>
<body>
<pre>
<h1>µVision Build Log</h1>
<h2>Project:</h2>
D:\Work\SweepRobot\Project\MDK\SweepRobot.uvproj
Project File Date:  09/25/2015

<h2>Output:</h2>
Clean started: Project: 'SweepRobot'
   deleting intermediate output files for target 'DB-ROBOT-S1'
Build target 'DB-ROBOT-S1'
assembling startup_stm32f10x_hd.s...
compiling core_cm3.c...
compiling system_stm32f10x.c...
compiling misc.c...
compiling stm32f10x_adc.c...
compiling stm32f10x_bkp.c...
compiling stm32f10x_can.c...
compiling stm32f10x_cec.c...
compiling stm32f10x_crc.c...
compiling stm32f10x_dac.c...
compiling stm32f10x_dbgmcu.c...
compiling stm32f10x_dma.c...
compiling stm32f10x_exti.c...
compiling stm32f10x_flash.c...
compiling stm32f10x_fsmc.c...
compiling stm32f10x_gpio.c...
compiling stm32f10x_i2c.c...
compiling stm32f10x_iwdg.c...
compiling stm32f10x_pwr.c...
compiling stm32f10x_rcc.c...
compiling stm32f10x_rtc.c...
compiling stm32f10x_sdio.c...
compiling stm32f10x_spi.c...
compiling stm32f10x_tim.c...
compiling stm32f10x_usart.c...
compiling stm32f10x_wwdg.c...
compiling main.c...
compiling SweepRobot.c...
..\..\User\APP\SweepRobot.c(238): warning:  #177-D: label "STARTUP_FAIL_ON_WF_AT" was declared but never referenced
..\..\User\APP\SweepRobot.c:   STARTUP_FAIL_ON_WF_AT:
..\..\User\APP\SweepRobot.c:   ^
..\..\User\APP\SweepRobot.c: ..\..\User\APP\SweepRobot.c: 1 warning, 0 errors
compiling BatteryManage.c...
compiling Buzzer.c...
compiling IrDA.c...
compiling Measurement.c...
..\..\User\BSP\src\Measurement.c(138): warning:  #1-D: last line of file ends without a newline
..\..\User\BSP\src\Measurement.c:   }
..\..\User\BSP\src\Measurement.c:    ^
..\..\User\BSP\src\Measurement.c: ..\..\User\BSP\src\Measurement.c: 1 warning, 0 errors
compiling MotorCtrl.c...
compiling PWM.c...
..\..\User\BSP\src\PWM.c(213): warning:  #1-D: last line of file ends without a newline
..\..\User\BSP\src\PWM.c:   }
..\..\User\BSP\src\PWM.c:    ^
..\..\User\BSP\src\PWM.c: ..\..\User\BSP\src\PWM.c: 1 warning, 0 errors
compiling RTC.c...
..\..\User\BSP\src\RTC.c(71): warning:  #550-D: variable "THH" was set but never used
..\..\User\BSP\src\RTC.c:       u32 THH = 0, TMM = 0, TSS = 0;
..\..\User\BSP\src\RTC.c:           ^
..\..\User\BSP\src\RTC.c(71): warning:  #550-D: variable "TMM" was set but never used
..\..\User\BSP\src\RTC.c:       u32 THH = 0, TMM = 0, TSS = 0;
..\..\User\BSP\src\RTC.c:                    ^
..\..\User\BSP\src\RTC.c(71): warning:  #550-D: variable "TSS" was set but never used
..\..\User\BSP\src\RTC.c:       u32 THH = 0, TMM = 0, TSS = 0;
..\..\User\BSP\src\RTC.c:                             ^
..\..\User\BSP\src\RTC.c: ..\..\User\BSP\src\RTC.c: 3 warnings, 0 errors
compiling delay.c...
compiling PwrManagement.c...
compiling CtrlPanel.c...
compiling key.c...
compiling MotionCtrl.c...
compiling MsgQueue.c...
compiling stm32f10x_it.c...
linking...
Program Size: Code=32072 RO-data=660 RW-data=236 ZI-data=2564  
FromELF: creating hex file...
".\obj\DB-ROBOT-S1.axf" - 0 Error(s), 6 Warning(s).
