ARM Linker, 4.1 [Build 481] [Standard]

==============================================================================

Section Cross References

    startup_stm32f10x_hd.o(STACK) refers (Special) to heapauxi.o(.text) for __use_two_region_memory
    startup_stm32f10x_hd.o(HEAP) refers (Special) to heapauxi.o(.text) for __use_two_region_memory
    startup_stm32f10x_hd.o(RESET) refers (Special) to heapauxi.o(.text) for __use_two_region_memory
    startup_stm32f10x_hd.o(RESET) refers to startup_stm32f10x_hd.o(STACK) for __initial_sp
    startup_stm32f10x_hd.o(RESET) refers to startup_stm32f10x_hd.o(.text) for Reset_Handler
    startup_stm32f10x_hd.o(RESET) refers to stm32f10x_it.o(.text) for NMI_Handler
    startup_stm32f10x_hd.o(.text) refers (Special) to heapauxi.o(.text) for __use_two_region_memory
    startup_stm32f10x_hd.o(.text) refers to system_stm32f10x.o(.text) for SystemInit
    startup_stm32f10x_hd.o(.text) refers to __main.o(!!!main) for __main
    startup_stm32f10x_hd.o(.text) refers to startup_stm32f10x_hd.o(HEAP) for Heap_Mem
    startup_stm32f10x_hd.o(.text) refers to startup_stm32f10x_hd.o(STACK) for Stack_Mem
    system_stm32f10x.o(.text) refers to system_stm32f10x.o(.data) for SystemCoreClock
    stm32f10x_adc.o(.text) refers to stm32f10x_rcc.o(.text) for RCC_APB2PeriphResetCmd
    stm32f10x_bkp.o(.text) refers to stm32f10x_rcc.o(.text) for RCC_BackupResetCmd
    stm32f10x_can.o(.text) refers to stm32f10x_rcc.o(.text) for RCC_APB1PeriphResetCmd
    stm32f10x_cec.o(.text) refers to stm32f10x_rcc.o(.text) for RCC_APB1PeriphResetCmd
    stm32f10x_dac.o(.text) refers to stm32f10x_rcc.o(.text) for RCC_APB1PeriphResetCmd
    stm32f10x_gpio.o(.text) refers to stm32f10x_rcc.o(.text) for RCC_APB2PeriphResetCmd
    stm32f10x_i2c.o(.text) refers to stm32f10x_rcc.o(.text) for RCC_APB1PeriphResetCmd
    stm32f10x_pwr.o(.text) refers to stm32f10x_rcc.o(.text) for RCC_APB1PeriphResetCmd
    stm32f10x_rcc.o(.text) refers to stm32f10x_rcc.o(.data) for APBAHBPrescTable
    stm32f10x_spi.o(.text) refers to stm32f10x_rcc.o(.text) for RCC_APB2PeriphResetCmd
    stm32f10x_tim.o(.text) refers to stm32f10x_rcc.o(.text) for RCC_APB2PeriphResetCmd
    stm32f10x_usart.o(.text) refers to stm32f10x_rcc.o(.text) for RCC_APB2PeriphResetCmd
    stm32f10x_wwdg.o(.text) refers to stm32f10x_rcc.o(.text) for RCC_APB1PeriphResetCmd
    main.o(.text) refers to misc.o(.text) for SysTick_CLKSourceConfig
    main.o(.text) refers to sweeprobot.o(.text) for SweepRobot_Init
    sweeprobot.o(.text) refers to pwrmanagement.o(.text) for PM_Init
    sweeprobot.o(.text) refers to rtc.o(.text) for RTC_Init
    sweeprobot.o(.text) refers to msgqueue.o(.text) for MsgQueue_Create
    sweeprobot.o(.text) refers to measurement.o(.text) for Meas_Init
    sweeprobot.o(.text) refers to pwm.o(.text) for PWM_ControllerInit
    sweeprobot.o(.text) refers to batterymanage.o(.text) for BM_Init
    sweeprobot.o(.text) refers to buzzer.o(.text) for Buzzer_Init
    sweeprobot.o(.text) refers to motorctrl.o(.text) for MotorCtrl_Init
    sweeprobot.o(.text) refers to motionctrl.o(.text) for MotionCtrl_Init
    sweeprobot.o(.text) refers to ctrlpanel.o(.text) for CtrlPanel_Init
    sweeprobot.o(.text) refers to irda.o(.text) for IrDA_Init
    sweeprobot.o(.text) refers to stm32f10x_it.o(.text) for plat_int_reg_cb
    sweeprobot.o(.text) refers to stm32f10x_tim.o(.text) for TIM_SetCounter
    sweeprobot.o(.text) refers to sweeprobot.o(.data) for RobotPlanFlag
    sweeprobot.o(.text) refers to measurement.o(.bss) for ADCConvertedLSB
    sweeprobot.o(.text) refers to sweeprobot.o(.constdata) for STARTUP_SEQ_DELAY_TIME
    sweeprobot.o(.text) refers to sweeprobot.o(.bss) for RobotHomingData
    sweeprobot.o(.text) refers to motionctrl.o(.data) for gActSeqDepLIndicator
    sweeprobot.o(.text) refers to pwrmanagement.o(.data) for gSystemIdleCnt
    batterymanage.o(.text) refers to pwm.o(.text) for PWM_DutyCycleSet
    batterymanage.o(.text) refers to ctrlpanel.o(.text) for CtrlPanel_LEDCtrl
    batterymanage.o(.text) refers to stm32f10x_gpio.o(.text) for GPIO_ReadInputDataBit
    batterymanage.o(.text) refers to sweeprobot.o(.text) for SweepRobot_SendMsg
    batterymanage.o(.text) refers to fflt_clz.o(x$fpl$ffltu) for __aeabi_ui2f
    batterymanage.o(.text) refers to fdiv.o(x$fpl$fdiv) for __aeabi_fdiv
    batterymanage.o(.text) refers to fmul.o(x$fpl$fmul) for __aeabi_fmul
    batterymanage.o(.text) refers to ffixu.o(x$fpl$ffixu) for __aeabi_f2uiz
    batterymanage.o(.text) refers to batterymanage.o(.data) for BM_ChargeFlag
    batterymanage.o(.text) refers to batterymanage.o(.bss) for TempADC
    batterymanage.o(.text) refers to measurement.o(.bss) for ADCConvertedLSB
    batterymanage.o(.text) refers to stm32f10x_rcc.o(.text) for RCC_APB2PeriphClockCmd
    batterymanage.o(.text) refers to misc.o(.text) for NVIC_Init
    batterymanage.o(.text) refers to stm32f10x_tim.o(.text) for TIM_DeInit
[...]
    gDeltaWheelCnt                           0x200000ae   Data           6  motionctrl.o(.data)
    gCurLWheelSpeed                          0x200000b4   Data           1  motionctrl.o(.data)
    gCurRWheelSpeed                          0x200000b5   Data           1  motionctrl.o(.data)
    gLastPathFault                           0x200000b6   Data           1  motionctrl.o(.data)
    gConsecutivePathFaultCnt                 0x200000b7   Data           1  motionctrl.o(.data)
    gPathFaultProcEdgeModeCnt                0x200000b8   Data           1  motionctrl.o(.data)
    gSpotModeAngleCnt                        0x200000ba   Data           2  motionctrl.o(.data)
    gSpotModeCircleCnt                       0x200000bc   Data           2  motionctrl.o(.data)
    gPathFaultProcMode                       0x200000be   Data           1  motionctrl.o(.data)
    gLastPathCondSLDiff                      0x200000c0   Data           2  motionctrl.o(.data)
    gLastPathCondSRDiff                      0x200000c2   Data           2  motionctrl.o(.data)
    gCurPathCondSLDiff                       0x200000c4   Data           2  motionctrl.o(.data)
    gCurPathCondSRDiff                       0x200000c6   Data           2  motionctrl.o(.data)
    gEdgeModeAngleCnt                        0x200000c8   Data           2  motionctrl.o(.data)
    gtmpCnt                                  0x200000ce   Data           2  motionctrl.o(.data)
    gPathCondMap                             0x200000d0   Data           4  motionctrl.o(.data)
    gLastExceptionMask                       0x200000d4   Data           1  motionctrl.o(.data)
    gExceptionMask                           0x200000d5   Data           1  motionctrl.o(.data)
    gIsExceptionHandling                     0x200000d6   Data           1  motionctrl.o(.data)
    gUniversalWheelActiveVal                 0x200000d8   Data           2  motionctrl.o(.data)
    gUniversalWheelActiveValLast             0x200000da   Data           2  motionctrl.o(.data)
    gUniveralWheelDetectPeriodCnt            0x200000dc   Data           2  motionctrl.o(.data)
    .data                                    0x200000e0   Section        4  stdio_streams.o(.data)
    .data                                    0x200000e4   Section        4  stdio_streams.o(.data)
    .data                                    0x200000e8   Section        4  stdio_streams.o(.data)
    .bss                                     0x200000ec   Section       20  sweeprobot.o(.bss)
    RobotHomingData                          0x200000ec   Data          20  sweeprobot.o(.bss)
    .bss                                     0x20000100   Section       32  batterymanage.o(.bss)
    TempADC                                  0x20000100   Data          20  batterymanage.o(.bss)
    Msg                                      0x20000114   Data          12  batterymanage.o(.bss)
    .bss                                     0x20000120   Section       30  irda.o(.bss)
    PulsTimeS                                0x20000120   Data          10  irda.o(.bss)
    PulsTimeE                                0x2000012a   Data          10  irda.o(.bss)
    PulsLen                                  0x20000134   Data          10  irda.o(.bss)
    .bss                                     0x2000013e   Section       28  measurement.o(.bss)
    .bss                                     0x2000015c   Section      264  motionctrl.o(.bss)
    gIFRDTxOffRxVal                          0x2000024c   Data          12  motionctrl.o(.bss)
    gMsg                                     0x20000258   Data          12  motionctrl.o(.bss)
    .bss                                     0x20000264   Section      316  stm32f10x_it.o(.bss)
    stm32f10x_int_cb_tbl                     0x20000264   Data         316  stm32f10x_it.o(.bss)
    .bss                                     0x200003a0   Section       80  stdio_streams.o(.bss)
    .bss                                     0x200003f0   Section       80  stdio_streams.o(.bss)
    .bss                                     0x20000440   Section       80  stdio_streams.o(.bss)
    .bss                                     0x20000490   Section       96  libspace.o(.bss)
    HEAP                                     0x200004f0   Section      512  startup_stm32f10x_hd.o(HEAP)
    Heap_Mem                                 0x200004f0   Data         512  startup_stm32f10x_hd.o(HEAP)
    STACK                                    0x200006f0   Section     1024  startup_stm32f10x_hd.o(STACK)
    Stack_Mem                                0x200006f0   Data        1024  startup_stm32f10x_hd.o(STACK)
    __initial_sp                             0x20000af0   Data           0  startup_stm32f10x_hd.o(STACK)

    Global Symbols

    Symbol Name                              Value     Ov Type        Size  Object(Section)

    BuildAttributes$$THM_ISAv4$P$D$K$B$S$PE$A:L22UL41UL21$X:L11$S22US41US21$IEEE1$IW$USESV6$~STKCKD$USESV7$~SHL$OTIME$ROPI$EBA8$UX$STANDARDLIB$REQ8$PRES8$EABIv2 0x00000000   Number         0  anon$$obj.o ABSOLUTE
    __ARM_use_no_argv                        0x00000000   Number         0  main.o ABSOLUTE
    __ARM_exceptions_init                     - Undefined Weak Reference
    __alloca_initialize                       - Undefined Weak Reference
    __cpp_initialize__aeabi_                  - Undefined Weak Reference
    __cxa_finalize                            - Undefined Weak Reference
    __rt_locale                               - Undefined Weak Reference
    __sigvec_lookup                           - Undefined Weak Reference
    __user_heap_extent                        - Undefined Weak Reference
    _atexit_init                              - Undefined Weak Reference
    _call_atexit_fns                          - Undefined Weak Reference
    _clock_init                               - Undefined Weak Reference
    _fp_trap_init                             - Undefined Weak Reference
    _fp_trap_shutdown                         - Undefined Weak Reference
    _get_lc_collate                           - Undefined Weak Reference
    _get_lc_ctype                             - Undefined Weak Reference
    _get_lc_monetary                          - Undefined Weak Reference
    _get_lc_numeric                           - Undefined Weak Reference
    _get_lc_time                              - Undefined Weak Reference
    _getenv_init                              - Undefined Weak Reference
    _handle_redirection                       - Undefined Weak Reference
    _mutex_acquire                            - Undefined Weak Reference
    _mutex_free                               - Undefined Weak Reference
    _mutex_release                            - Undefined Weak Reference
    _printf_post_padding                      - Undefined Weak Reference
    _printf_pre_padding                       - Undefined Weak Reference
    _printf_truncate_signed                   - Undefined Weak Reference
    _printf_truncate_unsigned                 - Undefined Weak Reference
    _rand_init                                - Undefined Weak Reference
    _signal_finish                            - Undefined Weak Reference
    _signal_init                              - Undefined Weak Reference
    __Vectors_Size                           0x00000130   Number         0  startup_stm32f10x_hd.o ABSOLUTE
    __Vectors                                0x08000000   Data           4  startup_stm32f10x_hd.o(RESET)
    __Vectors_End                            0x08000130   Data           0  startup_stm32f10x_hd.o(RESET)
    __main                                   0x08000131   Thumb Code     8  __main.o(!!!main)
    __scatterload                            0x08000139   Thumb Code     0  __scatter.o(!!!scatter)
    __scatterload_rt2                        0x08000139   Thumb Code    44  __scatter.o(!!!scatter)
    __scatterload_rt2_thumb_only             0x08000139   Thumb Code     0  __scatter.o(!!!scatter)
    __scatterload_null                       0x08000147   Thumb Code     0  __scatter.o(!!!scatter)
    __scatterload_copy                       0x0800016d   Thumb Code    26  __scatter_copy.o(!!handler_copy)
    __scatterload_zeroinit                   0x08000189   Thumb Code    28  __scatter_zi.o(!!handler_zi)
    _printf_d                                0x080001a5   Thumb Code     0  _printf_d.o(.ARM.Collect$$_printf_percent$$00000009)
    _printf_percent                          0x080001a5   Thumb Code     0  _printf_percent.o(.ARM.Collect$$_printf_percent$$00000000)
    _printf_percent_end                      0x080001ab   Thumb Code     0  _printf_percent_end.o(.ARM.Collect$$_printf_percent$$00000017)
    __rt_lib_init                            0x080001af   Thumb Code     0  libinit.o(.ARM.Collect$$libinit$$00000000)
    __rt_lib_init_heap_2                     0x080001b5   Thumb Code     0  libinit2.o(.ARM.Collect$$libinit$$00000001)
    __rt_lib_init_atexit_1                   0x080001bd   Thumb Code     0  libinit2.o(.ARM.Collect$$libinit$$00000017)
    __rt_lib_init_clock_1                    0x080001bd   Thumb Code     0  libinit2.o(.ARM.Collect$$libinit$$0000001D)
    __rt_lib_init_fp_trap_1                  0x080001bd   Thumb Code     0  libinit2.o(.ARM.Collect$$libinit$$0000001B)
    __rt_lib_init_getenv_1                   0x080001bd   Thumb Code     0  libinit2.o(.ARM.Collect$$libinit$$0000001F)
    __rt_lib_init_heap_1                     0x080001bd   Thumb Code     0  libinit2.o(.ARM.Collect$$libinit$$00000006)
    __rt_lib_init_lc_collate_1               0x080001bd   Thumb Code     0  libinit2.o(.ARM.Collect$$libinit$$0000000D)
    __rt_lib_init_lc_ctype_1                 0x080001bd   Thumb Code     0  libinit2.o(.ARM.Collect$$libinit$$0000000F)
    __rt_lib_init_lc_monetary_1              0x080001bd   Thumb Code     0  libinit2.o(.ARM.Collect$$libinit$$00000011)
    __rt_lib_init_lc_numeric_1               0x080001bd   Thumb Code     0  libinit2.o(.ARM.Collect$$libinit$$00000013)
    __rt_lib_init_lc_time_1                  0x080001bd   Thumb Code     0  libinit2.o(.ARM.Collect$$libinit$$00000015)
    __rt_lib_init_rand_1                     0x080001bd   Thumb Code     0  libinit2.o(.ARM.Collect$$libinit$$0000000A)
    __rt_lib_init_signal_1                   0x080001bd   Thumb Code     0  libinit2.o(.ARM.Collect$$libinit$$00000019)
    __rt_lib_init_stdio_2                    0x080001bd   Thumb Code     0  libinit2.o(.ARM.Collect$$libinit$$00000020)
    __rt_lib_init_user_alloc_1               0x080001bd   Thumb Code     0  libinit2.o(.ARM.Collect$$libinit$$00000008)
    __rt_lib_init_alloca_1                   0x080001c1   Thumb Code     0  libinit2.o(.ARM.Collect$$libinit$$0000002A)
    __rt_lib_init_argv_1                     0x080001c1   Thumb Code     0  libinit2.o(.ARM.Collect$$libinit$$00000028)
    __rt_lib_init_cpp_1                      0x080001c1   Thumb Code     0  libinit2.o(.ARM.Collect$$libinit$$0000002E)
    __rt_lib_init_exceptions_1               0x080001c1   Thumb Code     0  libinit2.o(.ARM.Collect$$libinit$$0000002C)
    __rt_lib_init_return                     0x080001c1   Thumb Code     0  libinit2.o(.ARM.Collect$$libinit$$0000002F)
    __rt_lib_init_stdio_1                    0x080001c1   Thumb Code     0  libinit2.o(.ARM.Collect$$libinit$$00000021)
    __rt_lib_shutdown                        0x080001c3   Thumb Code     0  libshutdown.o(.ARM.Collect$$libshutdown$$00000000)
    __rt_lib_shutdown_stdio_2                0x080001c5   Thumb Code     0  libshutdown2.o(.ARM.Collect$$libshutdown$$00000002)
    __rt_lib_shutdown_fp_trap_1              0x080001c9   Thumb Code     0  libshutdown2.o(.ARM.Collect$$libshutdown$$00000006)
    __rt_lib_shutdown_heap_1                 0x080001c9   Thumb Code     0  libshutdown2.o(.ARM.Collect$$libshutdown$$0000000E)
    __rt_lib_shutdown_return                 0x080001c9   Thumb Code     0  libshutdown2.o(.ARM.Collect$$libshutdown$$0000000F)
    __rt_lib_shutdown_signal_1               0x080001c9   Thumb Code     0  libshutdown2.o(.ARM.Collect$$libshutdown$$00000009)
    __rt_lib_shutdown_stdio_1                0x080001c9   Thumb Code     0  libshutdown2.o(.ARM.Collect$$libshutdown$$00000003)
    __rt_lib_shutdown_user_alloc_1           0x080001c9   Thumb Code     0  libshutdown2.o(.ARM.Collect$$libshutdown$$0000000B)
    __rt_entry                               0x080001cb   Thumb Code     0  rtentry.o(.ARM.Collect$$rtentry$$00000000)
    __rt_entry_presh_1                       0x080001cb   Thumb Code     0  rtentry2.o(.ARM.Collect$$rtentry$$00000002)
    __rt_entry_sh                            0x080001cb   Thumb Code     0  rtentry4.o(.ARM.Collect$$rtentry$$00000004)
    __rt_entry_li                            0x080001d1   Thumb Code     0  rtentry2.o(.ARM.Collect$$rtentry$$0000000A)
    __rt_entry_postsh_1                      0x080001d1   Thumb Code     0  rtentry2.o(.ARM.Collect$$rtentry$$00000009)
    __rt_entry_main                          0x080001d5   Thumb Code     0  rtentry2.o(.ARM.Collect$$rtentry$$0000000D)
    __rt_entry_postli_1                      0x080001d5   Thumb Code     0  rtentry2.o(.ARM.Collect$$rtentry$$0000000C)
    __rt_exit                                0x080001dd   Thumb Code     0  rtexit.o(.ARM.Collect$$rtexit$$00000000)
    __rt_exit_ls                             0x080001df   Thumb Code     0  rtexit2.o(.ARM.Collect$$rtexit$$00000003)
    __rt_exit_prels_1                        0x080001df   Thumb Code     0  rtexit2.o(.ARM.Collect$$rtexit$$00000002)
    __rt_exit_exit                           0x080001e3   Thumb Code     0  rtexit2.o(.ARM.Collect$$rtexit$$00000004)
    Reset_Handler                            0x080001e9   Thumb Code     8  startup_stm32f10x_hd.o(.text)
    _maybe_terminate_alloc                   0x080001e9   Thumb Code     0  maybetermalloc1.o(.emb_text)
    ADC1_2_IRQHandler                        0x08000203   Thumb Code     0  startup_stm32f10x_hd.o(.text)
    ADC3_IRQHandler                          0x08000203   Thumb Code     0  startup_stm32f10x_hd.o(.text)
    CAN1_RX1_IRQHandler                      0x08000203   Thumb Code     0  startup_stm32f10x_hd.o(.text)
    CAN1_SCE_IRQHandler                      0x08000203   Thumb Code     0  startup_stm32f10x_hd.o(.text)
    DMA1_Channel1_IRQHandler                 0x08000203   Thumb Code     0  startup_stm32f10x_hd.o(.text)
    DMA1_Channel2_IRQHandler                 0x08000203   Thumb Code     0  startup_stm32f10x_hd.o(.text)
    DMA1_Channel3_IRQHandler                 0x08000203   Thumb Code     0  startup_stm32f10x_hd.o(.text)
    DMA1_Channel4_IRQHandler                 0x08000203   Thumb Code     0  startup_stm32f10x_hd.o(.text)
    DMA1_Channel5_IRQHandler                 0x08000203   Thumb Code     0  startup_stm32f10x_hd.o(.text)
    DMA1_Channel6_IRQHandler                 0x08000203   Thumb Code     0  startup_stm32f10x_hd.o(.text)
    DMA1_Channel7_IRQHandler                 0x08000203   Thumb Code     0  startup_stm32f10x_hd.o(.text)
    DMA2_Channel1_IRQHandler                 0x08000203   Thumb Code     0  startup_stm32f10x_hd.o(.text)
    DMA2_Channel2_IRQHandler                 0x08000203   Thumb Code     0  startup_stm32f10x_hd.o(.text)
    DMA2_Channel3_IRQHandler                 0x08000203   Thumb Code     0  startup_stm32f10x_hd.o(.text)
    DMA2_Channel4_5_IRQHandler               0x08000203   Thumb Code     0  startup_stm32f10x_hd.o(.text)
    FLASH_IRQHandler                         0x08000203   Thumb Code     0  startup_stm32f10x_hd.o(.text)
    FSMC_IRQHandler                          0x08000203   Thumb Code     0  startup_stm32f10x_hd.o(.text)
    I2C1_ER_IRQHandler                       0x08000203   Thumb Code     0  startup_stm32f10x_hd.o(.text)
    I2C1_EV_IRQHandler                       0x08000203   Thumb Code     0  startup_stm32f10x_hd.o(.text)
    I2C2_ER_IRQHandler                       0x08000203   Thumb Code     0  startup_stm32f10x_hd.o(.text)
    I2C2_EV_IRQHandler                       0x08000203   Thumb Code     0  startup_stm32f10x_hd.o(.text)
    PVD_IRQHandler                           0x08000203   Thumb Code     0  startup_stm32f10x_hd.o(.text)
    RCC_IRQHandler                           0x08000203   Thumb Code     0  startup_stm32f10x_hd.o(.text)
    RTCAlarm_IRQHandler                      0x08000203   Thumb Code     0  startup_stm32f10x_hd.o(.text)
    SDIO_IRQHandler                          0x08000203   Thumb Code     0  startup_stm32f10x_hd.o(.text)
    SPI1_IRQHandler                          0x08000203   Thumb Code     0  startup_stm32f10x_hd.o(.text)
    SPI2_IRQHandler                          0x08000203   Thumb Code     0  startup_stm32f10x_hd.o(.text)
    SPI3_IRQHandler                          0x08000203   Thumb Code     0  startup_stm32f10x_hd.o(.text)
    TAMPER_IRQHandler                        0x08000203   Thumb Code     0  startup_stm32f10x_hd.o(.text)
    TIM1_BRK_IRQHandler                      0x08000203   Thumb Code     0  startup_stm32f10x_hd.o(.text)
    TIM1_CC_IRQHandler                       0x08000203   Thumb Code     0  startup_stm32f10x_hd.o(.text)
    TIM1_TRG_COM_IRQHandler                  0x08000203   Thumb Code     0  startup_stm32f10x_hd.o(.text)
    TIM8_BRK_IRQHandler                      0x08000203   Thumb Code     0  startup_stm32f10x_hd.o(.text)
    TIM8_CC_IRQHandler                       0x08000203   Thumb Code     0  startup_stm32f10x_hd.o(.text)
    TIM8_TRG_COM_IRQHandler                  0x08000203   Thumb Code     0  startup_stm32f10x_hd.o(.text)
    TIM8_UP_IRQHandler                       0x08000203   Thumb Code     0  startup_stm32f10x_hd.o(.text)
    UART4_IRQHandler                         0x08000203   Thumb Code     0  startup_stm32f10x_hd.o(.text)
    UART5_IRQHandler                         0x08000203   Thumb Code     0  startup_stm32f10x_hd.o(.text)
    USART3_IRQHandler                        0x08000203   Thumb Code     0  startup_stm32f10x_hd.o(.text)
    USBWakeUp_IRQHandler                     0x08000203   Thumb Code     0  startup_stm32f10x_hd.o(.text)
    USB_HP_CAN1_TX_IRQHandler                0x08000203   Thumb Code     0  startup_stm32f10x_hd.o(.text)
    WWDG_IRQHandler                          0x08000203   Thumb Code     0  startup_stm32f10x_hd.o(.text)
    __user_initial_stackheap                 0x08000205   Thumb Code     0  startup_stm32f10x_hd.o(.text)
    SystemInit                               0x080002f1   Thumb Code    78  system_stm32f10x.o(.text)
    SystemCoreClockUpdate                    0x0800033f   Thumb Code   142  system_stm32f10x.o(.text)
    NVIC_PriorityGroupConfig                 0x080003f1   Thumb Code    10  misc.o(.text)
    NVIC_Init                                0x080003fb   Thumb Code   118  misc.o(.text)
    NVIC_SetVectorTable                      0x08000471   Thumb Code    12  misc.o(.text)
    NVIC_SystemLPConfig                      0x0800047d   Thumb Code    38  misc.o(.text)
    SysTick_CLKSourceConfig                  0x080004a3   Thumb Code    40  misc.o(.text)
    ADC_DeInit                               0x080004e9   Thumb Code    78  stm32f10x_adc.o(.text)
    ADC_Init                                 0x08000537   Thumb Code    70  stm32f10x_adc.o(.text)
    ADC_StructInit                           0x0800057d   Thumb Code    18  stm32f10x_adc.o(.text)
    ADC_Cmd                                  0x0800058f   Thumb Code    22  stm32f10x_adc.o(.text)
    ADC_DMACmd                               0x080005a5   Thumb Code    22  stm32f10x_adc.o(.text)
    ADC_ITConfig                             0x080005bb   Thumb Code    24  stm32f10x_adc.o(.text)
    ADC_ResetCalibration                     0x080005d3   Thumb Code    10  stm32f10x_adc.o(.text)
    ADC_GetResetCalibrationStatus            0x080005dd   Thumb Code    20  stm32f10x_adc.o(.text)
    ADC_StartCalibration                     0x080005f1   Thumb Code    10  stm32f10x_adc.o(.text)
    ADC_GetCalibrationStatus                 0x080005fb   Thumb Code    20  stm32f10x_adc.o(.text)
    ADC_SoftwareStartConvCmd                 0x0800060f   Thumb Code    22  stm32f10x_adc.o(.text)
    ADC_GetSoftwareStartConvStatus           0x08000625   Thumb Code    20  stm32f10x_adc.o(.text)
    ADC_DiscModeChannelCountConfig           0x08000639   Thumb Code    24  stm32f10x_adc.o(.text)
    ADC_DiscModeCmd                          0x08000651   Thumb Code    22  stm32f10x_adc.o(.text)
    ADC_RegularChannelConfig                 0x08000667   Thumb Code   184  stm32f10x_adc.o(.text)
    ADC_ExternalTrigConvCmd                  0x0800071f   Thumb Code    22  stm32f10x_adc.o(.text)
    ADC_GetConversionValue                   0x08000735   Thumb Code     8  stm32f10x_adc.o(.text)
    ADC_GetDualModeConversionValue           0x0800073d   Thumb Code     6  stm32f10x_adc.o(.text)
    ADC_AutoInjectedConvCmd                  0x08000743   Thumb Code    22  stm32f10x_adc.o(.text)
    ADC_InjectedDiscModeCmd                  0x08000759   Thumb Code    22  stm32f10x_adc.o(.text)
    ADC_ExternalTrigInjectedConvConfig       0x0800076f   Thumb Code    16  stm32f10x_adc.o(.text)
    ADC_ExternalTrigInjectedConvCmd          0x0800077f   Thumb Code    22  stm32f10x_adc.o(.text)
    ADC_SoftwareStartInjectedConvCmd         0x08000795   Thumb Code    22  stm32f10x_adc.o(.text)
    ADC_GetSoftwareStartInjectedConvCmdStatus 0x080007ab   Thumb Code    20  stm32f10x_adc.o(.text)
    ADC_InjectedChannelConfig                0x080007bf   Thumb Code   130  stm32f10x_adc.o(.text)
    ADC_InjectedSequencerLengthConfig        0x08000841   Thumb Code    24  stm32f10x_adc.o(.text)
    ADC_SetInjectedOffset                    0x08000859   Thumb Code    12  stm32f10x_adc.o(.text)
    ADC_GetInjectedConversionValue           0x08000865   Thumb Code    18  stm32f10x_adc.o(.text)
    ADC_AnalogWatchdogCmd                    0x08000877   Thumb Code    16  stm32f10x_adc.o(.text)
    ADC_AnalogWatchdogThresholdsConfig       0x08000887   Thumb Code     6  stm32f10x_adc.o(.text)
    ADC_AnalogWatchdogSingleChannelConfig    0x0800088d   Thumb Code    16  stm32f10x_adc.o(.text)
    ADC_TempSensorVrefintCmd                 0x0800089d   Thumb Code    34  stm32f10x_adc.o(.text)
    ADC_GetFlagStatus                        0x080008bf   Thumb Code    54  stm32f10x_adc.o(.text)
    ADC_ClearFlag                            0x080008f5   Thumb Code     6  stm32f10x_adc.o(.text)
    ADC_GetITStatus                          0x080008fb   Thumb Code    36  stm32f10x_adc.o(.text)
    ADC_ClearITPendingBit                    0x0800091f   Thumb Code    10  stm32f10x_adc.o(.text)
    BKP_DeInit                               0x08000929   Thumb Code    16  stm32f10x_bkp.o(.text)
    BKP_TamperPinLevelConfig                 0x08000939   Thumb Code     6  stm32f10x_bkp.o(.text)
    BKP_TamperPinCmd                         0x0800093f   Thumb Code     6  stm32f10x_bkp.o(.text)
    BKP_ITConfig                             0x08000945   Thumb Code     6  stm32f10x_bkp.o(.text)
    BKP_RTCOutputConfig                      0x0800094b   Thumb Code    28  stm32f10x_bkp.o(.text)
    BKP_SetRTCCalibrationValue               0x08000967   Thumb Code    28  stm32f10x_bkp.o(.text)
    BKP_WriteBackupRegister                  0x08000983   Thumb Code    12  stm32f10x_bkp.o(.text)
    BKP_ReadBackupRegister                   0x0800098f   Thumb Code    14  stm32f10x_bkp.o(.text)
    BKP_GetFlagStatus                        0x0800099d   Thumb Code     8  stm32f10x_bkp.o(.text)
    BKP_ClearFlag                            0x080009a5   Thumb Code    16  stm32f10x_bkp.o(.text)
    BKP_GetITStatus                          0x080009b5   Thumb Code     8  stm32f10x_bkp.o(.text)
    BKP_ClearITPendingBit                    0x080009bd   Thumb Code    16  stm32f10x_bkp.o(.text)
    DMA_DeInit                               0x080009ed   Thumb Code   320  stm32f10x_dma.o(.text)
    DMA_Init                                 0x08000b2d   Thumb Code    60  stm32f10x_dma.o(.text)
    DMA_StructInit                           0x08000b69   Thumb Code    26  stm32f10x_dma.o(.text)
    DMA_Cmd                                  0x08000b83   Thumb Code    24  stm32f10x_dma.o(.text)
    DMA_ITConfig                             0x08000b9b   Thumb Code    18  stm32f10x_dma.o(.text)
    DMA_SetCurrDataCounter                   0x08000bad   Thumb Code     4  stm32f10x_dma.o(.text)
    DMA_GetCurrDataCounter                   0x08000bb1   Thumb Code     8  stm32f10x_dma.o(.text)
    DMA_GetFlagStatus                        0x08000bb9   Thumb Code    34  stm32f10x_dma.o(.text)
    DMA_ClearFlag                            0x08000bdb   Thumb Code    18  stm32f10x_dma.o(.text)
    DMA_GetITStatus                          0x08000bed   Thumb Code    34  stm32f10x_dma.o(.text)
    DMA_ClearITPendingBit                    0x08000c0f   Thumb Code    18  stm32f10x_dma.o(.text)
    EXTI_DeInit                              0x08000c35   Thumb Code    30  stm32f10x_exti.o(.text)
    EXTI_Init                                0x08000c53   Thumb Code   160  stm32f10x_exti.o(.text)
    EXTI_StructInit                          0x08000cf3   Thumb Code    16  stm32f10x_exti.o(.text)
    EXTI_GenerateSWInterrupt                 0x08000d03   Thumb Code    16  stm32f10x_exti.o(.text)
    EXTI_GetFlagStatus                       0x08000d13   Thumb Code    20  stm32f10x_exti.o(.text)
    EXTI_ClearFlag                           0x08000d27   Thumb Code     6  stm32f10x_exti.o(.text)
    EXTI_GetITStatus                         0x08000d2d   Thumb Code    34  stm32f10x_exti.o(.text)
    EXTI_ClearITPendingBit                   0x08000d4f   Thumb Code     6  stm32f10x_exti.o(.text)
    GPIO_DeInit                              0x08000d71   Thumb Code   172  stm32f10x_gpio.o(.text)
    GPIO_AFIODeInit                          0x08000e1d   Thumb Code    20  stm32f10x_gpio.o(.text)
    GPIO_Init                                0x08000e31   Thumb Code   274  stm32f10x_gpio.o(.text)
    GPIO_StructInit                          0x08000f43   Thumb Code    16  stm32f10x_gpio.o(.text)
    GPIO_ReadInputDataBit                    0x08000f53   Thumb Code    18  stm32f10x_gpio.o(.text)
    GPIO_ReadInputData                       0x08000f65   Thumb Code     8  stm32f10x_gpio.o(.text)
    GPIO_ReadOutputDataBit                   0x08000f6d   Thumb Code    18  stm32f10x_gpio.o(.text)
    GPIO_ReadOutputData                      0x08000f7f   Thumb Code     8  stm32f10x_gpio.o(.text)
    GPIO_SetBits                             0x08000f87   Thumb Code     4  stm32f10x_gpio.o(.text)
    GPIO_ResetBits                           0x08000f8b   Thumb Code     4  stm32f10x_gpio.o(.text)
    GPIO_WriteBit                            0x08000f8f   Thumb Code    10  stm32f10x_gpio.o(.text)
    GPIO_Write                               0x08000f99   Thumb Code     4  stm32f10x_gpio.o(.text)
    GPIO_PinLockConfig                       0x08000f9d   Thumb Code    18  stm32f10x_gpio.o(.text)
    GPIO_EventOutputConfig                   0x08000faf   Thumb Code    26  stm32f10x_gpio.o(.text)
    GPIO_EventOutputCmd                      0x08000fc9   Thumb Code     6  stm32f10x_gpio.o(.text)
    GPIO_PinRemapConfig                      0x08000fcf   Thumb Code   138  stm32f10x_gpio.o(.text)
    GPIO_EXTILineConfig                      0x08001059   Thumb Code    66  stm32f10x_gpio.o(.text)
    GPIO_ETH_MediaInterfaceConfig            0x0800109b   Thumb Code     6  stm32f10x_gpio.o(.text)
    PWR_DeInit                               0x080010c9   Thumb Code    22  stm32f10x_pwr.o(.text)
    PWR_BackupAccessCmd                      0x080010df   Thumb Code     6  stm32f10x_pwr.o(.text)
    PWR_PVDCmd                               0x080010e5   Thumb Code     6  stm32f10x_pwr.o(.text)
    PWR_PVDLevelConfig                       0x080010eb   Thumb Code    18  stm32f10x_pwr.o(.text)
    PWR_WakeUpPinCmd                         0x080010fd   Thumb Code     6  stm32f10x_pwr.o(.text)
    PWR_EnterSTOPMode                        0x08001103   Thumb Code    62  stm32f10x_pwr.o(.text)
    PWR_EnterSTANDBYMode                     0x08001141   Thumb Code    46  stm32f10x_pwr.o(.text)
    PWR_GetFlagStatus                        0x0800116f   Thumb Code    20  stm32f10x_pwr.o(.text)
    PWR_ClearFlag                            0x08001183   Thumb Code    14  stm32f10x_pwr.o(.text)
    RCC_DeInit                               0x080011a1   Thumb Code    64  stm32f10x_rcc.o(.text)
    RCC_HSEConfig                            0x080011e1   Thumb Code    70  stm32f10x_rcc.o(.text)
    RCC_GetFlagStatus                        0x08001227   Thumb Code    56  stm32f10x_rcc.o(.text)
    RCC_WaitForHSEStartUp                    0x0800125f   Thumb Code    48  stm32f10x_rcc.o(.text)
    RCC_AdjustHSICalibrationValue            0x0800128f   Thumb Code    20  stm32f10x_rcc.o(.text)
    RCC_HSICmd                               0x080012a3   Thumb Code     6  stm32f10x_rcc.o(.text)
    RCC_PLLConfig                            0x080012a9   Thumb Code    24  stm32f10x_rcc.o(.text)
    RCC_PLLCmd                               0x080012c1   Thumb Code     6  stm32f10x_rcc.o(.text)
    RCC_SYSCLKConfig                         0x080012c7   Thumb Code    18  stm32f10x_rcc.o(.text)
    RCC_GetSYSCLKSource                      0x080012d9   Thumb Code    10  stm32f10x_rcc.o(.text)
    RCC_HCLKConfig                           0x080012e3   Thumb Code    18  stm32f10x_rcc.o(.text)
    RCC_PCLK1Config                          0x080012f5   Thumb Code    18  stm32f10x_rcc.o(.text)
    RCC_PCLK2Config                          0x08001307   Thumb Code    20  stm32f10x_rcc.o(.text)
    RCC_ITConfig                             0x0800131b   Thumb Code    30  stm32f10x_rcc.o(.text)
    RCC_USBCLKConfig                         0x08001339   Thumb Code     6  stm32f10x_rcc.o(.text)
    RCC_ADCCLKConfig                         0x0800133f   Thumb Code    18  stm32f10x_rcc.o(.text)
    RCC_LSEConfig                            0x08001351   Thumb Code    44  stm32f10x_rcc.o(.text)
    RCC_LSICmd                               0x0800137d   Thumb Code     6  stm32f10x_rcc.o(.text)
    RCC_RTCCLKConfig                         0x08001383   Thumb Code    12  stm32f10x_rcc.o(.text)
    RCC_RTCCLKCmd                            0x0800138f   Thumb Code     6  stm32f10x_rcc.o(.text)
    RCC_GetClocksFreq                        0x08001395   Thumb Code   192  stm32f10x_rcc.o(.text)
    RCC_AHBPeriphClockCmd                    0x08001455   Thumb Code    26  stm32f10x_rcc.o(.text)
    RCC_APB2PeriphClockCmd                   0x0800146f   Thumb Code    26  stm32f10x_rcc.o(.text)
    RCC_APB1PeriphClockCmd                   0x08001489   Thumb Code    26  stm32f10x_rcc.o(.text)
    RCC_APB2PeriphResetCmd                   0x080014a3   Thumb Code    26  stm32f10x_rcc.o(.text)
    RCC_APB1PeriphResetCmd                   0x080014bd   Thumb Code    26  stm32f10x_rcc.o(.text)
    RCC_BackupResetCmd                       0x080014d7   Thumb Code     6  stm32f10x_rcc.o(.text)
    RCC_ClockSecuritySystemCmd               0x080014dd   Thumb Code     6  stm32f10x_rcc.o(.text)
    RCC_MCOConfig                            0x080014e3   Thumb Code     6  stm32f10x_rcc.o(.text)
    RCC_ClearFlag                            0x080014e9   Thumb Code    14  stm32f10x_rcc.o(.text)
    RCC_GetITStatus                          0x080014f7   Thumb Code    20  stm32f10x_rcc.o(.text)
    RCC_ClearITPendingBit                    0x0800150b   Thumb Code     6  stm32f10x_rcc.o(.text)
    RTC_ITConfig                             0x08001545   Thumb Code    40  stm32f10x_rtc.o(.text)
    RTC_EnterConfigMode                      0x0800156d   Thumb Code    16  stm32f10x_rtc.o(.text)
    RTC_ExitConfigMode                       0x0800157d   Thumb Code    20  stm32f10x_rtc.o(.text)
    RTC_GetCounter                           0x08001591   Thumb Code    42  stm32f10x_rtc.o(.text)
    RTC_SetCounter                           0x080015bb   Thumb Code    26  stm32f10x_rtc.o(.text)
    RTC_SetPrescaler                         0x080015d5   Thumb Code    28  stm32f10x_rtc.o(.text)
    RTC_SetAlarm                             0x080015f1   Thumb Code    26  stm32f10x_rtc.o(.text)
    RTC_GetDivider                           0x0800160b   Thumb Code    26  stm32f10x_rtc.o(.text)
    RTC_WaitForLastTask                      0x08001625   Thumb Code    14  stm32f10x_rtc.o(.text)
    RTC_WaitForSynchro                       0x08001633   Thumb Code    32  stm32f10x_rtc.o(.text)
    RTC_GetFlagStatus                        0x08001653   Thumb Code    20  stm32f10x_rtc.o(.text)
    RTC_ClearFlag                            0x08001667   Thumb Code    22  stm32f10x_rtc.o(.text)
    RTC_GetITStatus                          0x0800167d   Thumb Code    34  stm32f10x_rtc.o(.text)
    RTC_ClearITPendingBit                    0x0800169f   Thumb Code    22  stm32f10x_rtc.o(.text)
    TIM_DeInit                               0x080016d1   Thumb Code   424  stm32f10x_tim.o(.text)
    TIM_TimeBaseInit                         0x08001879   Thumb Code   122  stm32f10x_tim.o(.text)
    TIM_OC1Init                              0x080018f3   Thumb Code   132  stm32f10x_tim.o(.text)
    TIM_OC2Init                              0x08001977   Thumb Code   146  stm32f10x_tim.o(.text)
    TIM_OC3Init                              0x08001a09   Thumb Code   142  stm32f10x_tim.o(.text)
    TIM_OC4Init                              0x08001a97   Thumb Code   172  stm32f10x_tim.o(.text)
    TIM_SetIC4Prescaler                      0x08001b43   Thumb Code    22  stm32f10x_tim.o(.text)
    TIM_SetIC3Prescaler                      0x08001bcf   Thumb Code    18  stm32f10x_tim.o(.text)
    TIM_SetIC2Prescaler                      0x08001c53   Thumb Code    22  stm32f10x_tim.o(.text)
    TIM_SetIC1Prescaler                      0x08001cdf   Thumb Code    18  stm32f10x_tim.o(.text)
    TIM_ICInit                               0x08001d5b   Thumb Code   150  stm32f10x_tim.o(.text)
    TIM_PWMIConfig                           0x08001df1   Thumb Code   124  stm32f10x_tim.o(.text)
    TIM_BDTRConfig                           0x08001e6d   Thumb Code    32  stm32f10x_tim.o(.text)
    TIM_TimeBaseStructInit                   0x08001e8d   Thumb Code    18  stm32f10x_tim.o(.text)
    TIM_OCStructInit                         0x08001e9f   Thumb Code    20  stm32f10x_tim.o(.text)
    TIM_ICStructInit                         0x08001eb3   Thumb Code    18  stm32f10x_tim.o(.text)
    TIM_BDTRStructInit                       0x08001ec5   Thumb Code    18  stm32f10x_tim.o(.text)
    TIM_Cmd                                  0x08001ed7   Thumb Code    24  stm32f10x_tim.o(.text)
    TIM_CtrlPWMOutputs                       0x08001eef   Thumb Code    52  stm32f10x_tim.o(.text)
    TIM_ITConfig                             0x08001f23   Thumb Code    24  stm32f10x_tim.o(.text)
    TIM_GenerateEvent                        0x08001f3b   Thumb Code     4  stm32f10x_tim.o(.text)
    TIM_DMAConfig                            0x08001f3f   Thumb Code    10  stm32f10x_tim.o(.text)
    TIM_DMACmd                               0x08001f49   Thumb Code    24  stm32f10x_tim.o(.text)
    TIM_InternalClockConfig                  0x08001f61   Thumb Code    12  stm32f10x_tim.o(.text)
    TIM_SelectInputTrigger                   0x08001f6d   Thumb Code    18  stm32f10x_tim.o(.text)
    TIM_ITRxExternalClockConfig              0x08001f7f   Thumb Code    24  stm32f10x_tim.o(.text)
    TIM_TIxExternalClockConfig               0x08001f97   Thumb Code    62  stm32f10x_tim.o(.text)
    TIM_ETRConfig                            0x08001fd5   Thumb Code    24  stm32f10x_tim.o(.text)
    TIM_ETRClockMode1Config                  0x08001fed   Thumb Code    54  stm32f10x_tim.o(.text)
    TIM_ETRClockMode2Config                  0x08002023   Thumb Code    32  stm32f10x_tim.o(.text)
    TIM_PrescalerConfig                      0x08002043   Thumb Code     6  stm32f10x_tim.o(.text)
    TIM_CounterModeConfig                    0x08002049   Thumb Code    18  stm32f10x_tim.o(.text)
    TIM_EncoderInterfaceConfig               0x0800205b   Thumb Code    62  stm32f10x_tim.o(.text)
    TIM_ForcedOC1Config                      0x08002099   Thumb Code    18  stm32f10x_tim.o(.text)
    TIM_ForcedOC2Config                      0x080020ab   Thumb Code    22  stm32f10x_tim.o(.text)
    TIM_ForcedOC3Config                      0x080020c1   Thumb Code    18  stm32f10x_tim.o(.text)
    TIM_ForcedOC4Config                      0x080020d3   Thumb Code    22  stm32f10x_tim.o(.text)
    TIM_ARRPreloadConfig                     0x080020e9   Thumb Code    24  stm32f10x_tim.o(.text)
    TIM_SelectCOM                            0x08002101   Thumb Code    24  stm32f10x_tim.o(.text)
    TIM_SelectCCDMA                          0x08002119   Thumb Code    24  stm32f10x_tim.o(.text)
    TIM_CCPreloadControl                     0x08002131   Thumb Code    24  stm32f10x_tim.o(.text)
    TIM_OC1PreloadConfig                     0x08002149   Thumb Code    18  stm32f10x_tim.o(.text)
    TIM_OC2PreloadConfig                     0x0800215b   Thumb Code    22  stm32f10x_tim.o(.text)
    TIM_OC3PreloadConfig                     0x08002171   Thumb Code    18  stm32f10x_tim.o(.text)
    TIM_OC4PreloadConfig                     0x08002183   Thumb Code    22  stm32f10x_tim.o(.text)
    TIM_OC1FastConfig                        0x08002199   Thumb Code    18  stm32f10x_tim.o(.text)
    TIM_OC2FastConfig                        0x080021ab   Thumb Code    22  stm32f10x_tim.o(.text)
    TIM_OC3FastConfig                        0x080021c1   Thumb Code    18  stm32f10x_tim.o(.text)
    TIM_OC4FastConfig                        0x080021d3   Thumb Code    22  stm32f10x_tim.o(.text)
    TIM_ClearOC1Ref                          0x080021e9   Thumb Code    18  stm32f10x_tim.o(.text)
    TIM_ClearOC2Ref                          0x080021fb   Thumb Code    20  stm32f10x_tim.o(.text)
    TIM_ClearOC3Ref                          0x0800220f   Thumb Code    18  stm32f10x_tim.o(.text)
    TIM_ClearOC4Ref                          0x08002221   Thumb Code    20  stm32f10x_tim.o(.text)
    TIM_OC1PolarityConfig                    0x08002235   Thumb Code    18  stm32f10x_tim.o(.text)
    TIM_OC1NPolarityConfig                   0x08002247   Thumb Code    18  stm32f10x_tim.o(.text)
    TIM_OC2PolarityConfig                    0x08002259   Thumb Code    22  stm32f10x_tim.o(.text)
    TIM_OC2NPolarityConfig                   0x0800226f   Thumb Code    22  stm32f10x_tim.o(.text)
    TIM_OC3PolarityConfig                    0x08002285   Thumb Code    22  stm32f10x_tim.o(.text)
    TIM_OC3NPolarityConfig                   0x0800229b   Thumb Code    22  stm32f10x_tim.o(.text)
    TIM_OC4PolarityConfig                    0x080022b1   Thumb Code    22  stm32f10x_tim.o(.text)
    TIM_CCxCmd                               0x080022c7   Thumb Code    34  stm32f10x_tim.o(.text)
    TIM_CCxNCmd                              0x080022e9   Thumb Code    34  stm32f10x_tim.o(.text)
    TIM_SelectOCxM                           0x0800230b   Thumb Code    82  stm32f10x_tim.o(.text)
    TIM_UpdateDisableConfig                  0x0800235d   Thumb Code    24  stm32f10x_tim.o(.text)
    TIM_UpdateRequestConfig                  0x08002375   Thumb Code    24  stm32f10x_tim.o(.text)
    TIM_SelectHallSensor                     0x0800238d   Thumb Code    24  stm32f10x_tim.o(.text)
    TIM_SelectOnePulseMode                   0x080023a5   Thumb Code    18  stm32f10x_tim.o(.text)
    TIM_SelectOutputTrigger                  0x080023b7   Thumb Code    18  stm32f10x_tim.o(.text)
    TIM_SelectSlaveMode                      0x080023c9   Thumb Code    18  stm32f10x_tim.o(.text)
    TIM_SelectMasterSlaveMode                0x080023db   Thumb Code    18  stm32f10x_tim.o(.text)
    TIM_SetCounter                           0x080023ed   Thumb Code     4  stm32f10x_tim.o(.text)
    TIM_SetAutoreload                        0x080023f1   Thumb Code     4  stm32f10x_tim.o(.text)
    TIM_SetCompare1                          0x080023f5   Thumb Code     4  stm32f10x_tim.o(.text)
    TIM_SetCompare2                          0x080023f9   Thumb Code     4  stm32f10x_tim.o(.text)
    TIM_SetCompare3                          0x080023fd   Thumb Code     4  stm32f10x_tim.o(.text)
    TIM_SetCompare4                          0x08002401   Thumb Code     6  stm32f10x_tim.o(.text)
    TIM_SetClockDivision                     0x08002407   Thumb Code    18  stm32f10x_tim.o(.text)
    TIM_GetCapture1                          0x08002419   Thumb Code     6  stm32f10x_tim.o(.text)
    TIM_GetCapture2                          0x0800241f   Thumb Code     6  stm32f10x_tim.o(.text)
    TIM_GetCapture3                          0x08002425   Thumb Code     6  stm32f10x_tim.o(.text)
    TIM_GetCapture4                          0x0800242b   Thumb Code     8  stm32f10x_tim.o(.text)
    TIM_GetCounter                           0x08002433   Thumb Code     6  stm32f10x_tim.o(.text)
    TIM_GetPrescaler                         0x08002439   Thumb Code     6  stm32f10x_tim.o(.text)
    TIM_GetFlagStatus                        0x0800243f   Thumb Code    18  stm32f10x_tim.o(.text)
    TIM_ClearFlag                            0x08002451   Thumb Code     6  stm32f10x_tim.o(.text)
    TIM_GetITStatus                          0x08002457   Thumb Code    34  stm32f10x_tim.o(.text)
    TIM_ClearITPendingBit                    0x08002479   Thumb Code     6  stm32f10x_tim.o(.text)
    main                                     0x0800247f   Thumb Code    34  main.o(.text)
    SweepRobot_Init                          0x080024a1   Thumb Code    96  sweeprobot.o(.text)
    SweepRobot_Stop                          0x08002501   Thumb Code    46  sweeprobot.o(.text)
    SweepRobot_StartupInit                   0x0800252f   Thumb Code   368  sweeprobot.o(.text)
    SweepRobot_StartupAbort                  0x0800269f   Thumb Code    74  sweeprobot.o(.text)
    SweepRobot_AutoModeProc                  0x080026e9   Thumb Code    62  sweeprobot.o(.text)
    SweepRobot_IdleStateSync                 0x08002727   Thumb Code    56  sweeprobot.o(.text)
    SweepRobot_MotionMsgProc                 0x0800275f   Thumb Code    98  sweeprobot.o(.text)
    SweepRobot_PwrStationMsgProc             0x080027c1   Thumb Code  2064  sweeprobot.o(.text)
    SweepRobot_HomingInit                    0x08002fd1   Thumb Code    82  sweeprobot.o(.text)
    SweepRobot_ManualModeProc                0x08003023   Thumb Code    76  sweeprobot.o(.text)
    SweepRobot_EdgeModeProc                  0x0800306f   Thumb Code    50  sweeprobot.o(.text)
    SweepRobot_SpotModeProc                  0x080030a1   Thumb Code    50  sweeprobot.o(.text)
    SweepRobot_CtrlMsgProc                   0x080030d3   Thumb Code   234  sweeprobot.o(.text)
    SweepRobot_HomingSuccess                 0x080031bd   Thumb Code    56  sweeprobot.o(.text)
    SweepRobot_BMMsgProc                     0x080031f5   Thumb Code   138  sweeprobot.o(.text)
    SweepRobot_PMMsgProc                     0x0800327f   Thumb Code    32  sweeprobot.o(.text)
    SweepRobot_Start                         0x0800329f   Thumb Code   210  sweeprobot.o(.text)
    SweepRobot_StartupComplete               0x08003371   Thumb Code    30  sweeprobot.o(.text)
    SweepRobot_SendMsg                       0x0800338f   Thumb Code    28  sweeprobot.o(.text)
    BM_ChargeStop                            0x080033c9   Thumb Code     8  batterymanage.o(.text)
    BM_ChargeExit                            0x080033d1   Thumb Code    20  batterymanage.o(.text)
    BM_ChargeStart                           0x080033e5   Thumb Code     8  batterymanage.o(.text)
    BM_ChargePowerDec                        0x080033ed   Thumb Code    44  batterymanage.o(.text)
    BM_ChargePowerInc                        0x08003419   Thumb Code    46  batterymanage.o(.text)
    BM_ChargeProc                            0x08003447   Thumb Code   198  batterymanage.o(.text)
    BM_ConditionUpdate                       0x0800350d   Thumb Code   732  batterymanage.o(.text)
    BM_Init                                  0x080037e9   Thumb Code   164  batterymanage.o(.text)
    BuzzerClock                              0x08003895   Thumb Code   138  buzzer.o(.text)
    Buzzer_Init                              0x0800391f   Thumb Code   156  buzzer.o(.text)
    Buzzer_Stop                              0x080039bb   Thumb Code    22  buzzer.o(.text)
    Buzzer_Play                              0x080039d1   Thumb Code    80  buzzer.o(.text)
    PwrStationHomingSigProc                  0x08003a35   Thumb Code    44  irda.o(.text)
    IrDA_BackLightIsr                        0x08003b97   Thumb Code    10  irda.o(.text)
    IrDA_LeftLightIsr                        0x08003ba1   Thumb Code    10  irda.o(.text)
    IrDA_FrontLLightIsr                      0x08003bab   Thumb Code    10  irda.o(.text)
    IrDA_FrontRLightIsr                      0x08003bb5   Thumb Code    10  irda.o(.text)
    IrDA_RightLightIsr                       0x08003bbf   Thumb Code    10  irda.o(.text)
    IrDA_Init                                0x08003bc9   Thumb Code   294  irda.o(.text)
    IrDA_DeInit                              0x08003cef   Thumb Code     8  irda.o(.text)
    IrDA_ProcessEJE                          0x08003cf7   Thumb Code    24  irda.o(.text)
    Meas_Init                                0x08003d41   Thumb Code   536  measurement.o(.text)
    Meas_Start                               0x08003f59   Thumb Code    86  measurement.o(.text)
    Meas_Stop                                0x08003faf   Thumb Code    42  measurement.o(.text)
    MotorCtrl_Init                           0x08003ff1   Thumb Code   180  motorctrl.o(.text)
    MotorCtrl_ChanSpeedLevelSet              0x080040a5   Thumb Code    50  motorctrl.o(.text)
    MotorCtrl_ChanSpeedLevelGet              0x080040d7   Thumb Code    30  motorctrl.o(.text)
    MotorCtrl_ChanSpeedDec                   0x080040f5   Thumb Code    32  motorctrl.o(.text)
    MotorCtrl_ChanSpeedInc                   0x08004115   Thumb Code    46  motorctrl.o(.text)
    MotorCtrl_ChanDirSet                     0x08004143   Thumb Code    64  motorctrl.o(.text)
    MotorCtrl_ChanDirGet                     0x08004183   Thumb Code    32  motorctrl.o(.text)
    MotorCtrl_ChanStateGet                   0x080041a3   Thumb Code    70  motorctrl.o(.text)
    PWM_ControllerInit                       0x080041f1   Thumb Code   240  pwm.o(.text)
    PWM_ChanInit                             0x080042e1   Thumb Code   218  pwm.o(.text)
    PWM_DutyCycleSet                         0x080043bb   Thumb Code   140  pwm.o(.text)
    PWM_DutyCycleGet                         0x08004447   Thumb Code   146  pwm.o(.text)
    PWM_ControllerStart                      0x080044d9   Thumb Code    74  pwm.o(.text)
    PWM_ControllerStop                       0x08004523   Thumb Code    74  pwm.o(.text)
    RTC_Configuration                        0x08004581   Thumb Code    76  rtc.o(.text)
    Time_Adjust                              0x080045cd   Thumb Code    38  rtc.o(.text)
    Time_Display                             0x080045f3   Thumb Code    80  rtc.o(.text)
    RTC_AlarmWork                            0x08004643   Thumb Code    62  rtc.o(.text)
    RTC_AlarmSet                             0x08004681   Thumb Code    84  rtc.o(.text)
    RTC_AlarmGet                             0x080046d5   Thumb Code    20  rtc.o(.text)
    RTC_LoadAlarmCfg                         0x080046e9   Thumb Code   106  rtc.o(.text)
    RTC_Init                                 0x08004753   Thumb Code   142  rtc.o(.text)
    uDelay                                   0x080047e9   Thumb Code    52  delay.o(.text)
    mDelay                                   0x0800481d   Thumb Code    54  delay.o(.text)
    sDelay                                   0x08004853   Thumb Code    26  delay.o(.text)
    PM_SysTryToStandby                       0x0800486d   Thumb Code    48  pwrmanagement.o(.text)
    PM_Init                                  0x0800489d   Thumb Code    72  pwrmanagement.o(.text)
    PM_DeInit                                0x080048e5   Thumb Code     2  pwrmanagement.o(.text)
    PM_EnterPwrMode                          0x080048e7   Thumb Code    56  pwrmanagement.o(.text)
    CtrlPanel_LEDCtrl                        0x08004929   Thumb Code    18  ctrlpanel.o(.text)
    CtrlPanel_LEDCtrlProc                    0x0800493b   Thumb Code   256  ctrlpanel.o(.text)
    CtrlPanel_RemoteCB                       0x08004a3b   Thumb Code    36  ctrlpanel.o(.text)
    CtrlPanel_AllInOneBtnUpProc              0x08004a5f   Thumb Code    46  ctrlpanel.o(.text)
    CtrlPanel_AllInOneBtnDownProc            0x08004a8d   Thumb Code    16  ctrlpanel.o(.text)
    CtrlPanel_Init                           0x08004a9d   Thumb Code   118  ctrlpanel.o(.text)
    Key_EvtProccess                          0x08004b35   Thumb Code   116  key.o(.text)
    Key_CoreInit                             0x08004ba9   Thumb Code   106  key.o(.text)
    Key_StartListen                          0x08004c13   Thumb Code    12  key.o(.text)
    Key_StopListen                           0x08004c1f   Thumb Code    12  key.o(.text)
    Key_Register                             0x08004c2b   Thumb Code   116  key.o(.text)
    Key_Deregister                           0x08004c9f   Thumb Code    76  key.o(.text)
    FWheelCounterISR                         0x08004cfd   Thumb Code    12  motionctrl.o(.text)
    LWheelCounterISR                         0x08004d09   Thumb Code    68  motionctrl.o(.text)
    RWheelCounterISR                         0x08004d4d   Thumb Code    68  motionctrl.o(.text)
    ExceptionStateCheck                      0x08004d91   Thumb Code   184  motionctrl.o(.text)
    MotionStateProc                          0x08004e49   Thumb Code  2046  motionctrl.o(.text)
    IFRD_PathDetectInit                      0x08005647   Thumb Code   172  motionctrl.o(.text)
    MotionCtrl_Init                          0x080057f7   Thumb Code   294  motionctrl.o(.text)
    MotionCtrl_Stop                          0x08005991   Thumb Code   136  motionctrl.o(.text)
    MotionCtrl_Proc                          0x08005d69   Thumb Code   304  motionctrl.o(.text)
    MotionCtrl_Start                         0x08005e99   Thumb Code    38  motionctrl.o(.text)
    MotionCtrl_PathFaultBackProcCompleteCondTest 0x08005ebf   Thumb Code    30  motionctrl.o(.text)
    MotionCtrl_PathFaultTryTurnCondTest      0x08005edd   Thumb Code    90  motionctrl.o(.text)
    MotionCtrl_PathFaultEdgeModeProcAct      0x08005f37   Thumb Code    12  motionctrl.o(.text)
    MotionCtrl_PathFaultTurnProcCompleteCondTest 0x08005f43   Thumb Code    22  motionctrl.o(.text)
    MotionCtrl_PathFaultProc                 0x08005f59   Thumb Code   724  motionctrl.o(.text)
    ExceptionHandleFinishCB                  0x0800622d   Thumb Code   100  motionctrl.o(.text)
    MotionCtrl_ExceptionHandle               0x08006291   Thumb Code   434  motionctrl.o(.text)
    MotionCtrl_TrapProc                      0x08006443   Thumb Code   192  motionctrl.o(.text)
    MotionCtrl_ChargeStationAvoid            0x08006503   Thumb Code   138  motionctrl.o(.text)
    MotionCtrl_MoveDirTune                   0x0800658d   Thumb Code    34  motionctrl.o(.text)
    MotionCtrl_MoveDirectly                  0x080065af   Thumb Code    80  motionctrl.o(.text)
    MotionCtrl_HomingMotionInit              0x080065ff   Thumb Code    68  motionctrl.o(.text)
    MotionCtrl_DishomingMotionInit           0x08006643   Thumb Code   210  motionctrl.o(.text)
    MotionCtrl_AutoMotionInit                0x08006715   Thumb Code    72  motionctrl.o(.text)
    MotionCtrl_SpotMotionInit                0x0800675d   Thumb Code    90  motionctrl.o(.text)
    MotionCtrl_EdgeMotionInit                0x080067b7   Thumb Code    78  motionctrl.o(.text)
    MotionCtrl_ManualCtrlProc                0x08006805   Thumb Code   212  motionctrl.o(.text)
    MsgQueue_Create                          0x080068f5   Thumb Code    90  msgqueue.o(.text)
    MsgQueue_InQueue                         0x0800694f   Thumb Code    70  msgqueue.o(.text)
    MsgQueue_DeQueue                         0x08006995   Thumb Code    18  msgqueue.o(.text)
    plat_int_reg_cb                          0x080069a9   Thumb Code    24  stm32f10x_it.o(.text)
    plat_int_dereg_cb                        0x080069c1   Thumb Code    24  stm32f10x_it.o(.text)
    NMI_Handler                              0x080069d9   Thumb Code     2  stm32f10x_it.o(.text)
    HardFault_Handler                        0x080069db   Thumb Code     4  stm32f10x_it.o(.text)
    MemManage_Handler                        0x080069df   Thumb Code     4  stm32f10x_it.o(.text)
    BusFault_Handler                         0x080069e3   Thumb Code     4  stm32f10x_it.o(.text)
    UsageFault_Handler                       0x080069e7   Thumb Code     4  stm32f10x_it.o(.text)
    SVC_Handler                              0x080069eb   Thumb Code     2  stm32f10x_it.o(.text)
    DebugMon_Handler                         0x080069ed   Thumb Code     2  stm32f10x_it.o(.text)
    PendSV_Handler                           0x080069ef   Thumb Code     2  stm32f10x_it.o(.text)
    SysTick_Handler                          0x080069f1   Thumb Code    16  stm32f10x_it.o(.text)
    RTC_IRQHandler                           0x08006a01   Thumb Code    64  stm32f10x_it.o(.text)
    TIM1_UP_IRQHandler                       0x08006a41   Thumb Code    40  stm32f10x_it.o(.text)
    TIM2_IRQHandler                          0x08006a69   Thumb Code    38  stm32f10x_it.o(.text)
    TIM3_IRQHandler                          0x08006a8f   Thumb Code    38  stm32f10x_it.o(.text)
    TIM4_IRQHandler                          0x08006ab5   Thumb Code    38  stm32f10x_it.o(.text)
    TIM5_IRQHandler                          0x08006adb   Thumb Code    38  stm32f10x_it.o(.text)
    TIM6_IRQHandler                          0x08006b01   Thumb Code    38  stm32f10x_it.o(.text)
    TIM7_IRQHandler                          0x08006b27   Thumb Code    38  stm32f10x_it.o(.text)
    USART1_IRQHandler                        0x08006b4d   Thumb Code    20  stm32f10x_it.o(.text)
    USART2_IRQHandler                        0x08006b61   Thumb Code    20  stm32f10x_it.o(.text)
    EXTI0_IRQHandler                         0x08006b75   Thumb Code    30  stm32f10x_it.o(.text)
    EXTI1_IRQHandler                         0x08006b93   Thumb Code    30  stm32f10x_it.o(.text)
    EXTI2_IRQHandler                         0x08006bb1   Thumb Code    30  stm32f10x_it.o(.text)
    EXTI3_IRQHandler                         0x08006bcf   Thumb Code    30  stm32f10x_it.o(.text)
    EXTI4_IRQHandler                         0x08006bed   Thumb Code    30  stm32f10x_it.o(.text)
    EXTI9_5_IRQHandler                       0x08006c0b   Thumb Code   162  stm32f10x_it.o(.text)
    EXTI15_10_IRQHandler                     0x08006cad   Thumb Code   208  stm32f10x_it.o(.text)
    USB_LP_CAN1_RX0_IRQHandler               0x08006d7d   Thumb Code    16  stm32f10x_it.o(.text)
    malloc                                   0x08006da9   Thumb Code   100  h1_alloc.o(.text)
    free                                     0x08006e0d   Thumb Code    78  h1_free.o(.text)
    __2printf                                0x08006e5d   Thumb Code    20  noretval__2printf.o(.text)
    __printf                                 0x08006e75   Thumb Code   106  __printf.o(.text)
    _printf_int_dec                          0x08006ee1   Thumb Code    98  _printf_dec.o(.text)
    __aeabi_memcpy4                          0x08006f55   Thumb Code     0  rt_memcpy_w.o(.text)
    __aeabi_memcpy8                          0x08006f55   Thumb Code     0  rt_memcpy_w.o(.text)
    __rt_memcpy_w                            0x08006f55   Thumb Code   100  rt_memcpy_w.o(.text)
    _memcpy_lastbytes_aligned                0x08006f9d   Thumb Code     0  rt_memcpy_w.o(.text)
    __aeabi_memclr4                          0x08006fb9   Thumb Code     0  rt_memclr_w.o(.text)
    __aeabi_memclr8                          0x08006fb9   Thumb Code     0  rt_memclr_w.o(.text)
    __rt_memclr_w                            0x08006fb9   Thumb Code    78  rt_memclr_w.o(.text)
    _memset_w                                0x08006fbd   Thumb Code     0  rt_memclr_w.o(.text)
    __use_two_region_memory                  0x08007007   Thumb Code     2  heapauxi.o(.text)
    __rt_heap_escrow                         0x08007009   Thumb Code     2  heapauxi.o(.text)
    __rt_heap_expand                         0x0800700b   Thumb Code     2  heapauxi.o(.text)
    __rt_heap_descriptor                     0x0800700d   Thumb Code    12  rt_heap_descriptor_intlibspace.o(.text)
    __use_no_heap                            0x08007019   Thumb Code     2  hguard.o(.text)
    __heap$guard                             0x0800701b   Thumb Code     2  hguard.o(.text)
    _terminate_user_alloc                    0x0800701d   Thumb Code     2  init_alloc.o(.text)
    _init_user_alloc                         0x0800701f   Thumb Code     2  init_alloc.o(.text)
    __Heap_Full                              0x08007021   Thumb Code    34  init_alloc.o(.text)
    __Heap_Broken                            0x08007043   Thumb Code     6  init_alloc.o(.text)
    _init_alloc                              0x08007049   Thumb Code    94  init_alloc.o(.text)
    __Heap_Initialize                        0x080070a7   Thumb Code    10  h1_init.o(.text)
    __Heap_DescSize                          0x080070b1   Thumb Code     4  h1_init.o(.text)
    _printf_int_common                       0x080070b5   Thumb Code   180  _printf_intcommon.o(.text)
    _printf_char_file                        0x08007169   Thumb Code    32  _printf_char_file.o(.text)
    __rt_udiv10                              0x0800718d   Thumb Code    16  rtudiv10.o(.text)
    __user_libspace                          0x0800719d   Thumb Code     8  libspace.o(.text)
    __user_perproc_libspace                  0x0800719d   Thumb Code     0  libspace.o(.text)
    __user_perthread_libspace                0x0800719d   Thumb Code     0  libspace.o(.text)
    __Heap_ProvideMemory                     0x080071a5   Thumb Code    50  h1_extend.o(.text)
    _printf_char_common                      0x080071e3   Thumb Code    32  _printf_char_common.o(.text)
    ferror                                   0x08007209   Thumb Code     8  ferror.o(.text)
    _initio                                  0x08007211   Thumb Code   210  initio.o(.text)
    _terminateio                             0x080072e3   Thumb Code    56  initio.o(.text)
    __rt_SIGRTMEM                            0x08007349   Thumb Code    14  defsig_rtmem_outer.o(.text)
    _sys_open                                0x08007357   Thumb Code    20  sys_io.o(.text)
    _sys_close                               0x0800736b   Thumb Code    12  sys_io.o(.text)
    _sys_write                               0x08007377   Thumb Code    16  sys_io.o(.text)
    _sys_read                                0x08007387   Thumb Code    14  sys_io.o(.text)
    _sys_istty                               0x08007395   Thumb Code    12  sys_io.o(.text)
    _sys_seek                                0x080073a1   Thumb Code    14  sys_io.o(.text)
    _sys_ensure                              0x080073af   Thumb Code     2  sys_io.o(.text)
    _sys_flen                                0x080073b1   Thumb Code    12  sys_io.o(.text)
    __I$use$semihosting                      0x080073bd   Thumb Code     0  use_no_semi.o(.text)
    __use_no_semihosting_swi                 0x080073bd   Thumb Code     2  use_no_semi.o(.text)
    __user_setup_stackheap                   0x080073bf   Thumb Code    74  sys_stackheap_outer.o(.text)
    __flsbuf                                 0x08007409   Thumb Code   462  flsbuf.o(.text)
    __flsbuf_byte                            0x08007409   Thumb Code     0  flsbuf.o(.text)
    __flsbuf_wide                            0x08007409   Thumb Code     0  flsbuf.o(.text)
    setvbuf                                  0x080075d7   Thumb Code    70  setvbuf.o(.text)
    freopen                                  0x0800761d   Thumb Code   158  fopen.o(.text)
    fopen                                    0x080076bb   Thumb Code    68  fopen.o(.text)
    _fclose_internal                         0x08007705   Thumb Code    76  fclose.o(.text)
    fclose                                   0x08007705   Thumb Code     0  fclose.o(.text)
    exit                                     0x08007751   Thumb Code    12  exit.o(.text)
    __sig_exit                               0x0800775d   Thumb Code    10  defsig_exit.o(.text)
    __rt_SIGRTRED                            0x08007767   Thumb Code    14  defsig_rtred_outer.o(.text)
    __rt_SIGRTMEM_inner                      0x08007775   Thumb Code    20  defsig_rtmem_inner.o(.text)
    _sys_exit                                0x080077c1   Thumb Code     8  sys_exit.o(.text)
    _fseek                                   0x080077cd   Thumb Code   244  fseek.o(.text)
    fseek                                    0x080077cd   Thumb Code     0  fseek.o(.text)
    _seterr                                  0x080078c5   Thumb Code    20  stdio.o(.text)
    _writebuf                                0x080078d9   Thumb Code    84  stdio.o(.text)
    _fflush                                  0x0800792d   Thumb Code    70  stdio.o(.text)
    _deferredlazyseek                        0x08007973   Thumb Code    60  stdio.o(.text)
    __default_signal_display                 0x080079b5   Thumb Code    50  defsig_general.o(.text)
    __rt_SIGRTRED_inner                      0x080079e9   Thumb Code    14  defsig_rtred_inner.o(.text)
    strlen                                   0x08007a1d   Thumb Code    62  strlen.o(.text)
    _ttywrch                                 0x08007a5b   Thumb Code    14  sys_wrch.o(.text)
    __rt_fp_status_addr                      0x08007a69   Thumb Code    12  rt_fp_status_addr_intlibspace.o(.text)
    _ftell_internal                          0x08007a75   Thumb Code    70  ftell.o(.text)
    ftell                                    0x08007a75   Thumb Code     0  ftell.o(.text)
    __aeabi_errno_addr                       0x08007abd   Thumb Code    12  rt_errno_addr_intlibspace.o(.text)
    __errno$intlibspace                      0x08007abd   Thumb Code     0  rt_errno_addr_intlibspace.o(.text)
    __rt_errno_addr$intlibspace              0x08007abd   Thumb Code     0  rt_errno_addr_intlibspace.o(.text)
    fputc                                    0x08007ac9   Thumb Code    26  fputc.o(i.fputc)
    __aeabi_fdiv                             0x08007ae5   Thumb Code     0  fdiv.o(x$fpl$fdiv)
    _fdiv                                    0x08007ae5   Thumb Code   384  fdiv.o(x$fpl$fdiv)
    __aeabi_f2uiz                            0x08007c69   Thumb Code     0  ffixu.o(x$fpl$ffixu)
    _ffixu                                   0x08007c69   Thumb Code    62  ffixu.o(x$fpl$ffixu)
    __aeabi_ui2f                             0x08007ca9   Thumb Code     0  fflt_clz.o(x$fpl$ffltu)
    _ffltu                                   0x08007ca9   Thumb Code    38  fflt_clz.o(x$fpl$ffltu)
    __aeabi_fmul                             0x08007cd1   Thumb Code     0  fmul.o(x$fpl$fmul)
    _fmul                                    0x08007cd1   Thumb Code   258  fmul.o(x$fpl$fmul)
    __fpl_fnaninf                            0x08007dd3   Thumb Code   140  fnaninf.o(x$fpl$fnaninf)
    _fp_init                                 0x08007e5f   Thumb Code    14  fpinit.o(x$fpl$fpinit)
    __fplib_config_pureend_doubles           0x08007e6b   Thumb Code     0  fpinit.o(x$fpl$fpinit)
    __fpl_fretinf                            0x08007e6d   Thumb Code    10  fretinf.o(x$fpl$fretinf)
    __I$use$fp                               0x08007e77   Thumb Code     0  usenofp.o(x$fpl$usenofp)
    LEDS                                     0x08007f80   Data          36  ctrlpanel.o(.constdata)
    gProximityDetectionThreshold             0x08007fa4   Data          12  motionctrl.o(.constdata)
    __stdin_name                             0x08007fb0   Data           4  sys_io.o(.constdata)
    __stdout_name                            0x08007fb4   Data           4  sys_io.o(.constdata)
    __stderr_name                            0x08007fb8   Data           4  sys_io.o(.constdata)
    Region$$Table$$Base                      0x08007fbc   Number         0  anon$$obj.o(Region$$Table)
    Region$$Table$$Limit                     0x08007fdc   Number         0  anon$$obj.o(Region$$Table)
    SystemCoreClock                          0x20000000   Data           4  system_stm32f10x.o(.data)
    AHBPrescTable                            0x20000004   Data          16  system_stm32f10x.o(.data)
    gHomingStage                             0x20000030   Data           1  sweeprobot.o(.data)
    gRobotState                              0x2000003a   Data           1  sweeprobot.o(.data)
    gRobotMode                               0x2000003b   Data           1  sweeprobot.o(.data)
    gRobotModeLast                           0x2000003c   Data           1  sweeprobot.o(.data)
    gBM_Cond                                 0x20000040   Data           3  batterymanage.o(.data)
    gSystemIdleCnt                           0x2000006e   Data           1  pwrmanagement.o(.data)
    KeyListHead                              0x2000007c   Data           4  key.o(.data)
    gActSeqDepth                             0x200000ca   Data           1  motionctrl.o(.data)
    gActSeqDepLIndicator                     0x200000cb   Data           1  motionctrl.o(.data)
    gActSeqDepRIndicator                     0x200000cc   Data           1  motionctrl.o(.data)
    __aeabi_stdin                            0x200000e0   Data           4  stdio_streams.o(.data)
    __aeabi_stdout                           0x200000e4   Data           4  stdio_streams.o(.data)
    __aeabi_stderr                           0x200000e8   Data           4  stdio_streams.o(.data)
    ADCConvertedLSB                          0x2000013e   Data          28  measurement.o(.bss)
    gActSequence                             0x2000015c   Data         240  motionctrl.o(.bss)
    __stdin                                  0x200003a0   Data          80  stdio_streams.o(.bss)
    __stdout                                 0x200003f0   Data          80  stdio_streams.o(.bss)
    __stderr                                 0x20000440   Data          80  stdio_streams.o(.bss)
    __libspace_start                         0x20000490   Data          96  libspace.o(.bss)
    __temporary_stack_top$libspace           0x200004f0   Data           0  libspace.o(.bss)



==============================================================================

Memory Map of the image

  Image Entry point : 0x08000131

  Load Region LR_IROM1 (Base: 0x08000000, Size: 0x000080c8, Max: 0x00040000, ABSOLUTE)

    Execution Region ER_IROM1 (Base: 0x08000000, Size: 0x00007fdc, Max: 0x00040000, ABSOLUTE)

    Base Addr    Size         Type   Attr      Idx    E Section Name        Object

    0x08000000   0x00000130   Data   RO            3    RESET               startup_stm32f10x_hd.o
    0x08000130   0x00000008   Code   RO          878  * !!!main             c_w.l(__main.o)(c_w.l)
    0x08000138   0x00000034   Code   RO         1193    !!!scatter          c_w.l(__scatter.o)(c_w.l)
    0x0800016c   0x0000001a   Code   RO         1195    !!handler_copy      c_w.l(__scatter_copy.o)(c_w.l)
    0x08000186   0x00000002   PAD
    0x08000188   0x0000001c   Code   RO         1197    !!handler_zi        c_w.l(__scatter_zi.o)(c_w.l)
    0x080001a4   0x00000000   Code   RO          871    .ARM.Collect$$_printf_percent$$00000000  c_w.l(_printf_percent.o)(c_w.l)
    0x080001a4   0x00000006   Code   RO          870    .ARM.Collect$$_printf_percent$$00000009  c_w.l(_printf_d.o)(c_w.l)
    0x080001aa   0x00000004   Code   RO          929    .ARM.Collect$$_printf_percent$$00000017  c_w.l(_printf_percent_end.o)(c_w.l)
    0x080001ae   0x00000006   Code   RO         1092    .ARM.Collect$$libinit$$00000000  c_w.l(libinit.o)(c_w.l)
    0x080001b4   0x00000008   Code   RO          940    .ARM.Collect$$libinit$$00000001  c_w.l(libinit2.o)(c_w.l)
    0x080001bc   0x00000000   Code   RO          942    .ARM.Collect$$libinit$$00000006  c_w.l(libinit2.o)(c_w.l)
    0x080001bc   0x00000000   Code   RO          944    .ARM.Collect$$libinit$$00000008  c_w.l(libinit2.o)(c_w.l)
    0x080001bc   0x00000000   Code   RO          946    .ARM.Collect$$libinit$$0000000A  c_w.l(libinit2.o)(c_w.l)
    0x080001bc   0x00000000   Code   RO          949    .ARM.Collect$$libinit$$0000000D  c_w.l(libinit2.o)(c_w.l)
    0x080001bc   0x00000000   Code   RO          951    .ARM.Collect$$libinit$$0000000F  c_w.l(libinit2.o)(c_w.l)
    0x080001bc   0x00000000   Code   RO          953    .ARM.Collect$$libinit$$00000011  c_w.l(libinit2.o)(c_w.l)
    0x080001bc   0x00000000   Code   RO          955    .ARM.Collect$$libinit$$00000013  c_w.l(libinit2.o)(c_w.l)
    0x080001bc   0x00000000   Code   RO          957    .ARM.Collect$$libinit$$00000015  c_w.l(libinit2.o)(c_w.l)
    0x080001bc   0x00000000   Code   RO          959    .ARM.Collect$$libinit$$00000017  c_w.l(libinit2.o)(c_w.l)
    0x080001bc   0x00000000   Code   RO          961    .ARM.Collect$$libinit$$00000019  c_w.l(libinit2.o)(c_w.l)
    0x080001bc   0x00000000   Code   RO          963    .ARM.Collect$$libinit$$0000001B  c_w.l(libinit2.o)(c_w.l)
    0x080001bc   0x00000000   Code   RO          965    .ARM.Collect$$libinit$$0000001D  c_w.l(libinit2.o)(c_w.l)
    0x080001bc   0x00000000   Code   RO          967    .ARM.Collect$$libinit$$0000001F  c_w.l(libinit2.o)(c_w.l)
    0x080001bc   0x00000004   Code   RO          968    .ARM.Collect$$libinit$$00000020  c_w.l(libinit2.o)(c_w.l)
    0x080001c0   0x00000000   Code   RO          969    .ARM.Collect$$libinit$$00000021  c_w.l(libinit2.o)(c_w.l)
    0x080001c0   0x00000000   Code   RO          973    .ARM.Collect$$libinit$$00000028  c_w.l(libinit2.o)(c_w.l)
    0x080001c0   0x00000000   Code   RO          975    .ARM.Collect$$libinit$$0000002A  c_w.l(libinit2.o)(c_w.l)
    0x080001c0   0x00000000   Code   RO          977    .ARM.Collect$$libinit$$0000002C  c_w.l(libinit2.o)(c_w.l)
    0x080001c0   0x00000000   Code   RO          979    .ARM.Collect$$libinit$$0000002E  c_w.l(libinit2.o)(c_w.l)
    0x080001c0   0x00000002   Code   RO          980    .ARM.Collect$$libinit$$0000002F  c_w.l(libinit2.o)(c_w.l)
    0x080001c2   0x00000002   Code   RO         1190    .ARM.Collect$$libshutdown$$00000000  c_w.l(libshutdown.o)(c_w.l)
    0x080001c4   0x00000004   Code   RO         1094    .ARM.Collect$$libshutdown$$00000002  c_w.l(libshutdown2.o)(c_w.l)
    0x080001c8   0x00000000   Code   RO         1095    .ARM.Collect$$libshutdown$$00000003  c_w.l(libshutdown2.o)(c_w.l)
    0x080001c8   0x00000000   Code   RO         1098    .ARM.Collect$$libshutdown$$00000006  c_w.l(libshutdown2.o)(c_w.l)
    0x080001c8   0x00000000   Code   RO         1101    .ARM.Collect$$libshutdown$$00000009  c_w.l(libshutdown2.o)(c_w.l)
    0x080001c8   0x00000000   Code   RO         1103    .ARM.Collect$$libshutdown$$0000000B  c_w.l(libshutdown2.o)(c_w.l)
    0x080001c8   0x00000000   Code   RO         1106    .ARM.Collect$$libshutdown$$0000000E  c_w.l(libshutdown2.o)(c_w.l)
    0x080001c8   0x00000002   Code   RO         1107    .ARM.Collect$$libshutdown$$0000000F  c_w.l(libshutdown2.o)(c_w.l)
    0x080001ca   0x00000000   Code   RO          898    .ARM.Collect$$rtentry$$00000000  c_w.l(rtentry.o)(c_w.l)
    0x080001ca   0x00000000   Code   RO          992    .ARM.Collect$$rtentry$$00000002  c_w.l(rtentry2.o)(c_w.l)
    0x080001ca   0x00000006   Code   RO         1007    .ARM.Collect$$rtentry$$00000004  c_w.l(rtentry4.o)(c_w.l)
    0x080001d0   0x00000000   Code   RO          994    .ARM.Collect$$rtentry$$00000009  c_w.l(rtentry2.o)(c_w.l)
    0x080001d0   0x00000004   Code   RO          995    .ARM.Collect$$rtentry$$0000000A  c_w.l(rtentry2.o)(c_w.l)
    0x080001d4   0x00000000   Code   RO          997    .ARM.Collect$$rtentry$$0000000C  c_w.l(rtentry2.o)(c_w.l)
    0x080001d4   0x00000008   Code   RO          998    .ARM.Collect$$rtentry$$0000000D  c_w.l(rtentry2.o)(c_w.l)
    0x080001dc   0x00000002   Code   RO         1112    .ARM.Collect$$rtexit$$00000000  c_w.l(rtexit.o)(c_w.l)
    0x080001de   0x00000000   Code   RO         1143    .ARM.Collect$$rtexit$$00000002  c_w.l(rtexit2.o)(c_w.l)
    0x080001de   0x00000004   Code   RO         1144    .ARM.Collect$$rtexit$$00000003  c_w.l(rtexit2.o)(c_w.l)
    0x080001e2   0x00000006   Code   RO         1145    .ARM.Collect$$rtexit$$00000004  c_w.l(rtexit2.o)(c_w.l)
    0x080001e8   0x00000000   Code   RO         1011    .emb_text           c_w.l(maybetermalloc1.o)(c_w.l)
    0x080001e8   0x00000040   Code   RO            4    .text               startup_stm32f10x_hd.o
    0x08000228   0x000001c8   Code   RO           24    .text               system_stm32f10x.o
    0x080003f0   0x000000f8   Code   RO          134    .text               misc.o
    0x080004e8   0x00000440   Code   RO          150    .text               stm32f10x_adc.o
    0x08000928   0x000000c4   Code   RO          162    .text               stm32f10x_bkp.o
    0x080009ec   0x00000248   Code   RO          234    .text               stm32f10x_dma.o
    0x08000c34   0x0000013c   Code   RO          246    .text               stm32f10x_exti.o
    0x08000d70   0x00000358   Code   RO          282    .text               stm32f10x_gpio.o
    0x080010c8   0x000000d8   Code   RO          318    .text               stm32f10x_pwr.o
    0x080011a0   0x000003a4   Code   RO          330    .text               stm32f10x_rcc.o
    0x08001544   0x0000018c   Code   RO          344    .text               stm32f10x_rtc.o
    0x080016d0   0x00000dae   Code   RO          380    .text               stm32f10x_tim.o
    0x0800247e   0x00000022   Code   RO          416    .text               main.o
    0x080024a0   0x00000f28   Code   RO          466    .text               sweeprobot.o
    0x080033c8   0x000004cc   Code   RO          516    .text               batterymanage.o
    0x08003894   0x000001a0   Code   RO          538    .text               buzzer.o
    0x08003a34   0x0000030c   Code   RO          552    .text               irda.o
    0x08003d40   0x000002b0   Code   RO          580    .text               measurement.o
    0x08003ff0   0x00000200   Code   RO          598    .text               motorctrl.o
    0x080041f0   0x00000390   Code   RO          615    .text               pwm.o
    0x08004580   0x00000268   Code   RO          629    .text               rtc.o
    0x080047e8   0x00000084   Code   RO          641    .text               delay.o
    0x0800486c   0x000000bc   Code   RO          656    .text               pwrmanagement.o
    0x08004928   0x0000020c   Code   RO          677    .text               ctrlpanel.o
    0x08004b34   0x000001c8   Code   RO          696    .text               key.o
    0x08004cfc   0x00001bf8   Code   RO          723    .text               motionctrl.o
    0x080068f4   0x000000b2   Code   RO          747    .text               msgqueue.o
    0x080069a6   0x00000002   PAD
    0x080069a8   0x00000400   Code   RO          766    .text               stm32f10x_it.o
    0x08006da8   0x00000064   Code   RO          786    .text               c_w.l(h1_alloc.o)(c_w.l)
    0x08006e0c   0x0000004e   Code   RO          788    .text               c_w.l(h1_free.o)(c_w.l)
    0x08006e5a   0x00000002   PAD
    0x08006e5c   0x00000018   Code   RO          846    .text               c_w.l(noretval__2printf.o)(c_w.l)
    0x08006e74   0x0000006a   Code   RO          848    .text               c_w.l(__printf.o)(c_w.l)
    0x08006ede   0x00000002   PAD
    0x08006ee0   0x00000074   Code   RO          850    .text               c_w.l(_printf_dec.o)(c_w.l)
    0x08006f54   0x00000064   Code   RO          872    .text               c_w.l(rt_memcpy_w.o)(c_w.l)
    0x08006fb8   0x0000004e   Code   RO          874    .text               c_w.l(rt_memclr_w.o)(c_w.l)
    0x08007006   0x00000006   Code   RO          876    .text               c_w.l(heapauxi.o)(c_w.l)
    0x0800700c   0x0000000c   Code   RO          903    .text               c_w.l(rt_heap_descriptor_intlibspace.o)(c_w.l)
    0x08007018   0x00000004   Code   RO          905    .text               c_w.l(hguard.o)(c_w.l)
    0x0800701c   0x0000008a   Code   RO          907    .text               c_w.l(init_alloc.o)(c_w.l)
    0x080070a6   0x0000000e   Code   RO          911    .text               c_w.l(h1_init.o)(c_w.l)
    0x080070b4   0x000000b4   Code   RO          925    .text               c_w.l(_printf_intcommon.o)(c_w.l)
    0x08007168   0x00000024   Code   RO          927    .text               c_w.l(_printf_char_file.o)(c_w.l)
    0x0800718c   0x00000010   Code   RO          936    .text               c_w.l(rtudiv10.o)(c_w.l)
    0x0800719c   0x00000008   Code   RO          988    .text               c_w.l(libspace.o)(c_w.l)
    0x080071a4   0x00000032   Code   RO         1015    .text               c_w.l(h1_extend.o)(c_w.l)
    0x080071d6   0x00000002   PAD
    0x080071d8   0x00000030   Code   RO         1019    .text               c_w.l(_printf_char_common.o)(c_w.l)
    0x08007208   0x00000008   Code   RO         1021    .text               c_w.l(ferror.o)(c_w.l)
    0x08007210   0x00000138   Code   RO         1027    .text               c_w.l(initio.o)(c_w.l)
    0x08007348   0x0000000e   Code   RO         1035    .text               c_w.l(defsig_rtmem_outer.o)(c_w.l)
    0x08007356   0x00000066   Code   RO         1044    .text               c_w.l(sys_io.o)(c_w.l)
    0x080073bc   0x00000002   Code   RO         1049    .text               c_w.l(use_no_semi.o)(c_w.l)
    0x080073be   0x0000004a   Code   RO         1051    .text               c_w.l(sys_stackheap_outer.o)(c_w.l)
    0x08007408   0x000001ce   Code   RO         1059    .text               c_w.l(flsbuf.o)(c_w.l)
    0x080075d6   0x00000046   Code   RO         1061    .text               c_w.l(setvbuf.o)(c_w.l)
    0x0800761c   0x000000e8   Code   RO         1064    .text               c_w.l(fopen.o)(c_w.l)
    0x08007704   0x0000004c   Code   RO         1066    .text               c_w.l(fclose.o)(c_w.l)
    0x08007750   0x0000000c   Code   RO         1072    .text               c_w.l(exit.o)(c_w.l)
    0x0800775c   0x0000000a   Code   RO         1074    .text               c_w.l(defsig_exit.o)(c_w.l)
    0x08007766   0x0000000e   Code   RO         1076    .text               c_w.l(defsig_rtred_outer.o)(c_w.l)
    0x08007774   0x0000004c   Code   RO         1080    .text               c_w.l(defsig_rtmem_inner.o)(c_w.l)
    0x080077c0   0x0000000c   Code   RO         1110    .text               c_w.l(sys_exit.o)(c_w.l)
    0x080077cc   0x000000f8   Code   RO         1120    .text               c_w.l(fseek.o)(c_w.l)
    0x080078c4   0x000000f0   Code   RO         1122    .text               c_w.l(stdio.o)(c_w.l)
    0x080079b4   0x00000032   Code   RO         1130    .text               c_w.l(defsig_general.o)(c_w.l)
    0x080079e6   0x00000002   PAD
    0x080079e8   0x00000034   Code   RO         1132    .text               c_w.l(defsig_rtred_inner.o)(c_w.l)
    0x08007a1c   0x0000003e   Code   RO         1136    .text               c_w.l(strlen.o)(c_w.l)
    0x08007a5a   0x0000000e   Code   RO         1140    .text               c_w.l(sys_wrch.o)(c_w.l)
    0x08007a68   0x0000000c   Code   RO         1153    .text               c_w.l(rt_fp_status_addr_intlibspace.o)(c_w.l)
    0x08007a74   0x00000046   Code   RO         1159    .text               c_w.l(ftell.o)(c_w.l)
    0x08007aba   0x00000002   PAD
    0x08007abc   0x0000000c   Code   RO         1172    .text               c_w.l(rt_errno_addr_intlibspace.o)(c_w.l)
    0x08007ac8   0x0000001a   Code   RO         1024    i.fputc             c_w.l(fputc.o)(c_w.l)
    0x08007ae2   0x00000002   PAD
    0x08007ae4   0x00000184   Code   RO          881    x$fpl$fdiv          fz_ws.l(fdiv.o)(fz_ws.l)
    0x08007c68   0x0000003e   Code   RO          884    x$fpl$ffixu         fz_ws.l(ffixu.o)(fz_ws.l)
    0x08007ca6   0x00000002   PAD
    0x08007ca8   0x00000026   Code   RO          888    x$fpl$ffltu         fz_ws.l(fflt_clz.o)(fz_ws.l)
    0x08007cce   0x00000002   PAD
    0x08007cd0   0x00000102   Code   RO          894    x$fpl$fmul          fz_ws.l(fmul.o)(fz_ws.l)
    0x08007dd2   0x0000008c   Code   RO          981    x$fpl$fnaninf       fz_ws.l(fnaninf.o)(fz_ws.l)
    0x08007e5e   0x0000000e   Code   RO         1138    x$fpl$fpinit        fz_ws.l(fpinit.o)(fz_ws.l)
    0x08007e6c   0x0000000a   Code   RO          983    x$fpl$fretinf       fz_ws.l(fretinf.o)(fz_ws.l)
    0x08007e76   0x00000000   Code   RO          985    x$fpl$usenofp       fz_ws.l(usenofp.o)(fz_ws.l)
    0x08007e76   0x00000002   PAD
    0x08007e78   0x00000020   Data   RO          468    .constdata          sweeprobot.o
    0x08007e98   0x00000048   Data   RO          599    .constdata          motorctrl.o
    0x08007ee0   0x000000a0   Data   RO          616    .constdata          pwm.o
    0x08007f80   0x00000024   Data   RO          678    .constdata          ctrlpanel.o
    0x08007fa4   0x0000000c   Data   RO          725    .constdata          motionctrl.o
    0x08007fb0   0x00000004   Data   RO         1045    .constdata          c_w.l(sys_io.o)(c_w.l)
    0x08007fb4   0x00000004   Data   RO         1046    .constdata          c_w.l(sys_io.o)(c_w.l)
    0x08007fb8   0x00000004   Data   RO         1047    .constdata          c_w.l(sys_io.o)(c_w.l)
    0x08007fbc   0x00000020   Data   RO         1191    Region$$Table       anon$$obj.o


    Execution Region RW_IRAM1 (Base: 0x20000000, Size: 0x00000af0, Max: 0x0000c000, ABSOLUTE)

    Base Addr    Size         Type   Attr      Idx    E Section Name        Object

    0x20000000   0x00000014   Data   RW           25    .data               system_stm32f10x.o
    0x20000014   0x00000014   Data   RW          331    .data               stm32f10x_rcc.o
    0x20000028   0x00000015   Data   RW          469    .data               sweeprobot.o
    0x2000003d   0x00000003   PAD
    0x20000040   0x00000012   Data   RW          518    .data               batterymanage.o
    0x20000052   0x00000006   Data   RW          539    .data               buzzer.o
    0x20000058   0x00000016   Data   RW          554    .data               irda.o
    0x2000006e   0x00000001   Data   RW          657    .data               pwrmanagement.o
    0x2000006f   0x00000009   Data   RW          679    .data               ctrlpanel.o
    0x20000078   0x00000008   Data   RW          697    .data               key.o
    0x20000080   0x0000005e   Data   RW          726    .data               motionctrl.o
    0x200000de   0x00000002   PAD
    0x200000e0   0x00000004   Data   RW          933    .data               c_w.l(stdio_streams.o)(c_w.l)
    0x200000e4   0x00000004   Data   RW          934    .data               c_w.l(stdio_streams.o)(c_w.l)
    0x200000e8   0x00000004   Data   RW          935    .data               c_w.l(stdio_streams.o)(c_w.l)
    0x200000ec   0x00000014   Zero   RW          467    .bss                sweeprobot.o
    0x20000100   0x00000020   Zero   RW          517    .bss                batterymanage.o
    0x20000120   0x0000001e   Zero   RW          553    .bss                irda.o
    0x2000013e   0x0000001c   Zero   RW          581    .bss                measurement.o
    0x2000015a   0x00000002   PAD
    0x2000015c   0x00000108   Zero   RW          724    .bss                motionctrl.o
    0x20000264   0x0000013c   Zero   RW          767    .bss                stm32f10x_it.o
    0x200003a0   0x00000050   Zero   RW          930    .bss                c_w.l(stdio_streams.o)(c_w.l)
    0x200003f0   0x00000050   Zero   RW          931    .bss                c_w.l(stdio_streams.o)(c_w.l)
    0x20000440   0x00000050   Zero   RW          932    .bss                c_w.l(stdio_streams.o)(c_w.l)
    0x20000490   0x00000060   Zero   RW          989    .bss                c_w.l(libspace.o)(c_w.l)
    0x200004f0   0x00000200   Zero   RW            2    HEAP                startup_stm32f10x_hd.o
    0x200006f0   0x00000400   Zero   RW            1    STACK               startup_stm32f10x_hd.o


==============================================================================

Image component sizes


      Code (inc. data)   RO Data    RW Data    ZI Data      Debug   Object Name

      1228         78          0         18         32          0   batterymanage.o
       416         20          0          6          0          0   buzzer.o
         0          0          0          0          0          0   core_cm3.o
       524         34         36          9          0          0   ctrlpanel.o
       132          0          0          0          0          0   delay.o
       780         50          0         22         30          0   irda.o
       456         18          0          8          0          0   key.o
        34          0          0          0          0          0   main.o
       688         24          0          0         28          0   measurement.o
       248         30          0          0          0          0   misc.o
      7160        544         12         94        264          0   motionctrl.o
       512          8         72          0          0          0   motorctrl.o
       178          0          0          0          0          0   msgqueue.o
       912         20        160          0          0          0   pwm.o
       188         10          0          1          0          0   pwrmanagement.o
       616          8          0          0          0          0   rtc.o
        64         26        304          0       1536          0   startup_stm32f10x_hd.o
      1088         36          0          0          0          0   stm32f10x_adc.o
       196         32          0          0          0          0   stm32f10x_bkp.o
       584         20          0          0          0          0   stm32f10x_dma.o
       316         28          0          0          0          0   stm32f10x_exti.o
       856         40          0          0          0          0   stm32f10x_gpio.o
      1024         28          0          0        316          0   stm32f10x_it.o
       216         16          0          0          0          0   stm32f10x_pwr.o
       932         52          0         20          0          0   stm32f10x_rcc.o
       396         28          0          0          0          0   stm32f10x_rtc.o
      3502         86          0          0          0          0   stm32f10x_tim.o
      3880        190         32         21         20          0   sweeprobot.o
       456         36          0         20          0          0   system_stm32f10x.o

    ----------------------------------------------------------------------
     27584       1462        648        224       2228          0   Object Totals
         0          0         32          0          0          0   (incl. Generated)
         2          0          0          5          2          0   (incl. Padding)

    ----------------------------------------------------------------------

      Code (inc. data)   RO Data    RW Data    ZI Data      Debug   Library Member Name

         8          0          0          0          0          0   __main.o
       106          0          0          0          0          0   __printf.o
        52          8          0          0          0          0   __scatter.o
        26          0          0          0          0          0   __scatter_copy.o
        28          0          0          0          0          0   __scatter_zi.o
        48          6          0          0          0          0   _printf_char_common.o
        36          4          0          0          0          0   _printf_char_file.o
         6          0          0          0          0          0   _printf_d.o
       116         18          0          0          0          0   _printf_dec.o
       180          0          0          0          0          0   _printf_intcommon.o
         0          0          0          0          0          0   _printf_percent.o
         4          0          0          0          0          0   _printf_percent_end.o
        10          0          0          0          0          0   defsig_exit.o
        50          0          0          0          0          0   defsig_general.o
        76         56          0          0          0          0   defsig_rtmem_inner.o
        14          0          0          0          0          0   defsig_rtmem_outer.o
        52         38          0          0          0          0   defsig_rtred_inner.o
        14          0          0          0          0          0   defsig_rtred_outer.o
        12          0          0          0          0          0   exit.o
        76          0          0          0          0          0   fclose.o
         8          0          0          0          0          0   ferror.o
       462          0          0          0          0          0   flsbuf.o
       232          6          0          0          0          0   fopen.o
        26          0          0          0          0          0   fputc.o
       248          4          0          0          0          0   fseek.o
        70          0          0          0          0          0   ftell.o
       100          0          0          0          0          0   h1_alloc.o
        50          0          0          0          0          0   h1_extend.o
        78          0          0          0          0          0   h1_free.o
        14          0          0          0          0          0   h1_init.o
         6          0          0          0          0          0   heapauxi.o
         4          0          0          0          0          0   hguard.o
       138          0          0          0          0          0   init_alloc.o
       312         46          0          0          0          0   initio.o
         6          0          0          0          0          0   libinit.o
        14          0          0          0          0          0   libinit2.o
         2          0          0          0          0          0   libshutdown.o
         6          0          0          0          0          0   libshutdown2.o
         8          4          0          0         96          0   libspace.o
         0          0          0          0          0          0   maybetermalloc1.o
        24          4          0          0          0          0   noretval__2printf.o
        12          4          0          0          0          0   rt_errno_addr_intlibspace.o
        12          4          0          0          0          0   rt_fp_status_addr_intlibspace.o
        12          4          0          0          0          0   rt_heap_descriptor_intlibspace.o
        78          0          0          0          0          0   rt_memclr_w.o
       100          0          0          0          0          0   rt_memcpy_w.o
         0          0          0          0          0          0   rtentry.o
        12          0          0          0          0          0   rtentry2.o
         6          0          0          0          0          0   rtentry4.o
         2          0          0          0          0          0   rtexit.o
        10          0          0          0          0          0   rtexit2.o
        16          0          0          0          0          0   rtudiv10.o
        70          0          0          0          0          0   setvbuf.o
       240          6          0          0          0          0   stdio.o
         0          0          0         12        240          0   stdio_streams.o
        62          0          0          0          0          0   strlen.o
        12          4          0          0          0          0   sys_exit.o
       102          0         12          0          0          0   sys_io.o
        74          0          0          0          0          0   sys_stackheap_outer.o
        14          0          0          0          0          0   sys_wrch.o
         2          0          0          0          0          0   use_no_semi.o
       388         76          0          0          0          0   fdiv.o
        62          4          0          0          0          0   ffixu.o
        38          0          0          0          0          0   fflt_clz.o
       258          4          0          0          0          0   fmul.o
       140          4          0          0          0          0   fnaninf.o
        14          0          0          0          0          0   fpinit.o
        10          0          0          0          0          0   fretinf.o
         0          0          0          0          0          0   usenofp.o

    ----------------------------------------------------------------------
      4488        304         12         12        336          0   Library Totals
        20          0          0          0          0          0   (incl. Padding)

    ----------------------------------------------------------------------

      Code (inc. data)   RO Data    RW Data    ZI Data      Debug   Library Name

      3558        216         12         12        336       4016   c_w.l
       910         88          0          0          0        560   fz_ws.l

    ----------------------------------------------------------------------
      4488        304         12         12        336          0   Library Totals

    ----------------------------------------------------------------------

==============================================================================


      Code (inc. data)   RO Data    RW Data    ZI Data      Debug   

     32072       1766        660        236       2564     434856   Grand Totals
     32072       1766        660        236       2564     434856   ELF Image Totals
     32072       1766        660        236          0          0   ROM Totals

==============================================================================

    Total RO  Size (Code + RO Data)                32732 (  31.96kB)
    Total RW  Size (RW Data + ZI Data)              2800 (   2.73kB)
    Total ROM Size (Code + RO Data + RW Data)      32968 (  32.20kB)

==============================================================================

