Product: MDK-ARM Professional 5.10
Component: ARM Compiler 5.04 update 1 (build 49)
Tool: armlink [5040049]

==============================================================================

Section Cross References

    startup_stm32f10x_hd.o(RESET) refers to startup_stm32f10x_hd.o(STACK) for __initial_sp
    startup_stm32f10x_hd.o(RESET) refers to startup_stm32f10x_hd.o(.text) for Reset_Handler
    startup_stm32f10x_hd.o(RESET) refers to stm32f10x_it.o(.text) for NMI_Handler
    startup_stm32f10x_hd.o(.text) refers to system_stm32f10x.o(.text) for SystemInit
    startup_stm32f10x_hd.o(.text) refers to entry.o(.ARM.Collect$$$$00000000) for __main
    system_stm32f10x.o(.text) refers to system_stm32f10x.o(.data) for SystemCoreClock
    stm32f10x_adc.o(.text) refers to stm32f10x_rcc.o(.text) for RCC_APB2PeriphResetCmd
    stm32f10x_bkp.o(.text) refers to stm32f10x_rcc.o(.text) for RCC_BackupResetCmd
    stm32f10x_can.o(.text) refers to stm32f10x_rcc.o(.text) for RCC_APB1PeriphResetCmd
    stm32f10x_cec.o(.text) refers to stm32f10x_rcc.o(.text) for RCC_APB1PeriphResetCmd
    stm32f10x_dac.o(.text) refers to stm32f10x_rcc.o(.text) for RCC_APB1PeriphResetCmd
    stm32f10x_gpio.o(.text) refers to stm32f10x_rcc.o(.text) for RCC_APB2PeriphResetCmd
    stm32f10x_i2c.o(.text) refers to stm32f10x_rcc.o(.text) for RCC_APB1PeriphResetCmd
    stm32f10x_pwr.o(.text) refers to stm32f10x_rcc.o(.text) for RCC_APB1PeriphResetCmd
    stm32f10x_rcc.o(.text) refers to stm32f10x_rcc.o(.data) for APBAHBPrescTable
    stm32f10x_spi.o(.text) refers to stm32f10x_rcc.o(.text) for RCC_APB2PeriphResetCmd
    stm32f10x_tim.o(.text) refers to stm32f10x_rcc.o(.text) for RCC_APB2PeriphResetCmd
    stm32f10x_usart.o(.text) refers to stm32f10x_rcc.o(.text) for RCC_APB2PeriphResetCmd
    stm32f10x_wwdg.o(.text) refers to stm32f10x_rcc.o(.text) for RCC_APB1PeriphResetCmd
    batterymanage.o(.text) refers to pwm.o(.text) for PWM_DutyCycleSet
    batterymanage.o(.text) refers to ctrlpanel.o(.text) for CtrlPanel_LEDCtrl
    batterymanage.o(.text) refers to stm32f10x_gpio.o(.text) for GPIO_ReadInputDataBit
    batterymanage.o(.text) refers to sweeprobot.o(.text) for SweepRobot_SendMsg
    batterymanage.o(.text) refers to ffltui.o(.text) for __aeabi_ui2f
    batterymanage.o(.text) refers to fdiv.o(.text) for __aeabi_fdiv
    batterymanage.o(.text) refers to fmul.o(.text) for __aeabi_fmul
    batterymanage.o(.text) refers to ffixui.o(.text) for __aeabi_f2uiz
    batterymanage.o(.text) refers to batterymanage.o(.data) for BM_ChargeFlag
    batterymanage.o(.text) refers to batterymanage.o(.bss) for TempADC
    batterymanage.o(.text) refers to measurement.o(.bss) for ADCConvertedLSB
    batterymanage.o(.text) refers to stm32f10x_rcc.o(.text) for RCC_APB2PeriphClockCmd
    batterymanage.o(.text) refers to misc.o(.text) for NVIC_Init
    batterymanage.o(.text) refers to stm32f10x_tim.o(.text) for TIM_DeInit
    batterymanage.o(.text) refers to stm32f10x_it.o(.text) for plat_int_reg_cb
    buzzer.o(.text) refers to stm32f10x_gpio.o(.text) for GPIO_WriteBit
    buzzer.o(.text) refers to stm32f10x_tim.o(.text) for TIM_Cmd
    buzzer.o(.text) refers to stm32f10x_rcc.o(.text) for RCC_APB2PeriphClockCmd
    buzzer.o(.text) refers to misc.o(.text) for NVIC_Init
    buzzer.o(.text) refers to stm32f10x_it.o(.text) for plat_int_reg_cb
    buzzer.o(.text) refers to buzzer.o(.data) for BuzzerInput
    ctrlpanel.o(.text) refers to stm32f10x_gpio.o(.text) for GPIO_SetBits
    ctrlpanel.o(.text) refers to sweeprobot.o(.text) for SweepRobot_SendMsg
    ctrlpanel.o(.text) refers to stm32f10x_rcc.o(.text) for RCC_APB2PeriphClockCmd
    ctrlpanel.o(.text) refers to key.o(.text) for Key_CoreInit
    ctrlpanel.o(.text) refers to ctrlpanel.o(.data) for gLED
    ctrlpanel.o(.text) refers to ctrlpanel.o(.constdata) for LEDS
    ctrlpanel.o(.text) refers to pwrmanagement.o(.data) for gSystemIdleCnt
    irda.o(.text) refers to sweeprobot.o(.text) for SweepRobot_SendMsg
    irda.o(.text) refers to stm32f10x_rcc.o(.text) for RCC_APB2PeriphClockCmd
    irda.o(.text) refers to stm32f10x_gpio.o(.text) for GPIO_Init
    irda.o(.text) refers to misc.o(.text) for NVIC_Init
    irda.o(.text) refers to stm32f10x_exti.o(.text) for EXTI_Init
    irda.o(.text) refers to stm32f10x_it.o(.text) for plat_int_reg_cb
    irda.o(.text) refers to delay.o(.text) for mDelay
    irda.o(.text) refers to irda.o(.data) for PulsStart
    irda.o(.text) refers to irda.o(.bss) for PulsTimeE
    key.o(.text) refers to ctrlpanel.o(.text) for CtrlPanel_LEDCtrlProc
    key.o(.text) refers to stm32f10x_gpio.o(.text) for GPIO_ReadInputDataBit
    key.o(.text) refers to irda.o(.text) for IrDA_ProcessEJE
    key.o(.text) refers to misc.o(.text) for NVIC_Init
    key.o(.text) refers to stm32f10x_rcc.o(.text) for RCC_APB1PeriphClockCmd
    key.o(.text) refers to stm32f10x_tim.o(.text) for TIM_DeInit
    key.o(.text) refers to stm32f10x_it.o(.text) for plat_int_reg_cb
[...]
    ../fplib/microlib/fpmul.c                0x00000000   Number         0  fmul.o ABSOLUTE
    ../fplib/microlib/fpmul.c                0x00000000   Number         0  dmul.o ABSOLUTE
    ..\..\Libraries\CMSIS\CoreSupport\core_cm3.c 0x00000000   Number         0  core_cm3.o ABSOLUTE
    ..\..\Libraries\CMSIS\Device\ST\STM32F10x\Source\Templates\arm\startup_stm32f10x_hd.s 0x00000000   Number         0  startup_stm32f10x_hd.o ABSOLUTE
    ..\..\Libraries\CMSIS\Device\ST\STM32F10x\Source\Templates\system_stm32f10x.c 0x00000000   Number         0  system_stm32f10x.o ABSOLUTE
    ..\..\Libraries\STM32F10x_Ext\src\Usart.c 0x00000000   Number         0  usart.o ABSOLUTE
    ..\..\Libraries\STM32F10x_Ext\src\stm32f10x_it.c 0x00000000   Number         0  stm32f10x_it.o ABSOLUTE
    ..\..\Libraries\STM32F10x_StdPeriph_Driver\src\misc.c 0x00000000   Number         0  misc.o ABSOLUTE
    ..\..\Libraries\STM32F10x_StdPeriph_Driver\src\stm32f10x_adc.c 0x00000000   Number         0  stm32f10x_adc.o ABSOLUTE
    ..\..\Libraries\STM32F10x_StdPeriph_Driver\src\stm32f10x_bkp.c 0x00000000   Number         0  stm32f10x_bkp.o ABSOLUTE
    ..\..\Libraries\STM32F10x_StdPeriph_Driver\src\stm32f10x_can.c 0x00000000   Number         0  stm32f10x_can.o ABSOLUTE
    ..\..\Libraries\STM32F10x_StdPeriph_Driver\src\stm32f10x_cec.c 0x00000000   Number         0  stm32f10x_cec.o ABSOLUTE
    ..\..\Libraries\STM32F10x_StdPeriph_Driver\src\stm32f10x_crc.c 0x00000000   Number         0  stm32f10x_crc.o ABSOLUTE
    ..\..\Libraries\STM32F10x_StdPeriph_Driver\src\stm32f10x_dac.c 0x00000000   Number         0  stm32f10x_dac.o ABSOLUTE
    ..\..\Libraries\STM32F10x_StdPeriph_Driver\src\stm32f10x_dbgmcu.c 0x00000000   Number         0  stm32f10x_dbgmcu.o ABSOLUTE
    ..\..\Libraries\STM32F10x_StdPeriph_Driver\src\stm32f10x_dma.c 0x00000000   Number         0  stm32f10x_dma.o ABSOLUTE
    ..\..\Libraries\STM32F10x_StdPeriph_Driver\src\stm32f10x_exti.c 0x00000000   Number         0  stm32f10x_exti.o ABSOLUTE
    ..\..\Libraries\STM32F10x_StdPeriph_Driver\src\stm32f10x_flash.c 0x00000000   Number         0  stm32f10x_flash.o ABSOLUTE
    ..\..\Libraries\STM32F10x_StdPeriph_Driver\src\stm32f10x_fsmc.c 0x00000000   Number         0  stm32f10x_fsmc.o ABSOLUTE
    ..\..\Libraries\STM32F10x_StdPeriph_Driver\src\stm32f10x_gpio.c 0x00000000   Number         0  stm32f10x_gpio.o ABSOLUTE
    ..\..\Libraries\STM32F10x_StdPeriph_Driver\src\stm32f10x_i2c.c 0x00000000   Number         0  stm32f10x_i2c.o ABSOLUTE
    ..\..\Libraries\STM32F10x_StdPeriph_Driver\src\stm32f10x_iwdg.c 0x00000000   Number         0  stm32f10x_iwdg.o ABSOLUTE
    ..\..\Libraries\STM32F10x_StdPeriph_Driver\src\stm32f10x_pwr.c 0x00000000   Number         0  stm32f10x_pwr.o ABSOLUTE
    ..\..\Libraries\STM32F10x_StdPeriph_Driver\src\stm32f10x_rcc.c 0x00000000   Number         0  stm32f10x_rcc.o ABSOLUTE
    ..\..\Libraries\STM32F10x_StdPeriph_Driver\src\stm32f10x_rtc.c 0x00000000   Number         0  stm32f10x_rtc.o ABSOLUTE
    ..\..\Libraries\STM32F10x_StdPeriph_Driver\src\stm32f10x_sdio.c 0x00000000   Number         0  stm32f10x_sdio.o ABSOLUTE
    ..\..\Libraries\STM32F10x_StdPeriph_Driver\src\stm32f10x_spi.c 0x00000000   Number         0  stm32f10x_spi.o ABSOLUTE
    ..\..\Libraries\STM32F10x_StdPeriph_Driver\src\stm32f10x_tim.c 0x00000000   Number         0  stm32f10x_tim.o ABSOLUTE
    ..\..\Libraries\STM32F10x_StdPeriph_Driver\src\stm32f10x_usart.c 0x00000000   Number         0  stm32f10x_usart.o ABSOLUTE
    ..\..\Libraries\STM32F10x_StdPeriph_Driver\src\stm32f10x_wwdg.c 0x00000000   Number         0  stm32f10x_wwdg.o ABSOLUTE
    ..\..\User\APP\SweepRobot.c              0x00000000   Number         0  sweeprobot.o ABSOLUTE
    ..\..\User\BSP\src\BatteryManage.c       0x00000000   Number         0  batterymanage.o ABSOLUTE
    ..\..\User\BSP\src\Buzzer.c              0x00000000   Number         0  buzzer.o ABSOLUTE
    ..\..\User\BSP\src\IrDA.c                0x00000000   Number         0  irda.o ABSOLUTE
    ..\..\User\BSP\src\Measurement.c         0x00000000   Number         0  measurement.o ABSOLUTE
    ..\..\User\BSP\src\MotorCtrl.c           0x00000000   Number         0  motorctrl.o ABSOLUTE
    ..\..\User\BSP\src\PWM.c                 0x00000000   Number         0  pwm.o ABSOLUTE
    ..\..\User\BSP\src\RTC.c                 0x00000000   Number         0  rtc.o ABSOLUTE
    ..\..\User\Framework\Common\src\PwrManagement.c 0x00000000   Number         0  pwrmanagement.o ABSOLUTE
    ..\..\User\Framework\Common\src\delay.c  0x00000000   Number         0  delay.o ABSOLUTE
    ..\..\User\Framework\MotionCtrl.c        0x00000000   Number         0  motionctrl.o ABSOLUTE
    ..\..\User\Framework\MsgQueue.c          0x00000000   Number         0  msgqueue.o ABSOLUTE
    ..\..\User\Framework\UI\CtrlPanel.c      0x00000000   Number         0  ctrlpanel.o ABSOLUTE
    ..\..\User\Framework\UI\key.c            0x00000000   Number         0  key.o ABSOLUTE
    ..\..\User\main.c                        0x00000000   Number         0  main.o ABSOLUTE
    ..\\..\\Libraries\\CMSIS\\CoreSupport\\core_cm3.c 0x00000000   Number         0  core_cm3.o ABSOLUTE
    cdrcmple.s                               0x00000000   Number         0  cdrcmple.o ABSOLUTE
    dc.s                                     0x00000000   Number         0  dc.o ABSOLUTE
    handlers.s                               0x00000000   Number         0  handlers.o ABSOLUTE
    init.s                                   0x00000000   Number         0  init.o ABSOLUTE
    RESET                                    0x08000000   Section      304  startup_stm32f10x_hd.o(RESET)
    .ARM.Collect$$$$00000000                 0x08000130   Section        0  entry.o(.ARM.Collect$$$$00000000)
    .ARM.Collect$$$$00000001                 0x08000130   Section        4  entry2.o(.ARM.Collect$$$$00000001)
    .ARM.Collect$$$$00000004                 0x08000134   Section        4  entry5.o(.ARM.Collect$$$$00000004)
    .ARM.Collect$$$$00000008                 0x08000138   Section        0  entry7b.o(.ARM.Collect$$$$00000008)
    .ARM.Collect$$$$0000000A                 0x08000138   Section        0  entry8b.o(.ARM.Collect$$$$0000000A)
    .ARM.Collect$$$$0000000B                 0x08000138   Section        8  entry9a.o(.ARM.Collect$$$$0000000B)
    .ARM.Collect$$$$0000000D                 0x08000140   Section        0  entry10a.o(.ARM.Collect$$$$0000000D)
    .ARM.Collect$$$$0000000F                 0x08000140   Section        0  entry11a.o(.ARM.Collect$$$$0000000F)
    .ARM.Collect$$$$00002712                 0x08000140   Section        4  entry2.o(.ARM.Collect$$$$00002712)
    __lit__00000000                          0x08000140   Data           4  entry2.o(.ARM.Collect$$$$00002712)
    .text                                    0x08000144   Section       36  startup_stm32f10x_hd.o(.text)
    .text                                    0x08000168   Section        0  system_stm32f10x.o(.text)
    SetSysClockTo72                          0x08000169   Thumb Code   214  system_stm32f10x.o(.text)
    SetSysClock                              0x0800023f   Thumb Code     8  system_stm32f10x.o(.text)
    .text                                    0x08000348   Section        0  misc.o(.text)
    .text                                    0x08000424   Section        0  stm32f10x_adc.o(.text)
    .text                                    0x08000874   Section        0  stm32f10x_bkp.o(.text)
    .text                                    0x08000938   Section        0  stm32f10x_dma.o(.text)
    .text                                    0x08000b8c   Section        0  stm32f10x_exti.o(.text)
    .text                                    0x08000ca8   Section        0  stm32f10x_gpio.o(.text)
    .text                                    0x08001004   Section        0  stm32f10x_pwr.o(.text)
    .text                                    0x080010d0   Section        0  stm32f10x_rcc.o(.text)
    .text                                    0x08001474   Section        0  stm32f10x_rtc.o(.text)
    .text                                    0x080015d4   Section        0  stm32f10x_tim.o(.text)
    TI4_Config                               0x08001a7b   Thumb Code   130  stm32f10x_tim.o(.text)
    TI3_Config                               0x08001b0f   Thumb Code   122  stm32f10x_tim.o(.text)
    TI2_Config                               0x08001ba3   Thumb Code   130  stm32f10x_tim.o(.text)
    TI1_Config                               0x08001c37   Thumb Code   108  stm32f10x_tim.o(.text)
    .text                                    0x080023f0   Section        0  stm32f10x_usart.o(.text)
    .text                                    0x080027f8   Section        0  batterymanage.o(.text)
    .text                                    0x08002cc0   Section        0  buzzer.o(.text)
    .text                                    0x08002e60   Section        0  ctrlpanel.o(.text)
    .text                                    0x0800306c   Section        0  irda.o(.text)
    IrDA_ParseEJE                            0x08003099   Thumb Code   312  irda.o(.text)
    .text                                    0x08003378   Section        0  key.o(.text)
    .text                                    0x08003540   Section        0  main.o(.text)
    .text                                    0x08003568   Section        0  measurement.o(.text)
    .text                                    0x08003818   Section        0  motionctrl.o(.text)
    IFRD_PathDetectStart                     0x080042cb   Thumb Code   140  motionctrl.o(.text)
    IFRD_PathDetectStop                      0x08004357   Thumb Code    60  motionctrl.o(.text)
    WheelCntMach_Start                       0x08004393   Thumb Code    86  motionctrl.o(.text)
    WheelCntMach_Stop                        0x080043e9   Thumb Code    56  motionctrl.o(.text)
    MotionCtrl_LWheelProcExitOn              0x08004589   Thumb Code    58  motionctrl.o(.text)
    MotionCtrl_RWheelProcExitOn              0x080045c3   Thumb Code    58  motionctrl.o(.text)
    MotionCtrl_LWheelProcExitOff             0x08004637   Thumb Code    74  motionctrl.o(.text)
    MotionCtrl_RWheelProcExitOff             0x08004681   Thumb Code    74  motionctrl.o(.text)
    MotionCtrl_RWheelSubProc                 0x080046cb   Thumb Code   352  motionctrl.o(.text)
    MotionCtrl_LWheelSubProc                 0x0800482b   Thumb Code   430  motionctrl.o(.text)
    MotionCtrl_ExceptionProc                 0x08004efb   Thumb Code   358  motionctrl.o(.text)
    .text                                    0x080055d8   Section        0  motorctrl.o(.text)
    .text                                    0x080057d8   Section        0  msgqueue.o(.text)
    .text                                    0x08005888   Section        0  pwm.o(.text)
    .text                                    0x08005c18   Section        0  pwrmanagement.o(.text)
    .text                                    0x08005cfc   Section        0  rtc.o(.text)
    .text                                    0x08005f68   Section        0  sweeprobot.o(.text)
    NVIC_SystemReset                         0x08006f71   Thumb Code    26  sweeprobot.o(.text)
    .text                                    0x08006fb8   Section        0  delay.o(.text)
    .text                                    0x0800704c   Section        0  stm32f10x_it.o(.text)
    .text                                    0x08007464   Section        0  usart.o(.text)
    .text                                    0x08007610   Section        0  memcpya.o(.text)
    .text                                    0x08007634   Section        0  memseta.o(.text)
    .text                                    0x08007658   Section        0  fmul.o(.text)
    .text                                    0x080076bc   Section        0  fdiv.o(.text)
    .text                                    0x08007738   Section        0  ffltui.o(.text)
    .text                                    0x08007742   Section        0  ffixui.o(.text)
    .text                                    0x0800776a   Section        0  uidiv.o(.text)
    .text                                    0x08007796   Section        0  fepilogue.o(.text)
    .text                                    0x08007796   Section        0  iusefp.o(.text)
    .text                                    0x08007804   Section       36  init.o(.text)
    i.__0printf$1                            0x08007828   Section        0  printf1.o(i.__0printf$1)
    i.__scatterload_copy                     0x08007848   Section       14  handlers.o(i.__scatterload_copy)
    i.__scatterload_null                     0x08007856   Section        2  handlers.o(i.__scatterload_null)
    i.__scatterload_zeroinit                 0x08007858   Section       14  handlers.o(i.__scatterload_zeroinit)
    i._printf_core                           0x08007868   Section        0  printf1.o(i._printf_core)
    _printf_core                             0x08007869   Thumb Code   336  printf1.o(i._printf_core)
    i.free                                   0x080079bc   Section        0  malloc.o(i.free)
    i.malloc                                 0x08007a0c   Section        0  malloc.o(i.malloc)
    .constdata                               0x08007a78   Section       36  ctrlpanel.o(.constdata)
    .constdata                               0x08007a9c   Section       24  motionctrl.o(.constdata)
    .constdata                               0x08007ab4   Section       72  motorctrl.o(.constdata)
    MotorCtrlChan                            0x08007ab4   Data          72  motorctrl.o(.constdata)
    .constdata                               0x08007afc   Section      160  pwm.o(.constdata)
    PWMChanRes                               0x08007afc   Data         112  pwm.o(.constdata)
    PWMController                            0x08007b6c   Data          48  pwm.o(.constdata)
    .constdata                               0x08007b9c   Section       32  sweeprobot.o(.constdata)
    HomingSigSrc2AngleMap                    0x08007b9c   Data          10  sweeprobot.o(.constdata)
    STARTUP_SEQ_DELAY_TIME                   0x08007ba8   Data          20  sweeprobot.o(.constdata)
    .data                                    0x20000000   Section       20  system_stm32f10x.o(.data)
    .data                                    0x20000014   Section       20  stm32f10x_rcc.o(.data)
    APBAHBPrescTable                         0x20000014   Data          16  stm32f10x_rcc.o(.data)
    ADCPrescTable                            0x20000024   Data           4  stm32f10x_rcc.o(.data)
    .data                                    0x20000028   Section       18  batterymanage.o(.data)
    ADC_BatLSB                               0x2000002c   Data           8  batterymanage.o(.data)
    BM_StateInited                           0x20000034   Data           1  batterymanage.o(.data)
    BM_ChargeFlag                            0x20000035   Data           1  batterymanage.o(.data)
    Counter                                  0x20000036   Data           2  batterymanage.o(.data)
    LedBrightnessSch                         0x20000038   Data           1  batterymanage.o(.data)
    LedBrightnessDir                         0x20000039   Data           1  batterymanage.o(.data)
    .data                                    0x2000003a   Section        6  buzzer.o(.data)
    BuzzerPulsLen                            0x2000003a   Data           2  buzzer.o(.data)
    BuzzerPulsCnt                            0x2000003c   Data           1  buzzer.o(.data)
    BuzzerInput                              0x2000003e   Data           2  buzzer.o(.data)
    .data                                    0x20000040   Section        9  ctrlpanel.o(.data)
    gLED                                     0x20000040   Data           1  ctrlpanel.o(.data)
    gBrightness                              0x20000041   Data           1  ctrlpanel.o(.data)
    gBrightnessCnt                           0x20000042   Data           1  ctrlpanel.o(.data)
    gHighCnt                                 0x20000043   Data           3  ctrlpanel.o(.data)
    gLowCnt                                  0x20000046   Data           3  ctrlpanel.o(.data)
    .data                                    0x20000049   Section       22  irda.o(.data)
    IrDA_FrameData                           0x20000049   Data           5  irda.o(.data)
    IrDA_FrameBuf                            0x2000004e   Data           1  irda.o(.data)
    IrDA_FrameBufFlag                        0x2000004f   Data           1  irda.o(.data)
    PulsCnt                                  0x20000050   Data           5  irda.o(.data)
    PulsStart                                0x20000055   Data           5  irda.o(.data)
    HeadPuls                                 0x2000005a   Data           5  irda.o(.data)
    .data                                    0x20000060   Section        8  key.o(.data)
    KeyScanCnt                               0x20000060   Data           2  key.o(.data)
    .data                                    0x20000068   Section       98  motionctrl.o(.data)
    gLWheelTotalCnt                          0x20000068   Data           4  motionctrl.o(.data)
    gRWheelTotalCnt                          0x2000006c   Data           4  motionctrl.o(.data)
    gLastTotalLWheelCnt                      0x20000070   Data           4  motionctrl.o(.data)
    gLastTotalRWheelCnt                      0x20000074   Data           4  motionctrl.o(.data)
    gWheelCnt                                0x20000078   Data           6  motionctrl.o(.data)
    gLWheelExpCnt                            0x2000007e   Data           2  motionctrl.o(.data)
    gRWheelExpCnt                            0x20000080   Data           2  motionctrl.o(.data)
    gLWheelExpCB                             0x20000084   Data           4  motionctrl.o(.data)
    gRWheelExpCB                             0x20000088   Data           4  motionctrl.o(.data)
    gWheelProcExitCB                         0x2000008c   Data           4  motionctrl.o(.data)
    gLastWheelCnt                            0x20000090   Data           6  motionctrl.o(.data)
    gDeltaWheelCnt                           0x20000096   Data           6  motionctrl.o(.data)
    gCurLWheelSpeed                          0x2000009c   Data           1  motionctrl.o(.data)
    gCurRWheelSpeed                          0x2000009d   Data           1  motionctrl.o(.data)
    gLastPathFault                           0x2000009e   Data           1  motionctrl.o(.data)
    gConsecutivePathFaultCnt                 0x2000009f   Data           1  motionctrl.o(.data)
    gPathFaultProcEdgeModeCnt                0x200000a0   Data           1  motionctrl.o(.data)
    gSpotModeAngleCnt                        0x200000a2   Data           2  motionctrl.o(.data)
    gSpotModeCircleCnt                       0x200000a4   Data           2  motionctrl.o(.data)
    gPathFaultProcMode                       0x200000a6   Data           1  motionctrl.o(.data)
    gLastPathCondSLDiff                      0x200000a8   Data           2  motionctrl.o(.data)
    gLastPathCondSRDiff                      0x200000aa   Data           2  motionctrl.o(.data)
    gCurPathCondSLDiff                       0x200000ac   Data           2  motionctrl.o(.data)
    gCurPathCondSRDiff                       0x200000ae   Data           2  motionctrl.o(.data)
    gEdgeModeAngleCnt                        0x200000b0   Data           2  motionctrl.o(.data)
    gtmpCnt                                  0x200000b6   Data           2  motionctrl.o(.data)
    gtmpCnt2                                 0x200000b8   Data           2  motionctrl.o(.data)
    gPathCondMap                             0x200000bc   Data           4  motionctrl.o(.data)
    gLastExceptionMask                       0x200000c0   Data           1  motionctrl.o(.data)
    gExceptionMask                           0x200000c1   Data           1  motionctrl.o(.data)
    gIsExceptionHandling                     0x200000c2   Data           1  motionctrl.o(.data)
    gWheelFloatErrCnt                        0x200000c3   Data           1  motionctrl.o(.data)
    gUniversalWheelActiveVal                 0x200000c4   Data           2  motionctrl.o(.data)
    gUniversalWheelActiveValLast             0x200000c6   Data           2  motionctrl.o(.data)
    gUniveralWheelDetectPeriodCnt            0x200000c8   Data           2  motionctrl.o(.data)
    .data                                    0x200000ca   Section        1  pwrmanagement.o(.data)
    .data                                    0x200000cc   Section       18  sweeprobot.o(.data)
    RobotPlanFlag                            0x200000cf   Data           1  sweeprobot.o(.data)
    MainMsgQ                                 0x200000d0   Data           4  sweeprobot.o(.data)
    LastHomingStage                          0x200000d5   Data           1  sweeprobot.o(.data)
    gRobotStartupSeqNum                      0x200000d6   Data           1  sweeprobot.o(.data)
    i                                        0x200000d7   Data           1  sweeprobot.o(.data)
    j                                        0x200000d8   Data           1  sweeprobot.o(.data)
    k                                        0x200000d9   Data           1  sweeprobot.o(.data)
    l                                        0x200000da   Data           1  sweeprobot.o(.data)
    HomingDataCnt                            0x200000db   Data           1  sweeprobot.o(.data)
    RepeatCodeFound                          0x200000dc   Data           1  sweeprobot.o(.data)
    HomingStateConfirmCnt                    0x200000dd   Data           1  sweeprobot.o(.data)
    .data                                    0x200000e0   Section        4  stdout.o(.data)
    .data                                    0x200000e4   Section        4  mvars.o(.data)
    .data                                    0x200000e8   Section        4  mvars.o(.data)
    .bss                                     0x200000ec   Section       32  batterymanage.o(.bss)
    TempADC                                  0x200000ec   Data          20  batterymanage.o(.bss)
    Msg                                      0x20000100   Data          12  batterymanage.o(.bss)
    .bss                                     0x2000010c   Section       30  irda.o(.bss)
    PulsTimeS                                0x2000010c   Data          10  irda.o(.bss)
    PulsTimeE                                0x20000116   Data          10  irda.o(.bss)
    PulsLen                                  0x20000120   Data          10  irda.o(.bss)
    .bss                                     0x2000012a   Section       28  measurement.o(.bss)
    .bss                                     0x20000148   Section      264  motionctrl.o(.bss)
    gIFRDTxOffRxVal                          0x20000238   Data          12  motionctrl.o(.bss)
    gMsg                                     0x20000244   Data          12  motionctrl.o(.bss)
    .bss                                     0x20000250   Section       20  sweeprobot.o(.bss)
    RobotHomingData                          0x20000250   Data          20  sweeprobot.o(.bss)
    .bss                                     0x20000264   Section      316  stm32f10x_it.o(.bss)
    stm32f10x_int_cb_tbl                     0x20000264   Data         316  stm32f10x_it.o(.bss)
    HEAP                                     0x200003a0   Section      512  startup_stm32f10x_hd.o(HEAP)
    STACK                                    0x200005a0   Section     1024  startup_stm32f10x_hd.o(STACK)

    Global Symbols

    Symbol Name                              Value     Ov Type        Size  Object(Section)

    BuildAttributes$$THM_ISAv4$P$D$K$B$S$PE$A:L22UL41UL21$X:L11$S22US41US21$IEEE1$IW$USESV6$~STKCKD$USESV7$~SHL$OTIME$ROPI$EBA8$MICROLIB$REQ8$PRES8$EABIv2 0x00000000   Number         0  anon$$obj.o ABSOLUTE
    __ARM_use_no_argv                        0x00000000   Number         0  main.o ABSOLUTE
    _printf_a                                0x00000000   Number         0  stubs.o ABSOLUTE
    _printf_c                                0x00000000   Number         0  stubs.o ABSOLUTE
    _printf_charcount                        0x00000000   Number         0  stubs.o ABSOLUTE
    _printf_d                                0x00000000   Number         0  stubs.o ABSOLUTE
    _printf_e                                0x00000000   Number         0  stubs.o ABSOLUTE
    _printf_f                                0x00000000   Number         0  stubs.o ABSOLUTE
    _printf_flags                            0x00000000   Number         0  stubs.o ABSOLUTE
    _printf_fp_dec                           0x00000000   Number         0  stubs.o ABSOLUTE
    _printf_fp_hex                           0x00000000   Number         0  stubs.o ABSOLUTE
    _printf_g                                0x00000000   Number         0  stubs.o ABSOLUTE
    _printf_i                                0x00000000   Number         0  stubs.o ABSOLUTE
    _printf_int_dec                          0x00000000   Number         0  stubs.o ABSOLUTE
    _printf_l                                0x00000000   Number         0  stubs.o ABSOLUTE
    _printf_lc                               0x00000000   Number         0  stubs.o ABSOLUTE
    _printf_ll                               0x00000000   Number         0  stubs.o ABSOLUTE
    _printf_lld                              0x00000000   Number         0  stubs.o ABSOLUTE
    _printf_lli                              0x00000000   Number         0  stubs.o ABSOLUTE
    _printf_llo                              0x00000000   Number         0  stubs.o ABSOLUTE
    _printf_llu                              0x00000000   Number         0  stubs.o ABSOLUTE
    _printf_llx                              0x00000000   Number         0  stubs.o ABSOLUTE
    _printf_longlong_dec                     0x00000000   Number         0  stubs.o ABSOLUTE
    _printf_longlong_hex                     0x00000000   Number         0  stubs.o ABSOLUTE
    _printf_longlong_oct                     0x00000000   Number         0  stubs.o ABSOLUTE
    _printf_ls                               0x00000000   Number         0  stubs.o ABSOLUTE
    _printf_mbtowc                           0x00000000   Number         0  stubs.o ABSOLUTE
    _printf_n                                0x00000000   Number         0  stubs.o ABSOLUTE
    _printf_o                                0x00000000   Number         0  stubs.o ABSOLUTE
    _printf_p                                0x00000000   Number         0  stubs.o ABSOLUTE
    _printf_percent                          0x00000000   Number         0  stubs.o ABSOLUTE
    _printf_pre_padding                      0x00000000   Number         0  stubs.o ABSOLUTE
    _printf_return_value                     0x00000000   Number         0  stubs.o ABSOLUTE
    _printf_s                                0x00000000   Number         0  stubs.o ABSOLUTE
    _printf_sizespec                         0x00000000   Number         0  stubs.o ABSOLUTE
    _printf_str                              0x00000000   Number         0  stubs.o ABSOLUTE
    _printf_truncate_signed                  0x00000000   Number         0  stubs.o ABSOLUTE
    _printf_truncate_unsigned                0x00000000   Number         0  stubs.o ABSOLUTE
    _printf_u                                0x00000000   Number         0  stubs.o ABSOLUTE
    _printf_wc                               0x00000000   Number         0  stubs.o ABSOLUTE
    _printf_wctomb                           0x00000000   Number         0  stubs.o ABSOLUTE
    _printf_widthprec                        0x00000000   Number         0  stubs.o ABSOLUTE
    _printf_x                                0x00000000   Number         0  stubs.o ABSOLUTE
    __cpp_initialize__aeabi_                  - Undefined Weak Reference
    __cxa_finalize                            - Undefined Weak Reference
    __decompress                              - Undefined Weak Reference
    _clock_init                               - Undefined Weak Reference
    _microlib_exit                            - Undefined Weak Reference
    __Vectors_Size                           0x00000130   Number         0  startup_stm32f10x_hd.o ABSOLUTE
    __Vectors                                0x08000000   Data           4  startup_stm32f10x_hd.o(RESET)
    __Vectors_End                            0x08000130   Data           0  startup_stm32f10x_hd.o(RESET)
    __main                                   0x08000131   Thumb Code     0  entry.o(.ARM.Collect$$$$00000000)
    _main_stk                                0x08000131   Thumb Code     0  entry2.o(.ARM.Collect$$$$00000001)
    _main_scatterload                        0x08000135   Thumb Code     0  entry5.o(.ARM.Collect$$$$00000004)
    __main_after_scatterload                 0x08000139   Thumb Code     0  entry5.o(.ARM.Collect$$$$00000004)
    _main_clock                              0x08000139   Thumb Code     0  entry7b.o(.ARM.Collect$$$$00000008)
    _main_cpp_init                           0x08000139   Thumb Code     0  entry8b.o(.ARM.Collect$$$$0000000A)
    _main_init                               0x08000139   Thumb Code     0  entry9a.o(.ARM.Collect$$$$0000000B)
    __rt_final_cpp                           0x08000141   Thumb Code     0  entry10a.o(.ARM.Collect$$$$0000000D)
    __rt_final_exit                          0x08000141   Thumb Code     0  entry11a.o(.ARM.Collect$$$$0000000F)
    Reset_Handler                            0x08000145   Thumb Code     8  startup_stm32f10x_hd.o(.text)
    ADC1_2_IRQHandler                        0x0800015f   Thumb Code     0  startup_stm32f10x_hd.o(.text)
    ADC3_IRQHandler                          0x0800015f   Thumb Code     0  startup_stm32f10x_hd.o(.text)
    CAN1_RX1_IRQHandler                      0x0800015f   Thumb Code     0  startup_stm32f10x_hd.o(.text)
    CAN1_SCE_IRQHandler                      0x0800015f   Thumb Code     0  startup_stm32f10x_hd.o(.text)
    DMA1_Channel1_IRQHandler                 0x0800015f   Thumb Code     0  startup_stm32f10x_hd.o(.text)
    DMA1_Channel2_IRQHandler                 0x0800015f   Thumb Code     0  startup_stm32f10x_hd.o(.text)
    DMA1_Channel3_IRQHandler                 0x0800015f   Thumb Code     0  startup_stm32f10x_hd.o(.text)
    DMA1_Channel4_IRQHandler                 0x0800015f   Thumb Code     0  startup_stm32f10x_hd.o(.text)
    DMA1_Channel5_IRQHandler                 0x0800015f   Thumb Code     0  startup_stm32f10x_hd.o(.text)
    DMA1_Channel6_IRQHandler                 0x0800015f   Thumb Code     0  startup_stm32f10x_hd.o(.text)
    DMA1_Channel7_IRQHandler                 0x0800015f   Thumb Code     0  startup_stm32f10x_hd.o(.text)
    DMA2_Channel1_IRQHandler                 0x0800015f   Thumb Code     0  startup_stm32f10x_hd.o(.text)
    DMA2_Channel2_IRQHandler                 0x0800015f   Thumb Code     0  startup_stm32f10x_hd.o(.text)
    DMA2_Channel3_IRQHandler                 0x0800015f   Thumb Code     0  startup_stm32f10x_hd.o(.text)
    DMA2_Channel4_5_IRQHandler               0x0800015f   Thumb Code     0  startup_stm32f10x_hd.o(.text)
    FLASH_IRQHandler                         0x0800015f   Thumb Code     0  startup_stm32f10x_hd.o(.text)
    FSMC_IRQHandler                          0x0800015f   Thumb Code     0  startup_stm32f10x_hd.o(.text)
    I2C1_ER_IRQHandler                       0x0800015f   Thumb Code     0  startup_stm32f10x_hd.o(.text)
    I2C1_EV_IRQHandler                       0x0800015f   Thumb Code     0  startup_stm32f10x_hd.o(.text)
    I2C2_ER_IRQHandler                       0x0800015f   Thumb Code     0  startup_stm32f10x_hd.o(.text)
    I2C2_EV_IRQHandler                       0x0800015f   Thumb Code     0  startup_stm32f10x_hd.o(.text)
    PVD_IRQHandler                           0x0800015f   Thumb Code     0  startup_stm32f10x_hd.o(.text)
    RCC_IRQHandler                           0x0800015f   Thumb Code     0  startup_stm32f10x_hd.o(.text)
    RTCAlarm_IRQHandler                      0x0800015f   Thumb Code     0  startup_stm32f10x_hd.o(.text)
    SDIO_IRQHandler                          0x0800015f   Thumb Code     0  startup_stm32f10x_hd.o(.text)
    SPI1_IRQHandler                          0x0800015f   Thumb Code     0  startup_stm32f10x_hd.o(.text)
    SPI2_IRQHandler                          0x0800015f   Thumb Code     0  startup_stm32f10x_hd.o(.text)
    SPI3_IRQHandler                          0x0800015f   Thumb Code     0  startup_stm32f10x_hd.o(.text)
    TAMPER_IRQHandler                        0x0800015f   Thumb Code     0  startup_stm32f10x_hd.o(.text)
    TIM1_BRK_IRQHandler                      0x0800015f   Thumb Code     0  startup_stm32f10x_hd.o(.text)
    TIM1_CC_IRQHandler                       0x0800015f   Thumb Code     0  startup_stm32f10x_hd.o(.text)
    TIM1_TRG_COM_IRQHandler                  0x0800015f   Thumb Code     0  startup_stm32f10x_hd.o(.text)
    TIM8_BRK_IRQHandler                      0x0800015f   Thumb Code     0  startup_stm32f10x_hd.o(.text)
    TIM8_CC_IRQHandler                       0x0800015f   Thumb Code     0  startup_stm32f10x_hd.o(.text)
    TIM8_TRG_COM_IRQHandler                  0x0800015f   Thumb Code     0  startup_stm32f10x_hd.o(.text)
    TIM8_UP_IRQHandler                       0x0800015f   Thumb Code     0  startup_stm32f10x_hd.o(.text)
    UART5_IRQHandler                         0x0800015f   Thumb Code     0  startup_stm32f10x_hd.o(.text)
    USART3_IRQHandler                        0x0800015f   Thumb Code     0  startup_stm32f10x_hd.o(.text)
    USBWakeUp_IRQHandler                     0x0800015f   Thumb Code     0  startup_stm32f10x_hd.o(.text)
    USB_HP_CAN1_TX_IRQHandler                0x0800015f   Thumb Code     0  startup_stm32f10x_hd.o(.text)
    WWDG_IRQHandler                          0x0800015f   Thumb Code     0  startup_stm32f10x_hd.o(.text)
    SystemInit                               0x08000247   Thumb Code    78  system_stm32f10x.o(.text)
    SystemCoreClockUpdate                    0x08000295   Thumb Code   142  system_stm32f10x.o(.text)
    NVIC_PriorityGroupConfig                 0x08000349   Thumb Code    10  misc.o(.text)
    NVIC_Init                                0x08000353   Thumb Code   100  misc.o(.text)
    NVIC_SetVectorTable                      0x080003b7   Thumb Code    14  misc.o(.text)
    NVIC_SystemLPConfig                      0x080003c5   Thumb Code    34  misc.o(.text)
    SysTick_CLKSourceConfig                  0x080003e7   Thumb Code    40  misc.o(.text)
    ADC_DeInit                               0x08000425   Thumb Code    78  stm32f10x_adc.o(.text)
    ADC_Init                                 0x08000473   Thumb Code    70  stm32f10x_adc.o(.text)
    ADC_StructInit                           0x080004b9   Thumb Code    18  stm32f10x_adc.o(.text)
    ADC_Cmd                                  0x080004cb   Thumb Code    22  stm32f10x_adc.o(.text)
    ADC_DMACmd                               0x080004e1   Thumb Code    22  stm32f10x_adc.o(.text)
    ADC_ITConfig                             0x080004f7   Thumb Code    24  stm32f10x_adc.o(.text)
    ADC_ResetCalibration                     0x0800050f   Thumb Code    10  stm32f10x_adc.o(.text)
    ADC_GetResetCalibrationStatus            0x08000519   Thumb Code    20  stm32f10x_adc.o(.text)
    ADC_StartCalibration                     0x0800052d   Thumb Code    10  stm32f10x_adc.o(.text)
    ADC_GetCalibrationStatus                 0x08000537   Thumb Code    20  stm32f10x_adc.o(.text)
    ADC_SoftwareStartConvCmd                 0x0800054b   Thumb Code    22  stm32f10x_adc.o(.text)
    ADC_GetSoftwareStartConvStatus           0x08000561   Thumb Code    20  stm32f10x_adc.o(.text)
    ADC_DiscModeChannelCountConfig           0x08000575   Thumb Code    24  stm32f10x_adc.o(.text)
    ADC_DiscModeCmd                          0x0800058d   Thumb Code    22  stm32f10x_adc.o(.text)
    ADC_RegularChannelConfig                 0x080005a3   Thumb Code   184  stm32f10x_adc.o(.text)
    ADC_ExternalTrigConvCmd                  0x0800065b   Thumb Code    22  stm32f10x_adc.o(.text)
    ADC_GetConversionValue                   0x08000671   Thumb Code     8  stm32f10x_adc.o(.text)
    ADC_GetDualModeConversionValue           0x08000679   Thumb Code     8  stm32f10x_adc.o(.text)
    ADC_AutoInjectedConvCmd                  0x08000681   Thumb Code    22  stm32f10x_adc.o(.text)
    ADC_InjectedDiscModeCmd                  0x08000697   Thumb Code    22  stm32f10x_adc.o(.text)
    ADC_ExternalTrigInjectedConvConfig       0x080006ad   Thumb Code    16  stm32f10x_adc.o(.text)
    ADC_ExternalTrigInjectedConvCmd          0x080006bd   Thumb Code    22  stm32f10x_adc.o(.text)
    ADC_SoftwareStartInjectedConvCmd         0x080006d3   Thumb Code    22  stm32f10x_adc.o(.text)
    ADC_GetSoftwareStartInjectedConvCmdStatus 0x080006e9   Thumb Code    20  stm32f10x_adc.o(.text)
    ADC_InjectedChannelConfig                0x080006fd   Thumb Code   130  stm32f10x_adc.o(.text)
    ADC_InjectedSequencerLengthConfig        0x0800077f   Thumb Code    24  stm32f10x_adc.o(.text)
    ADC_SetInjectedOffset                    0x08000797   Thumb Code    20  stm32f10x_adc.o(.text)
    ADC_GetInjectedConversionValue           0x080007ab   Thumb Code    28  stm32f10x_adc.o(.text)
    ADC_AnalogWatchdogCmd                    0x080007c7   Thumb Code    16  stm32f10x_adc.o(.text)
    ADC_AnalogWatchdogThresholdsConfig       0x080007d7   Thumb Code     6  stm32f10x_adc.o(.text)
    ADC_AnalogWatchdogSingleChannelConfig    0x080007dd   Thumb Code    16  stm32f10x_adc.o(.text)
    ADC_TempSensorVrefintCmd                 0x080007ed   Thumb Code    64  stm32f10x_adc.o(.text)
    ADC_GetFlagStatus                        0x0800082d   Thumb Code    18  stm32f10x_adc.o(.text)
    ADC_ClearFlag                            0x0800083f   Thumb Code     6  stm32f10x_adc.o(.text)
    ADC_GetITStatus                          0x08000845   Thumb Code    36  stm32f10x_adc.o(.text)
    ADC_ClearITPendingBit                    0x08000869   Thumb Code    10  stm32f10x_adc.o(.text)
    BKP_DeInit                               0x08000875   Thumb Code    16  stm32f10x_bkp.o(.text)
    BKP_TamperPinLevelConfig                 0x08000885   Thumb Code     6  stm32f10x_bkp.o(.text)
    BKP_TamperPinCmd                         0x0800088b   Thumb Code     8  stm32f10x_bkp.o(.text)
    BKP_ITConfig                             0x08000893   Thumb Code     8  stm32f10x_bkp.o(.text)
    BKP_RTCOutputConfig                      0x0800089b   Thumb Code    22  stm32f10x_bkp.o(.text)
    BKP_SetRTCCalibrationValue               0x080008b1   Thumb Code    22  stm32f10x_bkp.o(.text)
    BKP_WriteBackupRegister                  0x080008c7   Thumb Code    24  stm32f10x_bkp.o(.text)
    BKP_ReadBackupRegister                   0x080008df   Thumb Code    26  stm32f10x_bkp.o(.text)
    BKP_GetFlagStatus                        0x080008f9   Thumb Code    10  stm32f10x_bkp.o(.text)
    BKP_ClearFlag                            0x08000903   Thumb Code    18  stm32f10x_bkp.o(.text)
    BKP_GetITStatus                          0x08000915   Thumb Code    10  stm32f10x_bkp.o(.text)
    BKP_ClearITPendingBit                    0x0800091f   Thumb Code    18  stm32f10x_bkp.o(.text)
    DMA_DeInit                               0x08000939   Thumb Code   324  stm32f10x_dma.o(.text)
    DMA_Init                                 0x08000a7d   Thumb Code    60  stm32f10x_dma.o(.text)
    DMA_StructInit                           0x08000ab9   Thumb Code    26  stm32f10x_dma.o(.text)
    DMA_Cmd                                  0x08000ad3   Thumb Code    24  stm32f10x_dma.o(.text)
    DMA_ITConfig                             0x08000aeb   Thumb Code    18  stm32f10x_dma.o(.text)
    DMA_SetCurrDataCounter                   0x08000afd   Thumb Code     4  stm32f10x_dma.o(.text)
    DMA_GetCurrDataCounter                   0x08000b01   Thumb Code     8  stm32f10x_dma.o(.text)
    DMA_GetFlagStatus                        0x08000b09   Thumb Code    40  stm32f10x_dma.o(.text)
    DMA_ClearFlag                            0x08000b31   Thumb Code    22  stm32f10x_dma.o(.text)
    DMA_GetITStatus                          0x08000b47   Thumb Code    40  stm32f10x_dma.o(.text)
    DMA_ClearITPendingBit                    0x08000b6f   Thumb Code    22  stm32f10x_dma.o(.text)
    EXTI_DeInit                              0x08000b8d   Thumb Code    28  stm32f10x_exti.o(.text)
    EXTI_Init                                0x08000ba9   Thumb Code   142  stm32f10x_exti.o(.text)
    EXTI_StructInit                          0x08000c37   Thumb Code    16  stm32f10x_exti.o(.text)
    EXTI_GenerateSWInterrupt                 0x08000c47   Thumb Code    16  stm32f10x_exti.o(.text)
    EXTI_GetFlagStatus                       0x08000c57   Thumb Code    22  stm32f10x_exti.o(.text)
    EXTI_ClearFlag                           0x08000c6d   Thumb Code     8  stm32f10x_exti.o(.text)
    EXTI_GetITStatus                         0x08000c75   Thumb Code    34  stm32f10x_exti.o(.text)
    EXTI_ClearITPendingBit                   0x08000c97   Thumb Code     8  stm32f10x_exti.o(.text)
    GPIO_DeInit                              0x08000ca9   Thumb Code   172  stm32f10x_gpio.o(.text)
    GPIO_AFIODeInit                          0x08000d55   Thumb Code    20  stm32f10x_gpio.o(.text)
    GPIO_Init                                0x08000d69   Thumb Code   278  stm32f10x_gpio.o(.text)
    GPIO_StructInit                          0x08000e7f   Thumb Code    16  stm32f10x_gpio.o(.text)
    GPIO_ReadInputDataBit                    0x08000e8f   Thumb Code    18  stm32f10x_gpio.o(.text)
    GPIO_ReadInputData                       0x08000ea1   Thumb Code     8  stm32f10x_gpio.o(.text)
    GPIO_ReadOutputDataBit                   0x08000ea9   Thumb Code    18  stm32f10x_gpio.o(.text)
    GPIO_ReadOutputData                      0x08000ebb   Thumb Code     8  stm32f10x_gpio.o(.text)
    GPIO_SetBits                             0x08000ec3   Thumb Code     4  stm32f10x_gpio.o(.text)
    GPIO_ResetBits                           0x08000ec7   Thumb Code     4  stm32f10x_gpio.o(.text)
    GPIO_WriteBit                            0x08000ecb   Thumb Code    10  stm32f10x_gpio.o(.text)
    GPIO_Write                               0x08000ed5   Thumb Code     4  stm32f10x_gpio.o(.text)
    GPIO_PinLockConfig                       0x08000ed9   Thumb Code    18  stm32f10x_gpio.o(.text)
    GPIO_EventOutputConfig                   0x08000eeb   Thumb Code    26  stm32f10x_gpio.o(.text)
    GPIO_EventOutputCmd                      0x08000f05   Thumb Code     6  stm32f10x_gpio.o(.text)
    GPIO_PinRemapConfig                      0x08000f0b   Thumb Code   138  stm32f10x_gpio.o(.text)
    GPIO_EXTILineConfig                      0x08000f95   Thumb Code    66  stm32f10x_gpio.o(.text)
    GPIO_ETH_MediaInterfaceConfig            0x08000fd7   Thumb Code     8  stm32f10x_gpio.o(.text)
    PWR_DeInit                               0x08001005   Thumb Code    22  stm32f10x_pwr.o(.text)
    PWR_BackupAccessCmd                      0x0800101b   Thumb Code     6  stm32f10x_pwr.o(.text)
    PWR_PVDCmd                               0x08001021   Thumb Code     6  stm32f10x_pwr.o(.text)
    PWR_PVDLevelConfig                       0x08001027   Thumb Code    18  stm32f10x_pwr.o(.text)
    PWR_WakeUpPinCmd                         0x08001039   Thumb Code     8  stm32f10x_pwr.o(.text)
    PWR_EnterSTOPMode                        0x08001041   Thumb Code    54  stm32f10x_pwr.o(.text)
    PWR_EnterSTANDBYMode                     0x08001077   Thumb Code    42  stm32f10x_pwr.o(.text)
    PWR_GetFlagStatus                        0x080010a1   Thumb Code    20  stm32f10x_pwr.o(.text)
    PWR_ClearFlag                            0x080010b5   Thumb Code    14  stm32f10x_pwr.o(.text)
    RCC_DeInit                               0x080010d1   Thumb Code    64  stm32f10x_rcc.o(.text)
    RCC_HSEConfig                            0x08001111   Thumb Code    70  stm32f10x_rcc.o(.text)
    RCC_GetFlagStatus                        0x08001157   Thumb Code    56  stm32f10x_rcc.o(.text)
    RCC_WaitForHSEStartUp                    0x0800118f   Thumb Code    56  stm32f10x_rcc.o(.text)
    RCC_AdjustHSICalibrationValue            0x080011c7   Thumb Code    20  stm32f10x_rcc.o(.text)
    RCC_HSICmd                               0x080011db   Thumb Code     6  stm32f10x_rcc.o(.text)
    RCC_PLLConfig                            0x080011e1   Thumb Code    24  stm32f10x_rcc.o(.text)
    RCC_PLLCmd                               0x080011f9   Thumb Code     6  stm32f10x_rcc.o(.text)
    RCC_SYSCLKConfig                         0x080011ff   Thumb Code    18  stm32f10x_rcc.o(.text)
    RCC_GetSYSCLKSource                      0x08001211   Thumb Code    10  stm32f10x_rcc.o(.text)
    RCC_HCLKConfig                           0x0800121b   Thumb Code    18  stm32f10x_rcc.o(.text)
    RCC_PCLK1Config                          0x0800122d   Thumb Code    18  stm32f10x_rcc.o(.text)
    RCC_PCLK2Config                          0x0800123f   Thumb Code    20  stm32f10x_rcc.o(.text)
    RCC_ITConfig                             0x08001253   Thumb Code    26  stm32f10x_rcc.o(.text)
    RCC_USBCLKConfig                         0x0800126d   Thumb Code     8  stm32f10x_rcc.o(.text)
    RCC_ADCCLKConfig                         0x08001275   Thumb Code    18  stm32f10x_rcc.o(.text)
    RCC_LSEConfig                            0x08001287   Thumb Code    50  stm32f10x_rcc.o(.text)
    RCC_LSICmd                               0x080012b9   Thumb Code     6  stm32f10x_rcc.o(.text)
    RCC_RTCCLKConfig                         0x080012bf   Thumb Code    12  stm32f10x_rcc.o(.text)
    RCC_RTCCLKCmd                            0x080012cb   Thumb Code     8  stm32f10x_rcc.o(.text)
    RCC_GetClocksFreq                        0x080012d3   Thumb Code   192  stm32f10x_rcc.o(.text)
    RCC_AHBPeriphClockCmd                    0x08001393   Thumb Code    26  stm32f10x_rcc.o(.text)
    RCC_APB2PeriphClockCmd                   0x080013ad   Thumb Code    26  stm32f10x_rcc.o(.text)
    RCC_APB1PeriphClockCmd                   0x080013c7   Thumb Code    26  stm32f10x_rcc.o(.text)
    RCC_APB2PeriphResetCmd                   0x080013e1   Thumb Code    26  stm32f10x_rcc.o(.text)
    RCC_APB1PeriphResetCmd                   0x080013fb   Thumb Code    26  stm32f10x_rcc.o(.text)
    RCC_BackupResetCmd                       0x08001415   Thumb Code     8  stm32f10x_rcc.o(.text)
    RCC_ClockSecuritySystemCmd               0x0800141d   Thumb Code     6  stm32f10x_rcc.o(.text)
    RCC_MCOConfig                            0x08001423   Thumb Code     6  stm32f10x_rcc.o(.text)
    RCC_ClearFlag                            0x08001429   Thumb Code    14  stm32f10x_rcc.o(.text)
    RCC_GetITStatus                          0x08001437   Thumb Code    20  stm32f10x_rcc.o(.text)
    RCC_ClearITPendingBit                    0x0800144b   Thumb Code     6  stm32f10x_rcc.o(.text)
    RTC_ITConfig                             0x08001475   Thumb Code    26  stm32f10x_rtc.o(.text)
    RTC_EnterConfigMode                      0x0800148f   Thumb Code    18  stm32f10x_rtc.o(.text)
    RTC_ExitConfigMode                       0x080014a1   Thumb Code    20  stm32f10x_rtc.o(.text)
    RTC_GetCounter                           0x080014b5   Thumb Code    40  stm32f10x_rtc.o(.text)
    RTC_SetCounter                           0x080014dd   Thumb Code    26  stm32f10x_rtc.o(.text)
    RTC_SetPrescaler                         0x080014f7   Thumb Code    28  stm32f10x_rtc.o(.text)
    RTC_SetAlarm                             0x08001513   Thumb Code    26  stm32f10x_rtc.o(.text)
    RTC_GetDivider                           0x0800152d   Thumb Code    22  stm32f10x_rtc.o(.text)
    RTC_WaitForLastTask                      0x08001543   Thumb Code    18  stm32f10x_rtc.o(.text)
    RTC_WaitForSynchro                       0x08001555   Thumb Code    36  stm32f10x_rtc.o(.text)
    RTC_GetFlagStatus                        0x08001579   Thumb Code    22  stm32f10x_rtc.o(.text)
    RTC_ClearFlag                            0x0800158f   Thumb Code    16  stm32f10x_rtc.o(.text)
    RTC_GetITStatus                          0x0800159f   Thumb Code    32  stm32f10x_rtc.o(.text)
    RTC_ClearITPendingBit                    0x080015bf   Thumb Code    16  stm32f10x_rtc.o(.text)
    TIM_DeInit                               0x080015d5   Thumb Code   424  stm32f10x_tim.o(.text)
    TIM_TimeBaseInit                         0x0800177d   Thumb Code   122  stm32f10x_tim.o(.text)
    TIM_OC1Init                              0x080017f7   Thumb Code   132  stm32f10x_tim.o(.text)
    TIM_OC2Init                              0x0800187b   Thumb Code   154  stm32f10x_tim.o(.text)
    TIM_OC3Init                              0x08001915   Thumb Code   150  stm32f10x_tim.o(.text)
    TIM_OC4Init                              0x080019ab   Thumb Code   182  stm32f10x_tim.o(.text)
    TIM_SetIC4Prescaler                      0x08001a61   Thumb Code    26  stm32f10x_tim.o(.text)
    TIM_SetIC3Prescaler                      0x08001afd   Thumb Code    18  stm32f10x_tim.o(.text)
    TIM_SetIC2Prescaler                      0x08001b89   Thumb Code    26  stm32f10x_tim.o(.text)
    TIM_SetIC1Prescaler                      0x08001c25   Thumb Code    18  stm32f10x_tim.o(.text)
    TIM_ICInit                               0x08001ca3   Thumb Code   150  stm32f10x_tim.o(.text)
    TIM_PWMIConfig                           0x08001d39   Thumb Code   124  stm32f10x_tim.o(.text)
    TIM_BDTRConfig                           0x08001db5   Thumb Code    32  stm32f10x_tim.o(.text)
    TIM_TimeBaseStructInit                   0x08001dd5   Thumb Code    18  stm32f10x_tim.o(.text)
    TIM_OCStructInit                         0x08001de7   Thumb Code    20  stm32f10x_tim.o(.text)
    TIM_ICStructInit                         0x08001dfb   Thumb Code    18  stm32f10x_tim.o(.text)
    TIM_BDTRStructInit                       0x08001e0d   Thumb Code    40  stm32f10x_tim.o(.text)
    TIM_Cmd                                  0x08001e35   Thumb Code    24  stm32f10x_tim.o(.text)
    TIM_CtrlPWMOutputs                       0x08001e4d   Thumb Code    30  stm32f10x_tim.o(.text)
    TIM_ITConfig                             0x08001e6b   Thumb Code    18  stm32f10x_tim.o(.text)
    TIM_GenerateEvent                        0x08001e7d   Thumb Code     4  stm32f10x_tim.o(.text)
    TIM_DMAConfig                            0x08001e81   Thumb Code    10  stm32f10x_tim.o(.text)
    TIM_DMACmd                               0x08001e8b   Thumb Code    18  stm32f10x_tim.o(.text)
    TIM_InternalClockConfig                  0x08001e9d   Thumb Code    12  stm32f10x_tim.o(.text)
    TIM_SelectInputTrigger                   0x08001ea9   Thumb Code    18  stm32f10x_tim.o(.text)
    TIM_ITRxExternalClockConfig              0x08001ebb   Thumb Code    24  stm32f10x_tim.o(.text)
    TIM_TIxExternalClockConfig               0x08001ed3   Thumb Code    62  stm32f10x_tim.o(.text)
    TIM_ETRConfig                            0x08001f11   Thumb Code    28  stm32f10x_tim.o(.text)
    TIM_ETRClockMode1Config                  0x08001f2d   Thumb Code    54  stm32f10x_tim.o(.text)
    TIM_ETRClockMode2Config                  0x08001f63   Thumb Code    32  stm32f10x_tim.o(.text)
    TIM_PrescalerConfig                      0x08001f83   Thumb Code     6  stm32f10x_tim.o(.text)
    TIM_CounterModeConfig                    0x08001f89   Thumb Code    18  stm32f10x_tim.o(.text)
    TIM_EncoderInterfaceConfig               0x08001f9b   Thumb Code    66  stm32f10x_tim.o(.text)
    TIM_ForcedOC1Config                      0x08001fdd   Thumb Code    18  stm32f10x_tim.o(.text)
    TIM_ForcedOC2Config                      0x08001fef   Thumb Code    26  stm32f10x_tim.o(.text)
    TIM_ForcedOC3Config                      0x08002009   Thumb Code    18  stm32f10x_tim.o(.text)
    TIM_ForcedOC4Config                      0x0800201b   Thumb Code    26  stm32f10x_tim.o(.text)
    TIM_ARRPreloadConfig                     0x08002035   Thumb Code    24  stm32f10x_tim.o(.text)
    TIM_SelectCOM                            0x0800204d   Thumb Code    24  stm32f10x_tim.o(.text)
    TIM_SelectCCDMA                          0x08002065   Thumb Code    24  stm32f10x_tim.o(.text)
    TIM_CCPreloadControl                     0x0800207d   Thumb Code    24  stm32f10x_tim.o(.text)
    TIM_OC1PreloadConfig                     0x08002095   Thumb Code    18  stm32f10x_tim.o(.text)
    TIM_OC2PreloadConfig                     0x080020a7   Thumb Code    26  stm32f10x_tim.o(.text)
    TIM_OC3PreloadConfig                     0x080020c1   Thumb Code    18  stm32f10x_tim.o(.text)
    TIM_OC4PreloadConfig                     0x080020d3   Thumb Code    26  stm32f10x_tim.o(.text)
    TIM_OC1FastConfig                        0x080020ed   Thumb Code    18  stm32f10x_tim.o(.text)
    TIM_OC2FastConfig                        0x080020ff   Thumb Code    26  stm32f10x_tim.o(.text)
    TIM_OC3FastConfig                        0x08002119   Thumb Code    18  stm32f10x_tim.o(.text)
    TIM_OC4FastConfig                        0x0800212b   Thumb Code    26  stm32f10x_tim.o(.text)
    TIM_ClearOC1Ref                          0x08002145   Thumb Code    18  stm32f10x_tim.o(.text)
    TIM_ClearOC2Ref                          0x08002157   Thumb Code    24  stm32f10x_tim.o(.text)
    TIM_ClearOC3Ref                          0x0800216f   Thumb Code    18  stm32f10x_tim.o(.text)
    TIM_ClearOC4Ref                          0x08002181   Thumb Code    24  stm32f10x_tim.o(.text)
    TIM_OC1PolarityConfig                    0x08002199   Thumb Code    18  stm32f10x_tim.o(.text)
    TIM_OC1NPolarityConfig                   0x080021ab   Thumb Code    18  stm32f10x_tim.o(.text)
    TIM_OC2PolarityConfig                    0x080021bd   Thumb Code    26  stm32f10x_tim.o(.text)
    TIM_OC2NPolarityConfig                   0x080021d7   Thumb Code    26  stm32f10x_tim.o(.text)
    TIM_OC3PolarityConfig                    0x080021f1   Thumb Code    26  stm32f10x_tim.o(.text)
    TIM_OC3NPolarityConfig                   0x0800220b   Thumb Code    26  stm32f10x_tim.o(.text)
    TIM_OC4PolarityConfig                    0x08002225   Thumb Code    26  stm32f10x_tim.o(.text)
    TIM_CCxCmd                               0x0800223f   Thumb Code    30  stm32f10x_tim.o(.text)
    TIM_CCxNCmd                              0x0800225d   Thumb Code    30  stm32f10x_tim.o(.text)
    TIM_SelectOCxM                           0x0800227b   Thumb Code    82  stm32f10x_tim.o(.text)
    TIM_UpdateDisableConfig                  0x080022cd   Thumb Code    24  stm32f10x_tim.o(.text)
    TIM_UpdateRequestConfig                  0x080022e5   Thumb Code    24  stm32f10x_tim.o(.text)
    TIM_SelectHallSensor                     0x080022fd   Thumb Code    24  stm32f10x_tim.o(.text)
    TIM_SelectOnePulseMode                   0x08002315   Thumb Code    18  stm32f10x_tim.o(.text)
    TIM_SelectOutputTrigger                  0x08002327   Thumb Code    18  stm32f10x_tim.o(.text)
    TIM_SelectSlaveMode                      0x08002339   Thumb Code    18  stm32f10x_tim.o(.text)
    TIM_SelectMasterSlaveMode                0x0800234b   Thumb Code    18  stm32f10x_tim.o(.text)
    TIM_SetCounter                           0x0800235d   Thumb Code     4  stm32f10x_tim.o(.text)
    TIM_SetAutoreload                        0x08002361   Thumb Code     4  stm32f10x_tim.o(.text)
    TIM_SetCompare1                          0x08002365   Thumb Code     4  stm32f10x_tim.o(.text)
    TIM_SetCompare2                          0x08002369   Thumb Code     4  stm32f10x_tim.o(.text)
    TIM_SetCompare3                          0x0800236d   Thumb Code     4  stm32f10x_tim.o(.text)
    TIM_SetCompare4                          0x08002371   Thumb Code     6  stm32f10x_tim.o(.text)
    TIM_SetClockDivision                     0x08002377   Thumb Code    18  stm32f10x_tim.o(.text)
    TIM_GetCapture1                          0x08002389   Thumb Code     6  stm32f10x_tim.o(.text)
    TIM_GetCapture2                          0x0800238f   Thumb Code     6  stm32f10x_tim.o(.text)
    TIM_GetCapture3                          0x08002395   Thumb Code     6  stm32f10x_tim.o(.text)
    TIM_GetCapture4                          0x0800239b   Thumb Code     8  stm32f10x_tim.o(.text)
    TIM_GetCounter                           0x080023a3   Thumb Code     6  stm32f10x_tim.o(.text)
    TIM_GetPrescaler                         0x080023a9   Thumb Code     6  stm32f10x_tim.o(.text)
    TIM_GetFlagStatus                        0x080023af   Thumb Code    18  stm32f10x_tim.o(.text)
    TIM_ClearFlag                            0x080023c1   Thumb Code     6  stm32f10x_tim.o(.text)
    TIM_GetITStatus                          0x080023c7   Thumb Code    34  stm32f10x_tim.o(.text)
    TIM_ClearITPendingBit                    0x080023e9   Thumb Code     6  stm32f10x_tim.o(.text)
    USART_DeInit                             0x080023f1   Thumb Code   134  stm32f10x_usart.o(.text)
    USART_Init                               0x08002477   Thumb Code   210  stm32f10x_usart.o(.text)
    USART_StructInit                         0x08002549   Thumb Code    24  stm32f10x_usart.o(.text)
    USART_ClockInit                          0x08002561   Thumb Code    34  stm32f10x_usart.o(.text)
    USART_ClockStructInit                    0x08002583   Thumb Code    12  stm32f10x_usart.o(.text)
    USART_Cmd                                0x0800258f   Thumb Code    24  stm32f10x_usart.o(.text)
    USART_ITConfig                           0x080025a7   Thumb Code    74  stm32f10x_usart.o(.text)
    USART_DMACmd                             0x080025f1   Thumb Code    18  stm32f10x_usart.o(.text)
    USART_SetAddress                         0x08002603   Thumb Code    18  stm32f10x_usart.o(.text)
    USART_WakeUpConfig                       0x08002615   Thumb Code    18  stm32f10x_usart.o(.text)
    USART_ReceiverWakeUpCmd                  0x08002627   Thumb Code    24  stm32f10x_usart.o(.text)
    USART_LINBreakDetectLengthConfig         0x0800263f   Thumb Code    18  stm32f10x_usart.o(.text)
    USART_LINCmd                             0x08002651   Thumb Code    24  stm32f10x_usart.o(.text)
    USART_SendData                           0x08002669   Thumb Code     8  stm32f10x_usart.o(.text)
    USART_ReceiveData                        0x08002671   Thumb Code    10  stm32f10x_usart.o(.text)
    USART_SendBreak                          0x0800267b   Thumb Code    10  stm32f10x_usart.o(.text)
    USART_SetGuardTime                       0x08002685   Thumb Code    16  stm32f10x_usart.o(.text)
    USART_SetPrescaler                       0x08002695   Thumb Code    16  stm32f10x_usart.o(.text)
    USART_SmartCardCmd                       0x080026a5   Thumb Code    24  stm32f10x_usart.o(.text)
    USART_SmartCardNACKCmd                   0x080026bd   Thumb Code    24  stm32f10x_usart.o(.text)
    USART_HalfDuplexCmd                      0x080026d5   Thumb Code    24  stm32f10x_usart.o(.text)
    USART_OverSampling8Cmd                   0x080026ed   Thumb Code    22  stm32f10x_usart.o(.text)
    USART_OneBitMethodCmd                    0x08002703   Thumb Code    24  stm32f10x_usart.o(.text)
    USART_IrDAConfig                         0x0800271b   Thumb Code    18  stm32f10x_usart.o(.text)
    USART_IrDACmd                            0x0800272d   Thumb Code    24  stm32f10x_usart.o(.text)
    USART_GetFlagStatus                      0x08002745   Thumb Code    26  stm32f10x_usart.o(.text)
    USART_ClearFlag                          0x0800275f   Thumb Code    18  stm32f10x_usart.o(.text)
    USART_GetITStatus                        0x08002771   Thumb Code    84  stm32f10x_usart.o(.text)
    USART_ClearITPendingBit                  0x080027c5   Thumb Code    52  stm32f10x_usart.o(.text)
    BM_ChargeStop                            0x080027f9   Thumb Code     8  batterymanage.o(.text)
    BM_ChargeExit                            0x08002801   Thumb Code    20  batterymanage.o(.text)
    BM_ChargeStart                           0x08002815   Thumb Code     8  batterymanage.o(.text)
    BM_ChargePowerDec                        0x0800281d   Thumb Code    44  batterymanage.o(.text)
    BM_ChargePowerInc                        0x08002849   Thumb Code    46  batterymanage.o(.text)
    BM_ChargeProc                            0x08002877   Thumb Code   196  batterymanage.o(.text)
    BM_ConditionUpdate                       0x0800293b   Thumb Code   730  batterymanage.o(.text)
    BM_Init                                  0x08002c15   Thumb Code   164  batterymanage.o(.text)
    BuzzerClock                              0x08002cc1   Thumb Code   138  buzzer.o(.text)
    Buzzer_Init                              0x08002d4b   Thumb Code   156  buzzer.o(.text)
    Buzzer_Stop                              0x08002de7   Thumb Code    22  buzzer.o(.text)
    Buzzer_Play                              0x08002dfd   Thumb Code    80  buzzer.o(.text)
    CtrlPanel_LEDCtrl                        0x08002e61   Thumb Code    18  ctrlpanel.o(.text)
    CtrlPanel_LEDCtrlProc                    0x08002e73   Thumb Code   258  ctrlpanel.o(.text)
    CtrlPanel_RemoteCB                       0x08002f75   Thumb Code    36  ctrlpanel.o(.text)
    CtrlPanel_AllInOneBtnUpProc              0x08002f99   Thumb Code    46  ctrlpanel.o(.text)
    CtrlPanel_AllInOneBtnDownProc            0x08002fc7   Thumb Code    16  ctrlpanel.o(.text)
    CtrlPanel_Init                           0x08002fd7   Thumb Code   118  ctrlpanel.o(.text)
    PwrStationHomingSigProc                  0x0800306d   Thumb Code    44  irda.o(.text)
    IrDA_BackLightIsr                        0x080031d1   Thumb Code    10  irda.o(.text)
    IrDA_LeftLightIsr                        0x080031db   Thumb Code    10  irda.o(.text)
    IrDA_FrontLLightIsr                      0x080031e5   Thumb Code    10  irda.o(.text)
    IrDA_FrontRLightIsr                      0x080031ef   Thumb Code    10  irda.o(.text)
    IrDA_RightLightIsr                       0x080031f9   Thumb Code    10  irda.o(.text)
    IrDA_Init                                0x08003203   Thumb Code   294  irda.o(.text)
    IrDA_DeInit                              0x08003329   Thumb Code     8  irda.o(.text)
    IrDA_ProcessEJE                          0x08003331   Thumb Code    24  irda.o(.text)
    Key_EvtProccess                          0x08003379   Thumb Code   116  key.o(.text)
    Key_CoreInit                             0x080033ed   Thumb Code   106  key.o(.text)
    Key_StartListen                          0x08003457   Thumb Code    12  key.o(.text)
    Key_StopListen                           0x08003463   Thumb Code    12  key.o(.text)
    Key_Register                             0x0800346f   Thumb Code   116  key.o(.text)
    Key_Deregister                           0x080034e3   Thumb Code    76  key.o(.text)
    main                                     0x08003541   Thumb Code    38  main.o(.text)
    Meas_Init                                0x08003569   Thumb Code   536  measurement.o(.text)
    Meas_Start                               0x08003781   Thumb Code    86  measurement.o(.text)
    Meas_Stop                                0x080037d7   Thumb Code    42  measurement.o(.text)
    LWheelCounterISR                         0x08003819   Thumb Code    68  motionctrl.o(.text)
    RWheelCounterISR                         0x0800385d   Thumb Code    68  motionctrl.o(.text)
    ExceptionStateCheck                      0x080038a1   Thumb Code   204  motionctrl.o(.text)
    MotionStateProc                          0x0800396d   Thumb Code  1556  motionctrl.o(.text)
    WheelSpeedAdjustProc                     0x08003f81   Thumb Code   576  motionctrl.o(.text)
    IFRD_PathDetectInit                      0x080041c1   Thumb Code   266  motionctrl.o(.text)
    MotionCtrl_Init                          0x08004421   Thumb Code   360  motionctrl.o(.text)
    MotionCtrl_Stop                          0x080045fd   Thumb Code    58  motionctrl.o(.text)
    MotionCtrl_Proc                          0x080049d9   Thumb Code   232  motionctrl.o(.text)
    MotionCtrl_Start                         0x08004ac1   Thumb Code    38  motionctrl.o(.text)
    MotionCtrl_PathFaultBackProcCompleteCondTest 0x08004ae7   Thumb Code    28  motionctrl.o(.text)
    MotionCtrl_PathFaultTryTurnCondTest      0x08004b03   Thumb Code    90  motionctrl.o(.text)
    MotionCtrl_PathFaultEdgeModeProcAct      0x08004b5d   Thumb Code    12  motionctrl.o(.text)
    MotionCtrl_PathFaultTurnProcCompleteCondTest 0x08004b69   Thumb Code    20  motionctrl.o(.text)
    MotionCtrl_PathFaultProc                 0x08004b7d   Thumb Code   822  motionctrl.o(.text)
    ExceptionHandleFinishCB                  0x08004eb3   Thumb Code    34  motionctrl.o(.text)
    MotionCtrl_ExceptionProc_Speed_Set       0x08004ed5   Thumb Code    38  motionctrl.o(.text)
    MotionCtrl_ExceptionHandle               0x08005061   Thumb Code   174  motionctrl.o(.text)
    MotionCtrl_TrapProc                      0x0800510f   Thumb Code   242  motionctrl.o(.text)
    MotionCtrl_ChargeStationAvoid            0x08005201   Thumb Code   134  motionctrl.o(.text)
    MotionCtrl_MoveDirTune                   0x08005287   Thumb Code    34  motionctrl.o(.text)
    MotionCtrl_MoveDirectly                  0x080052a9   Thumb Code    80  motionctrl.o(.text)
    MotionCtrl_HomingMotionInit              0x080052f9   Thumb Code    68  motionctrl.o(.text)
    MotionCtrl_DishomingMotionInit           0x0800533d   Thumb Code   168  motionctrl.o(.text)
    MotionCtrl_AutoMotionInit                0x080053e5   Thumb Code    72  motionctrl.o(.text)
    MotionCtrl_SpotMotionInit                0x0800542d   Thumb Code    92  motionctrl.o(.text)
    MotionCtrl_EdgeMotionInit                0x08005489   Thumb Code    78  motionctrl.o(.text)
    MotionCtrl_ManualCtrlProc                0x080054d7   Thumb Code   212  motionctrl.o(.text)
    MotorCtrl_Init                           0x080055d9   Thumb Code   180  motorctrl.o(.text)
    MotorCtrl_ChanSpeedLevelSet              0x0800568d   Thumb Code    50  motorctrl.o(.text)
    MotorCtrl_ChanSpeedLevelGet              0x080056bf   Thumb Code    30  motorctrl.o(.text)
    MotorCtrl_ChanSpeedDec                   0x080056dd   Thumb Code    32  motorctrl.o(.text)
    MotorCtrl_ChanSpeedInc                   0x080056fd   Thumb Code    46  motorctrl.o(.text)
    MotorCtrl_ChanDirSet                     0x0800572b   Thumb Code    64  motorctrl.o(.text)
    MotorCtrl_ChanDirGet                     0x0800576b   Thumb Code    32  motorctrl.o(.text)
    MotorCtrl_ChanStateGet                   0x0800578b   Thumb Code    70  motorctrl.o(.text)
    MsgQueue_Create                          0x080057d9   Thumb Code    90  msgqueue.o(.text)
    MsgQueue_InQueue                         0x08005833   Thumb Code    68  msgqueue.o(.text)
    MsgQueue_DeQueue                         0x08005877   Thumb Code    18  msgqueue.o(.text)
    PWM_ControllerInit                       0x08005889   Thumb Code   240  pwm.o(.text)
    PWM_ChanInit                             0x08005979   Thumb Code   216  pwm.o(.text)
    PWM_DutyCycleSet                         0x08005a51   Thumb Code   140  pwm.o(.text)
    PWM_DutyCycleGet                         0x08005add   Thumb Code   146  pwm.o(.text)
    PWM_ControllerStart                      0x08005b6f   Thumb Code    74  pwm.o(.text)
    PWM_ControllerStop                       0x08005bb9   Thumb Code    74  pwm.o(.text)
    PM_SysTryToStandby                       0x08005c19   Thumb Code    48  pwrmanagement.o(.text)
    PM_SysTryToResume                        0x08005c49   Thumb Code    32  pwrmanagement.o(.text)
    PM_Init                                  0x08005c69   Thumb Code    72  pwrmanagement.o(.text)
    PM_DeInit                                0x08005cb1   Thumb Code     2  pwrmanagement.o(.text)
    PM_EnterPwrMode                          0x08005cb3   Thumb Code    66  pwrmanagement.o(.text)
    RTC_Configuration                        0x08005cfd   Thumb Code    76  rtc.o(.text)
    Time_Adjust                              0x08005d49   Thumb Code    38  rtc.o(.text)
    Time_Display                             0x08005d6f   Thumb Code    80  rtc.o(.text)
    RTC_AlarmWork                            0x08005dbf   Thumb Code    66  rtc.o(.text)
    RTC_AlarmSet                             0x08005e01   Thumb Code    84  rtc.o(.text)
    RTC_AlarmGet                             0x08005e55   Thumb Code    18  rtc.o(.text)
    RTC_LoadAlarmCfg                         0x08005e67   Thumb Code   106  rtc.o(.text)
    RTC_Init                                 0x08005ed1   Thumb Code   142  rtc.o(.text)
    SweepRobot_Init                          0x08005f69   Thumb Code    96  sweeprobot.o(.text)
    SweepRobot_Stop                          0x08005fc9   Thumb Code    46  sweeprobot.o(.text)
    SweepRobot_StartupInit                   0x08005ff7   Thumb Code   452  sweeprobot.o(.text)
    SweepRobot_StartupAbort                  0x080061bb   Thumb Code    96  sweeprobot.o(.text)
    SweepRobot_AutoModeProc                  0x0800621b   Thumb Code    62  sweeprobot.o(.text)
    SweepRobot_IdleStateSync                 0x08006259   Thumb Code    58  sweeprobot.o(.text)
    SweepRobot_MotionMsgProc                 0x08006293   Thumb Code    98  sweeprobot.o(.text)
    SweepRobot_PwrStationMsgProc             0x080062f5   Thumb Code  2068  sweeprobot.o(.text)
    SweepRobot_HomingInit                    0x08006b09   Thumb Code    82  sweeprobot.o(.text)
    SweepRobot_ManualModeProc                0x08006b5b   Thumb Code   166  sweeprobot.o(.text)
    SweepRobot_EdgeModeProc                  0x08006c01   Thumb Code    50  sweeprobot.o(.text)
    SweepRobot_SpotModeProc                  0x08006c33   Thumb Code    50  sweeprobot.o(.text)
    SweepRobot_CtrlMsgProc                   0x08006c65   Thumb Code   196  sweeprobot.o(.text)
    SweepRobot_HomingSuccess                 0x08006d29   Thumb Code    56  sweeprobot.o(.text)
    SweepRobot_SoftwareReset                 0x08006d61   Thumb Code     4  sweeprobot.o(.text)
    SweepRobot_BMMsgProc                     0x08006d65   Thumb Code   164  sweeprobot.o(.text)
    SweepRobot_PMMsgProc                     0x08006e09   Thumb Code    72  sweeprobot.o(.text)
    SweepRobot_Start                         0x08006e51   Thumb Code   208  sweeprobot.o(.text)
    SweepRobot_StartupComplete               0x08006f21   Thumb Code    52  sweeprobot.o(.text)
    SweepRobot_SendMsg                       0x08006f55   Thumb Code    28  sweeprobot.o(.text)
    uDelay                                   0x08006fb9   Thumb Code    60  delay.o(.text)
    mDelay                                   0x08006ff5   Thumb Code    62  delay.o(.text)
    sDelay                                   0x08007033   Thumb Code    26  delay.o(.text)
    plat_int_reg_cb                          0x0800704d   Thumb Code    24  stm32f10x_it.o(.text)
    plat_int_dereg_cb                        0x08007065   Thumb Code    24  stm32f10x_it.o(.text)
    NMI_Handler                              0x0800707d   Thumb Code     2  stm32f10x_it.o(.text)
    HardFault_Handler                        0x0800707f   Thumb Code     4  stm32f10x_it.o(.text)
    MemManage_Handler                        0x08007083   Thumb Code     4  stm32f10x_it.o(.text)
    BusFault_Handler                         0x08007087   Thumb Code     4  stm32f10x_it.o(.text)
    UsageFault_Handler                       0x0800708b   Thumb Code     4  stm32f10x_it.o(.text)
    SVC_Handler                              0x0800708f   Thumb Code     2  stm32f10x_it.o(.text)
    DebugMon_Handler                         0x08007091   Thumb Code     2  stm32f10x_it.o(.text)
    PendSV_Handler                           0x08007093   Thumb Code     2  stm32f10x_it.o(.text)
    SysTick_Handler                          0x08007095   Thumb Code    16  stm32f10x_it.o(.text)
    RTC_IRQHandler                           0x080070a5   Thumb Code    64  stm32f10x_it.o(.text)
    TIM1_UP_IRQHandler                       0x080070e5   Thumb Code    40  stm32f10x_it.o(.text)
    TIM2_IRQHandler                          0x0800710d   Thumb Code    38  stm32f10x_it.o(.text)
    TIM3_IRQHandler                          0x08007133   Thumb Code    38  stm32f10x_it.o(.text)
    TIM4_IRQHandler                          0x08007159   Thumb Code    38  stm32f10x_it.o(.text)
    TIM5_IRQHandler                          0x0800717f   Thumb Code    38  stm32f10x_it.o(.text)
    TIM6_IRQHandler                          0x080071a5   Thumb Code    38  stm32f10x_it.o(.text)
    TIM7_IRQHandler                          0x080071cb   Thumb Code    38  stm32f10x_it.o(.text)
    USART1_IRQHandler                        0x080071f1   Thumb Code    20  stm32f10x_it.o(.text)
    USART2_IRQHandler                        0x08007205   Thumb Code    20  stm32f10x_it.o(.text)
    UART4_IRQHandler                         0x08007219   Thumb Code    20  stm32f10x_it.o(.text)
    EXTI0_IRQHandler                         0x0800722d   Thumb Code    30  stm32f10x_it.o(.text)
    EXTI1_IRQHandler                         0x0800724b   Thumb Code    30  stm32f10x_it.o(.text)
    EXTI2_IRQHandler                         0x08007269   Thumb Code    30  stm32f10x_it.o(.text)
    EXTI3_IRQHandler                         0x08007287   Thumb Code    30  stm32f10x_it.o(.text)
    EXTI4_IRQHandler                         0x080072a5   Thumb Code    30  stm32f10x_it.o(.text)
    EXTI9_5_IRQHandler                       0x080072c3   Thumb Code   162  stm32f10x_it.o(.text)
    EXTI15_10_IRQHandler                     0x08007365   Thumb Code   236  stm32f10x_it.o(.text)
    USB_LP_CAN1_RX0_IRQHandler               0x08007451   Thumb Code    16  stm32f10x_it.o(.text)
    USART1_Config                            0x08007465   Thumb Code   114  usart.o(.text)
    USART2_Config                            0x080074d7   Thumb Code   116  usart.o(.text)
    UART4_Config                             0x0800754b   Thumb Code   120  usart.o(.text)
    fputc                                    0x080075c3   Thumb Code    32  usart.o(.text)
    fgetc                                    0x080075e3   Thumb Code    26  usart.o(.text)
    __aeabi_memcpy                           0x08007611   Thumb Code    36  memcpya.o(.text)
    __aeabi_memcpy4                          0x08007611   Thumb Code     0  memcpya.o(.text)
    __aeabi_memcpy8                          0x08007611   Thumb Code     0  memcpya.o(.text)
    __aeabi_memset                           0x08007635   Thumb Code    14  memseta.o(.text)
    __aeabi_memset4                          0x08007635   Thumb Code     0  memseta.o(.text)
    __aeabi_memset8                          0x08007635   Thumb Code     0  memseta.o(.text)
    __aeabi_memclr                           0x08007643   Thumb Code     4  memseta.o(.text)
    __aeabi_memclr4                          0x08007643   Thumb Code     0  memseta.o(.text)
    __aeabi_memclr8                          0x08007643   Thumb Code     0  memseta.o(.text)
    _memset$wrapper                          0x08007647   Thumb Code    18  memseta.o(.text)
    __aeabi_fmul                             0x08007659   Thumb Code   100  fmul.o(.text)
    __aeabi_fdiv                             0x080076bd   Thumb Code   124  fdiv.o(.text)
    __aeabi_ui2f                             0x08007739   Thumb Code    10  ffltui.o(.text)
    __aeabi_f2uiz                            0x08007743   Thumb Code    40  ffixui.o(.text)
    __aeabi_uidiv                            0x0800776b   Thumb Code     0  uidiv.o(.text)
    __aeabi_uidivmod                         0x0800776b   Thumb Code    44  uidiv.o(.text)
    __I$use$fp                               0x08007797   Thumb Code     0  iusefp.o(.text)
    _float_round                             0x08007797   Thumb Code    18  fepilogue.o(.text)
    _float_epilogue                          0x080077a9   Thumb Code    92  fepilogue.o(.text)
    __scatterload                            0x08007805   Thumb Code    28  init.o(.text)
    __scatterload_rt2                        0x08007805   Thumb Code     0  init.o(.text)
    __0printf$1                              0x08007829   Thumb Code    22  printf1.o(i.__0printf$1)
    __1printf$1                              0x08007829   Thumb Code     0  printf1.o(i.__0printf$1)
    __2printf                                0x08007829   Thumb Code     0  printf1.o(i.__0printf$1)
    __scatterload_copy                       0x08007849   Thumb Code    14  handlers.o(i.__scatterload_copy)
    __scatterload_null                       0x08007857   Thumb Code     2  handlers.o(i.__scatterload_null)
    __scatterload_zeroinit                   0x08007859   Thumb Code    14  handlers.o(i.__scatterload_zeroinit)
    free                                     0x080079bd   Thumb Code    76  malloc.o(i.free)
    malloc                                   0x08007a0d   Thumb Code    92  malloc.o(i.malloc)
    LEDS                                     0x08007a78   Data          36  ctrlpanel.o(.constdata)
    gProximityDetectionThreshold             0x08007a9c   Data          12  motionctrl.o(.constdata)
    gHighLightDetectionThreshold             0x08007aa8   Data          12  motionctrl.o(.constdata)
    Region$$Table$$Base                      0x08007bbc   Number         0  anon$$obj.o(Region$$Table)
    Region$$Table$$Limit                     0x08007bdc   Number         0  anon$$obj.o(Region$$Table)
    SystemCoreClock                          0x20000000   Data           4  system_stm32f10x.o(.data)
    AHBPrescTable                            0x20000004   Data          16  system_stm32f10x.o(.data)
    gBM_Cond                                 0x20000028   Data           3  batterymanage.o(.data)
    KeyListHead                              0x20000064   Data           4  key.o(.data)
    gActSeqDepth                             0x200000b2   Data           1  motionctrl.o(.data)
    gActSeqDepLIndicator                     0x200000b3   Data           1  motionctrl.o(.data)
    gActSeqDepRIndicator                     0x200000b4   Data           1  motionctrl.o(.data)
    gSystemIdleCnt                           0x200000ca   Data           1  pwrmanagement.o(.data)
    gRobotState                              0x200000cc   Data           1  sweeprobot.o(.data)
    gRobotMode                               0x200000cd   Data           1  sweeprobot.o(.data)
    gRobotModeLast                           0x200000ce   Data           1  sweeprobot.o(.data)
    gHomingStage                             0x200000d4   Data           1  sweeprobot.o(.data)
    __stdout                                 0x200000e0   Data           4  stdout.o(.data)
    __microlib_freelist                      0x200000e4   Data           4  mvars.o(.data)
    __microlib_freelist_initialised          0x200000e8   Data           4  mvars.o(.data)
    ADCConvertedLSB                          0x2000012a   Data          28  measurement.o(.bss)
    gActSequence                             0x20000148   Data         240  motionctrl.o(.bss)
    __heap_base                              0x200003a0   Data           0  startup_stm32f10x_hd.o(HEAP)
    __heap_limit                             0x200005a0   Data           0  startup_stm32f10x_hd.o(HEAP)
    __initial_sp                             0x200009a0   Data           0  startup_stm32f10x_hd.o(STACK)



==============================================================================

Memory Map of the image

  Image Entry point : 0x08000131

  Load Region LR_IROM1 (Base: 0x08000000, Size: 0x00007cc8, Max: 0x00040000, ABSOLUTE)

    Execution Region ER_IROM1 (Base: 0x08000000, Size: 0x00007bdc, Max: 0x00040000, ABSOLUTE)

    Base Addr    Size         Type   Attr      Idx    E Section Name        Object

    0x08000000   0x00000130   Data   RO            3    RESET               startup_stm32f10x_hd.o
    0x08000130   0x00000000   Code   RO          799  * .ARM.Collect$$$$00000000  mc_w.l(entry.o)
    0x08000130   0x00000004   Code   RO         1105    .ARM.Collect$$$$00000001  mc_w.l(entry2.o)
    0x08000134   0x00000004   Code   RO         1108    .ARM.Collect$$$$00000004  mc_w.l(entry5.o)
    0x08000138   0x00000000   Code   RO         1110    .ARM.Collect$$$$00000008  mc_w.l(entry7b.o)
    0x08000138   0x00000000   Code   RO         1112    .ARM.Collect$$$$0000000A  mc_w.l(entry8b.o)
    0x08000138   0x00000008   Code   RO         1113    .ARM.Collect$$$$0000000B  mc_w.l(entry9a.o)
    0x08000140   0x00000000   Code   RO         1115    .ARM.Collect$$$$0000000D  mc_w.l(entry10a.o)
    0x08000140   0x00000000   Code   RO         1117    .ARM.Collect$$$$0000000F  mc_w.l(entry11a.o)
    0x08000140   0x00000004   Code   RO         1106    .ARM.Collect$$$$00002712  mc_w.l(entry2.o)
    0x08000144   0x00000024   Code   RO            4    .text               startup_stm32f10x_hd.o
    0x08000168   0x000001e0   Code   RO           24    .text               system_stm32f10x.o
    0x08000348   0x000000dc   Code   RO          134    .text               misc.o
    0x08000424   0x0000044e   Code   RO          150    .text               stm32f10x_adc.o
    0x08000872   0x00000002   PAD
    0x08000874   0x000000c4   Code   RO          162    .text               stm32f10x_bkp.o
    0x08000938   0x00000254   Code   RO          234    .text               stm32f10x_dma.o
    0x08000b8c   0x0000011c   Code   RO          246    .text               stm32f10x_exti.o
    0x08000ca8   0x0000035c   Code   RO          282    .text               stm32f10x_gpio.o
    0x08001004   0x000000cc   Code   RO          318    .text               stm32f10x_pwr.o
    0x080010d0   0x000003a4   Code   RO          330    .text               stm32f10x_rcc.o
    0x08001474   0x00000160   Code   RO          344    .text               stm32f10x_rtc.o
    0x080015d4   0x00000e1a   Code   RO          380    .text               stm32f10x_tim.o
    0x080023ee   0x00000002   PAD
    0x080023f0   0x00000408   Code   RO          392    .text               stm32f10x_usart.o
    0x080027f8   0x000004c8   Code   RO          416    .text               batterymanage.o
    0x08002cc0   0x000001a0   Code   RO          476    .text               buzzer.o
    0x08002e60   0x0000020c   Code   RO          493    .text               ctrlpanel.o
    0x0800306c   0x0000030c   Code   RO          519    .text               irda.o
    0x08003378   0x000001c8   Code   RO          547    .text               key.o
    0x08003540   0x00000026   Code   RO          581    .text               main.o
    0x08003566   0x00000002   PAD
    0x08003568   0x000002b0   Code   RO          596    .text               measurement.o
    0x08003818   0x00001dc0   Code   RO          614    .text               motionctrl.o
    0x080055d8   0x00000200   Code   RO          638    .text               motorctrl.o
    0x080057d8   0x000000b0   Code   RO          655    .text               msgqueue.o
    0x08005888   0x00000390   Code   RO          674    .text               pwm.o
    0x08005c18   0x000000e4   Code   RO          688    .text               pwrmanagement.o
    0x08005cfc   0x0000026c   Code   RO          712    .text               rtc.o
    0x08005f68   0x00001050   Code   RO          727    .text               sweeprobot.o
    0x08006fb8   0x00000094   Code   RO          755    .text               delay.o
    0x0800704c   0x00000418   Code   RO          770    .text               stm32f10x_it.o
    0x08007464   0x000001ac   Code   RO          784    .text               usart.o
    0x08007610   0x00000024   Code   RO          802    .text               mc_w.l(memcpya.o)
    0x08007634   0x00000024   Code   RO          804    .text               mc_w.l(memseta.o)
    0x08007658   0x00000064   Code   RO         1097    .text               mf_w.l(fmul.o)
    0x080076bc   0x0000007c   Code   RO         1099    .text               mf_w.l(fdiv.o)
    0x08007738   0x0000000a   Code   RO         1101    .text               mf_w.l(ffltui.o)
    0x08007742   0x00000028   Code   RO         1103    .text               mf_w.l(ffixui.o)
    0x0800776a   0x0000002c   Code   RO         1120    .text               mc_w.l(uidiv.o)
    0x08007796   0x00000000   Code   RO         1126    .text               mc_w.l(iusefp.o)
    0x08007796   0x0000006e   Code   RO         1127    .text               mf_w.l(fepilogue.o)
    0x08007804   0x00000024   Code   RO         1139    .text               mc_w.l(init.o)
    0x08007828   0x00000020   Code   RO          853    i.__0printf$1       mc_w.l(printf1.o)
    0x08007848   0x0000000e   Code   RO         1151    i.__scatterload_copy  mc_w.l(handlers.o)
    0x08007856   0x00000002   Code   RO         1152    i.__scatterload_null  mc_w.l(handlers.o)
    0x08007858   0x0000000e   Code   RO         1153    i.__scatterload_zeroinit  mc_w.l(handlers.o)
    0x08007866   0x00000002   PAD
    0x08007868   0x00000154   Code   RO          860    i._printf_core      mc_w.l(printf1.o)
    0x080079bc   0x00000050   Code   RO         1069    i.free              mc_w.l(malloc.o)
    0x08007a0c   0x0000006c   Code   RO         1070    i.malloc            mc_w.l(malloc.o)
    0x08007a78   0x00000024   Data   RO          494    .constdata          ctrlpanel.o
    0x08007a9c   0x00000018   Data   RO          616    .constdata          motionctrl.o
    0x08007ab4   0x00000048   Data   RO          639    .constdata          motorctrl.o
    0x08007afc   0x000000a0   Data   RO          675    .constdata          pwm.o
    0x08007b9c   0x00000020   Data   RO          729    .constdata          sweeprobot.o
    0x08007bbc   0x00000020   Data   RO         1149    Region$$Table       anon$$obj.o


    Execution Region RW_IRAM1 (Base: 0x20000000, Size: 0x000009a0, Max: 0x0000c000, ABSOLUTE)

    Base Addr    Size         Type   Attr      Idx    E Section Name        Object

    0x20000000   0x00000014   Data   RW           25    .data               system_stm32f10x.o
    0x20000014   0x00000014   Data   RW          331    .data               stm32f10x_rcc.o
    0x20000028   0x00000012   Data   RW          418    .data               batterymanage.o
    0x2000003a   0x00000006   Data   RW          477    .data               buzzer.o
    0x20000040   0x00000009   Data   RW          495    .data               ctrlpanel.o
    0x20000049   0x00000016   Data   RW          521    .data               irda.o
    0x2000005f   0x00000001   PAD
    0x20000060   0x00000008   Data   RW          548    .data               key.o
    0x20000068   0x00000062   Data   RW          617    .data               motionctrl.o
    0x200000ca   0x00000001   Data   RW          689    .data               pwrmanagement.o
    0x200000cb   0x00000001   PAD
    0x200000cc   0x00000012   Data   RW          730    .data               sweeprobot.o
    0x200000de   0x00000002   PAD
    0x200000e0   0x00000004   Data   RW         1119    .data               mc_w.l(stdout.o)
    0x200000e4   0x00000004   Data   RW         1124    .data               mc_w.l(mvars.o)
    0x200000e8   0x00000004   Data   RW         1125    .data               mc_w.l(mvars.o)
    0x200000ec   0x00000020   Zero   RW          417    .bss                batterymanage.o
    0x2000010c   0x0000001e   Zero   RW          520    .bss                irda.o
    0x2000012a   0x0000001c   Zero   RW          597    .bss                measurement.o
    0x20000146   0x00000002   PAD
    0x20000148   0x00000108   Zero   RW          615    .bss                motionctrl.o
    0x20000250   0x00000014   Zero   RW          728    .bss                sweeprobot.o
    0x20000264   0x0000013c   Zero   RW          771    .bss                stm32f10x_it.o
    0x200003a0   0x00000200   Zero   RW            2    HEAP                startup_stm32f10x_hd.o
    0x200005a0   0x00000400   Zero   RW            1    STACK               startup_stm32f10x_hd.o


==============================================================================

Image component sizes


      Code (inc. data)   RO Data    RW Data    ZI Data      Debug   Object Name

      1224         76          0         18         32      20019   batterymanage.o
       416         20          0          6          0       2230   buzzer.o
         0          0          0          0          0       4272   core_cm3.o
       524         32         36          9          0       5372   ctrlpanel.o
       148          0          0          0          0       1259   delay.o
       780         48          0         22         30       8438   irda.o
       456         18          0          8          0       5473   key.o
        38          0          0          0          0        451   main.o
       688         24          0          0         28       1739   measurement.o
       220         22          0          0          0       1913   misc.o
      7616        594         24         98        264      22136   motionctrl.o
       512          8         72          0          0       3632   motorctrl.o
       176          0          0          0          0       9157   msgqueue.o
       912         22        160          0          0       2951   pwm.o
       228          8          0          1          0       3434   pwrmanagement.o
       620         10          0          0          0       2119   rtc.o
        36          8        304          0       1536        936   startup_stm32f10x_hd.o
      1102         26          0          0          0      10953   stm32f10x_adc.o
       196          8          0          0          0       3576   stm32f10x_bkp.o
       596          8          0          0          0       4442   stm32f10x_dma.o
       284         10          0          0          0       2347   stm32f10x_exti.o
       860         38          0          0          0       5761   stm32f10x_gpio.o
      1048         32          0          0        316       5443   stm32f10x_it.o
       204         14          0          0          0       1963   stm32f10x_pwr.o
       932         36          0         20          0       8960   stm32f10x_rcc.o
       352          6          0          0          0       2858   stm32f10x_rtc.o
      3610         88          0          0          0      22244   stm32f10x_tim.o
      1032         22          0          0          0       8484   stm32f10x_usart.o
      4176        240         32         18         20      24110   sweeprobot.o
       480         38          0         20          0     277543   system_stm32f10x.o
       428         20          0          0          0       1543   usart.o

    ----------------------------------------------------------------------
     29900       1476        660        224       2228     475758   Object Totals
         0          0         32          0          0          0   (incl. Generated)
         6          0          0          4          2          0   (incl. Padding)

    ----------------------------------------------------------------------

      Code (inc. data)   RO Data    RW Data    ZI Data      Debug   Library Member Name

         0          0          0          0          0          0   entry.o
         0          0          0          0          0          0   entry10a.o
         0          0          0          0          0          0   entry11a.o
         8          4          0          0          0          0   entry2.o
         4          0          0          0          0          0   entry5.o
         0          0          0          0          0          0   entry7b.o
         0          0          0          0          0          0   entry8b.o
         8          4          0          0          0          0   entry9a.o
        30          0          0          0          0          0   handlers.o
        36          8          0          0          0         68   init.o
         0          0          0          0          0          0   iusefp.o
       188         20          0          0          0        160   malloc.o
        36          0          0          0          0         68   memcpya.o
        36          0          0          0          0        108   memseta.o
         0          0          0          8          0          0   mvars.o
       372         14          0          0          0        184   printf1.o
         0          0          0          4          0          0   stdout.o
        44          0          0          0          0         80   uidiv.o
       124          0          0          0          0         88   fdiv.o
       110          0          0          0          0        168   fepilogue.o
        40          0          0          0          0         68   ffixui.o
        10          0          0          0          0         68   ffltui.o
       100          0          0          0          0         76   fmul.o

    ----------------------------------------------------------------------
      1148         50          0         12          0       1136   Library Totals
         2          0          0          0          0          0   (incl. Padding)

    ----------------------------------------------------------------------

      Code (inc. data)   RO Data    RW Data    ZI Data      Debug   Library Name

       762         50          0         12          0        668   mc_w.l
       384          0          0          0          0        468   mf_w.l

    ----------------------------------------------------------------------
      1148         50          0         12          0       1136   Library Totals

    ----------------------------------------------------------------------

==============================================================================


      Code (inc. data)   RO Data    RW Data    ZI Data      Debug   

     31048       1526        660        236       2228     473406   Grand Totals
     31048       1526        660        236       2228     473406   ELF Image Totals
     31048       1526        660        236          0          0   ROM Totals

==============================================================================

    Total RO  Size (Code + RO Data)                31708 (  30.96kB)
    Total RW  Size (RW Data + ZI Data)              2464 (   2.41kB)
    Total ROM Size (Code + RO Data + RW Data)      31944 (  31.20kB)

==============================================================================

